CRITICAL - 2022-08-31 04:10:03 --> Object of class CodeIgniter\Database\MySQLi\Result could not be converted to string
in APPPATH\Models\Engine.php on line 24.
 1 APPPATH\Controllers\Dashboard.php(19): App\Models\Engine->getGeneratedReference([...])
 2 SYSTEMPATH\CodeIgniter.php(896): App\Controllers\Dashboard->index()
 3 SYSTEMPATH\CodeIgniter.php(466): CodeIgniter\CodeIgniter->runController(Object(App\Controllers\Dashboard))
 4 SYSTEMPATH\CodeIgniter.php(349): CodeIgniter\CodeIgniter->handleRequest(null, Object(Config\Cache), false)
 5 FCPATH\index.php(57): CodeIgniter\CodeIgniter->run()
CRITICAL - 2022-08-31 04:27:45 --> Object of class CodeIgniter\Database\MySQLi\Result could not be converted to string
in APPPATH\Models\Engine.php on line 24.
 1 APPPATH\Controllers\Dashboard.php(19): App\Models\Engine->getGeneratedReference([...])
 2 SYSTEMPATH\CodeIgniter.php(896): App\Controllers\Dashboard->index()
 3 SYSTEMPATH\CodeIgniter.php(466): CodeIgniter\CodeIgniter->runController(Object(App\Controllers\Dashboard))
 4 SYSTEMPATH\CodeIgniter.php(349): CodeIgniter\CodeIgniter->handleRequest(null, Object(Config\Cache), false)
 5 FCPATH\index.php(57): CodeIgniter\CodeIgniter->run()
CRITICAL - 2022-08-31 04:29:04 --> Object of class CodeIgniter\Database\MySQLi\Result could not be converted to string
in APPPATH\Models\Engine.php on line 24.
 1 APPPATH\Controllers\Dashboard.php(19): App\Models\Engine->getGeneratedReference([...])
 2 SYSTEMPATH\CodeIgniter.php(896): App\Controllers\Dashboard->index()
 3 SYSTEMPATH\CodeIgniter.php(466): CodeIgniter\CodeIgniter->runController(Object(App\Controllers\Dashboard))
 4 SYSTEMPATH\CodeIgniter.php(349): CodeIgniter\CodeIgniter->handleRequest(null, Object(Config\Cache), false)
 5 FCPATH\index.php(57): CodeIgniter\CodeIgniter->run()
CRITICAL - 2022-08-31 04:38:32 --> Object of class CodeIgniter\Database\MySQLi\Result could not be converted to string
in APPPATH\Models\Engine.php on line 24.
 1 APPPATH\Controllers\Dashboard.php(19): App\Models\Engine->getGeneratedReference([...])
 2 SYSTEMPATH\CodeIgniter.php(896): App\Controllers\Dashboard->index()
 3 SYSTEMPATH\CodeIgniter.php(466): CodeIgniter\CodeIgniter->runController(Object(App\Controllers\Dashboard))
 4 SYSTEMPATH\CodeIgniter.php(349): CodeIgniter\CodeIgniter->handleRequest(null, Object(Config\Cache), false)
 5 FCPATH\index.php(57): CodeIgniter\CodeIgniter->run()
CRITICAL - 2022-08-31 04:40:31 --> Undefined variable: q1
in APPPATH\Models\Engine.php on line 24.
 1 APPPATH\Models\Engine.php(24): CodeIgniter\Debug\Exceptions->errorHandler(8, 'Undefined variable: q1', 'APPPATH\\Models\\Engine.php', 24, [...])
 2 APPPATH\Controllers\Dashboard.php(19): App\Models\Engine->getGeneratedReference([...])
 3 SYSTEMPATH\CodeIgniter.php(896): App\Controllers\Dashboard->index()
 4 SYSTEMPATH\CodeIgniter.php(466): CodeIgniter\CodeIgniter->runController(Object(App\Controllers\Dashboard))
 5 SYSTEMPATH\CodeIgniter.php(349): CodeIgniter\CodeIgniter->handleRequest(null, Object(Config\Cache), false)
 6 FCPATH\index.php(57): CodeIgniter\CodeIgniter->run()
CRITICAL - 2022-08-31 04:40:32 --> Undefined variable: q1
in APPPATH\Models\Engine.php on line 24.
 1 APPPATH\Models\Engine.php(24): CodeIgniter\Debug\Exceptions->errorHandler(8, 'Undefined variable: q1', 'APPPATH\\Models\\Engine.php', 24, [...])
 2 APPPATH\Controllers\Dashboard.php(19): App\Models\Engine->getGeneratedReference([...])
 3 SYSTEMPATH\CodeIgniter.php(896): App\Controllers\Dashboard->index()
 4 SYSTEMPATH\CodeIgniter.php(466): CodeIgniter\CodeIgniter->runController(Object(App\Controllers\Dashboard))
 5 SYSTEMPATH\CodeIgniter.php(349): CodeIgniter\CodeIgniter->handleRequest(null, Object(Config\Cache), false)
 6 FCPATH\index.php(57): CodeIgniter\CodeIgniter->run()
CRITICAL - 2022-08-31 04:40:56 --> Undefined variable: q1
in APPPATH\Models\Engine.php on line 24.
 1 APPPATH\Models\Engine.php(24): CodeIgniter\Debug\Exceptions->errorHandler(8, 'Undefined variable: q1', 'APPPATH\\Models\\Engine.php', 24, [...])
 2 APPPATH\Controllers\Dashboard.php(19): App\Models\Engine->getGeneratedReference([...])
 3 SYSTEMPATH\CodeIgniter.php(896): App\Controllers\Dashboard->index()
 4 SYSTEMPATH\CodeIgniter.php(466): CodeIgniter\CodeIgniter->runController(Object(App\Controllers\Dashboard))
 5 SYSTEMPATH\CodeIgniter.php(349): CodeIgniter\CodeIgniter->handleRequest(null, Object(Config\Cache), false)
 6 FCPATH\index.php(57): CodeIgniter\CodeIgniter->run()
CRITICAL - 2022-08-31 06:40:41 --> Undefined index: rstatus0
in APPPATH\Models\Engine.php on line 12.
 1 APPPATH\Models\Engine.php(12): CodeIgniter\Debug\Exceptions->errorHandler(8, 'Undefined index: rstatus0', 'APPPATH\\Models\\Engine.php', 12, [...])
 2 APPPATH\Controllers\Dashboard.php(19): App\Models\Engine->getGeneratedReference([...])
 3 SYSTEMPATH\CodeIgniter.php(896): App\Controllers\Dashboard->index()
 4 SYSTEMPATH\CodeIgniter.php(466): CodeIgniter\CodeIgniter->runController(Object(App\Controllers\Dashboard))
 5 SYSTEMPATH\CodeIgniter.php(349): CodeIgniter\CodeIgniter->handleRequest(null, Object(Config\Cache), false)
 6 FCPATH\index.php(57): CodeIgniter\CodeIgniter->run()
CRITICAL - 2022-08-31 07:23:04 --> Undefined property: stdClass::$trans_id
in APPPATH\Views\dispUniqueReference.php on line 26.
 1 APPPATH\Views\dispUniqueReference.php(26): CodeIgniter\Debug\Exceptions->errorHandler(8, 'Undefined property: stdClass::$trans_id', 'APPPATH\\Views\\dispUniqueReference.php', 26, [...])
 2 SYSTEMPATH\View\View.php(213): include('APPPATH\\Views\\dispUniqueReference.php')
 3 SYSTEMPATH\View\View.php(216): CodeIgniter\View\View->CodeIgniter\View\{closure}()
 4 SYSTEMPATH\Common.php(1135): CodeIgniter\View\View->render('dispUniqueReference', [], true)
 5 APPPATH\Controllers\Dashboard.php(20): view('dispUniqueReference', [...])
 6 SYSTEMPATH\CodeIgniter.php(896): App\Controllers\Dashboard->index()
 7 SYSTEMPATH\CodeIgniter.php(466): CodeIgniter\CodeIgniter->runController(Object(App\Controllers\Dashboard))
 8 SYSTEMPATH\CodeIgniter.php(349): CodeIgniter\CodeIgniter->handleRequest(null, Object(Config\Cache), false)
 9 FCPATH\index.php(57): CodeIgniter\CodeIgniter->run()
