CRITICAL - 2025-01-28 09:23:02 --> Optional parameter $start declared before required parameter $limit is implicitly treated as a required parameter
in APPPATH\Models\Engine.php on line 1918.
 1 SYSTEMPATH\Autoloader\Autoloader.php(284): CodeIgniter\Debug\Exceptions->errorHandler(8192, 'Optional parameter $start declared before required parameter $limit is implicitly treated as a required parameter', 'APPPATH\\Models\\Engine.php', 1918)
 2 SYSTEMPATH\Autoloader\Autoloader.php(284): include_once()
 3 SYSTEMPATH\Autoloader\Autoloader.php(261): CodeIgniter\Autoloader\Autoloader->includeFile('APPPATH\\Models\\Engine.php')
 4 SYSTEMPATH\Autoloader\Autoloader.php(239): CodeIgniter\Autoloader\Autoloader->loadInNamespace('App\\Models\\Engine')
 5 APPPATH\Controllers\BaseController.php(58): CodeIgniter\Autoloader\Autoloader->loadClass('App\\Models\\Engine')
 6 SYSTEMPATH\CodeIgniter.php(859): App\Controllers\BaseController->initController(Object(CodeIgniter\HTTP\IncomingRequest), Object(CodeIgniter\HTTP\Response), Object(CodeIgniter\Log\Logger))
 7 SYSTEMPATH\CodeIgniter.php(457): CodeIgniter\CodeIgniter->createController()
 8 SYSTEMPATH\CodeIgniter.php(349): CodeIgniter\CodeIgniter->handleRequest(null, Object(Config\Cache), false)
 9 FCPATH\index.php(57): CodeIgniter\CodeIgniter->run()
ERROR - 2025-01-28 09:37:06 --> Column 'pat_id' in where clause is ambiguous
CRITICAL - 2025-01-28 09:37:06 --> Column 'pat_id' in where clause is ambiguous
in SYSTEMPATH\Database\MySQLi\Connection.php on line 292.
 1 SYSTEMPATH\Database\MySQLi\Connection.php(292): mysqli->query('SELECT tb1.wallet_master_id , tb1.master_entry_id , tb1.entry_type , tb1.amount , tb1.start_bal ,
											   tb1.close_bal , tb1.siku , tb2.pat_id , tb2.start_bal AS mstart_bal , tb2.close_bal AS mclose_bal,
											   tb3.reference , tb4.control_num , tb5.other_names  , tb5.sur_name 
										FROM bmc_wallet_master_global tb1	
										INNER JOIN bmc_wallet_master tb2 ON tb2.master_entry_id  = tb1.master_entry_id 
										LEFT JOIN bmc_malipo tb3 on tb3.trans_id = tb2.ext_reference 
										LEFT JOIN bmc_bills tb4 ON tb4.bill_id = tb2.ext_reference
										LEFT JOIN bmc_patient_profile tb5 ON tb5.pat_id = tb2.pat_id  WHERE pat_id = \'187055\' 
										ORDER BY tb1.wallet_master_id  DESC LIMIT 0 , 50 ', 0)
 2 SYSTEMPATH\Database\BaseConnection.php(695): CodeIgniter\Database\MySQLi\Connection->execute('SELECT tb1.wallet_master_id , tb1.master_entry_id , tb1.entry_type , tb1.amount , tb1.start_bal ,
											   tb1.close_bal , tb1.siku , tb2.pat_id , tb2.start_bal AS mstart_bal , tb2.close_bal AS mclose_bal,
											   tb3.reference , tb4.control_num , tb5.other_names  , tb5.sur_name 
										FROM bmc_wallet_master_global tb1	
										INNER JOIN bmc_wallet_master tb2 ON tb2.master_entry_id  = tb1.master_entry_id 
										LEFT JOIN bmc_malipo tb3 on tb3.trans_id = tb2.ext_reference 
										LEFT JOIN bmc_bills tb4 ON tb4.bill_id = tb2.ext_reference
										LEFT JOIN bmc_patient_profile tb5 ON tb5.pat_id = tb2.pat_id  WHERE pat_id = \'187055\' 
										ORDER BY tb1.wallet_master_id  DESC LIMIT 0 , 50 ')
 3 SYSTEMPATH\Database\BaseConnection.php(609): CodeIgniter\Database\BaseConnection->simpleQuery('SELECT tb1.wallet_master_id , tb1.master_entry_id , tb1.entry_type , tb1.amount , tb1.start_bal ,
											   tb1.close_bal , tb1.siku , tb2.pat_id , tb2.start_bal AS mstart_bal , tb2.close_bal AS mclose_bal,
											   tb3.reference , tb4.control_num , tb5.other_names  , tb5.sur_name 
										FROM bmc_wallet_master_global tb1	
										INNER JOIN bmc_wallet_master tb2 ON tb2.master_entry_id  = tb1.master_entry_id 
										LEFT JOIN bmc_malipo tb3 on tb3.trans_id = tb2.ext_reference 
										LEFT JOIN bmc_bills tb4 ON tb4.bill_id = tb2.ext_reference
										LEFT JOIN bmc_patient_profile tb5 ON tb5.pat_id = tb2.pat_id  WHERE pat_id = \'187055\' 
										ORDER BY tb1.wallet_master_id  DESC LIMIT 0 , 50 ')
 4 APPPATH\Models\Engine.php(1934): CodeIgniter\Database\BaseConnection->query('SELECT tb1.wallet_master_id , tb1.master_entry_id , tb1.entry_type , tb1.amount , tb1.start_bal ,
											   tb1.close_bal , tb1.siku , tb2.pat_id , tb2.start_bal AS mstart_bal , tb2.close_bal AS mclose_bal,
											   tb3.reference , tb4.control_num , tb5.other_names  , tb5.sur_name 
										FROM bmc_wallet_master_global tb1	
										INNER JOIN bmc_wallet_master tb2 ON tb2.master_entry_id  = tb1.master_entry_id 
										LEFT JOIN bmc_malipo tb3 on tb3.trans_id = tb2.ext_reference 
										LEFT JOIN bmc_bills tb4 ON tb4.bill_id = tb2.ext_reference
										LEFT JOIN bmc_patient_profile tb5 ON tb5.pat_id = tb2.pat_id  WHERE pat_id = \'187055\' 
										ORDER BY tb1.wallet_master_id  DESC LIMIT 0 , 50 ')
 5 APPPATH\Views\Patients\record.php(14): App\Models\Engine->getGlobalMasterStatement(0, 0, '187055', 50)
 6 SYSTEMPATH\View\View.php(213): include('APPPATH\\Views\\Patients\\record.php')
 7 SYSTEMPATH\View\View.php(216): CodeIgniter\View\View->CodeIgniter\View\{closure}()
 8 SYSTEMPATH\Common.php(1135): CodeIgniter\View\View->render('Patients/record', [], true)
 9 APPPATH\Controllers\Patients.php(51): view('Patients/record', [...])
10 SYSTEMPATH\CodeIgniter.php(896): App\Controllers\Patients->record(187055)
11 SYSTEMPATH\CodeIgniter.php(466): CodeIgniter\CodeIgniter->runController(Object(App\Controllers\Patients))
12 SYSTEMPATH\CodeIgniter.php(349): CodeIgniter\CodeIgniter->handleRequest(null, Object(Config\Cache), false)
13 FCPATH\index.php(57): CodeIgniter\CodeIgniter->run()
ERROR - 2025-01-28 09:38:06 --> Column 'pat_id' in where clause is ambiguous
CRITICAL - 2025-01-28 09:38:06 --> Column 'pat_id' in where clause is ambiguous
in SYSTEMPATH\Database\MySQLi\Connection.php on line 292.
 1 SYSTEMPATH\Database\MySQLi\Connection.php(292): mysqli->query('SELECT tb1.wallet_master_id , tb1.master_entry_id , tb1.entry_type , tb1.amount , tb1.start_bal ,
											   tb1.close_bal , tb1.siku , tb2.pat_id , tb2.start_bal AS mstart_bal , tb2.close_bal AS mclose_bal,
											   tb3.reference , tb4.control_num , tb5.other_names  , tb5.sur_name 
										FROM bmc_wallet_master_global tb1	
										INNER JOIN bmc_wallet_master tb2 ON tb2.master_entry_id  = tb1.master_entry_id 
										LEFT JOIN bmc_malipo tb3 on tb3.trans_id = tb2.ext_reference 
										LEFT JOIN bmc_bills tb4 ON tb4.bill_id = tb2.ext_reference
										LEFT JOIN bmc_patient_profile tb5 ON tb5.pat_id = tb2.pat_id  WHERE pat_id = \'187055\' 
										ORDER BY tb1.wallet_master_id  DESC LIMIT 0 , 50 ', 0)
 2 SYSTEMPATH\Database\BaseConnection.php(695): CodeIgniter\Database\MySQLi\Connection->execute('SELECT tb1.wallet_master_id , tb1.master_entry_id , tb1.entry_type , tb1.amount , tb1.start_bal ,
											   tb1.close_bal , tb1.siku , tb2.pat_id , tb2.start_bal AS mstart_bal , tb2.close_bal AS mclose_bal,
											   tb3.reference , tb4.control_num , tb5.other_names  , tb5.sur_name 
										FROM bmc_wallet_master_global tb1	
										INNER JOIN bmc_wallet_master tb2 ON tb2.master_entry_id  = tb1.master_entry_id 
										LEFT JOIN bmc_malipo tb3 on tb3.trans_id = tb2.ext_reference 
										LEFT JOIN bmc_bills tb4 ON tb4.bill_id = tb2.ext_reference
										LEFT JOIN bmc_patient_profile tb5 ON tb5.pat_id = tb2.pat_id  WHERE pat_id = \'187055\' 
										ORDER BY tb1.wallet_master_id  DESC LIMIT 0 , 50 ')
 3 SYSTEMPATH\Database\BaseConnection.php(609): CodeIgniter\Database\BaseConnection->simpleQuery('SELECT tb1.wallet_master_id , tb1.master_entry_id , tb1.entry_type , tb1.amount , tb1.start_bal ,
											   tb1.close_bal , tb1.siku , tb2.pat_id , tb2.start_bal AS mstart_bal , tb2.close_bal AS mclose_bal,
											   tb3.reference , tb4.control_num , tb5.other_names  , tb5.sur_name 
										FROM bmc_wallet_master_global tb1	
										INNER JOIN bmc_wallet_master tb2 ON tb2.master_entry_id  = tb1.master_entry_id 
										LEFT JOIN bmc_malipo tb3 on tb3.trans_id = tb2.ext_reference 
										LEFT JOIN bmc_bills tb4 ON tb4.bill_id = tb2.ext_reference
										LEFT JOIN bmc_patient_profile tb5 ON tb5.pat_id = tb2.pat_id  WHERE pat_id = \'187055\' 
										ORDER BY tb1.wallet_master_id  DESC LIMIT 0 , 50 ')
 4 APPPATH\Models\Engine.php(1934): CodeIgniter\Database\BaseConnection->query('SELECT tb1.wallet_master_id , tb1.master_entry_id , tb1.entry_type , tb1.amount , tb1.start_bal ,
											   tb1.close_bal , tb1.siku , tb2.pat_id , tb2.start_bal AS mstart_bal , tb2.close_bal AS mclose_bal,
											   tb3.reference , tb4.control_num , tb5.other_names  , tb5.sur_name 
										FROM bmc_wallet_master_global tb1	
										INNER JOIN bmc_wallet_master tb2 ON tb2.master_entry_id  = tb1.master_entry_id 
										LEFT JOIN bmc_malipo tb3 on tb3.trans_id = tb2.ext_reference 
										LEFT JOIN bmc_bills tb4 ON tb4.bill_id = tb2.ext_reference
										LEFT JOIN bmc_patient_profile tb5 ON tb5.pat_id = tb2.pat_id  WHERE pat_id = \'187055\' 
										ORDER BY tb1.wallet_master_id  DESC LIMIT 0 , 50 ')
 5 APPPATH\Views\Patients\record.php(15): App\Models\Engine->getGlobalMasterStatement(0, 0, '187055', 50)
 6 SYSTEMPATH\View\View.php(213): include('APPPATH\\Views\\Patients\\record.php')
 7 SYSTEMPATH\View\View.php(216): CodeIgniter\View\View->CodeIgniter\View\{closure}()
 8 SYSTEMPATH\Common.php(1135): CodeIgniter\View\View->render('Patients/record', [], true)
 9 APPPATH\Controllers\Patients.php(51): view('Patients/record', [...])
10 SYSTEMPATH\CodeIgniter.php(896): App\Controllers\Patients->record(187055)
11 SYSTEMPATH\CodeIgniter.php(466): CodeIgniter\CodeIgniter->runController(Object(App\Controllers\Patients))
12 SYSTEMPATH\CodeIgniter.php(349): CodeIgniter\CodeIgniter->handleRequest(null, Object(Config\Cache), false)
13 FCPATH\index.php(57): CodeIgniter\CodeIgniter->run()
ERROR - 2025-01-28 09:38:09 --> Column 'pat_id' in where clause is ambiguous
CRITICAL - 2025-01-28 09:38:09 --> Column 'pat_id' in where clause is ambiguous
in SYSTEMPATH\Database\MySQLi\Connection.php on line 292.
 1 SYSTEMPATH\Database\MySQLi\Connection.php(292): mysqli->query('SELECT tb1.wallet_master_id , tb1.master_entry_id , tb1.entry_type , tb1.amount , tb1.start_bal ,
											   tb1.close_bal , tb1.siku , tb2.pat_id , tb2.start_bal AS mstart_bal , tb2.close_bal AS mclose_bal,
											   tb3.reference , tb4.control_num , tb5.other_names  , tb5.sur_name 
										FROM bmc_wallet_master_global tb1	
										INNER JOIN bmc_wallet_master tb2 ON tb2.master_entry_id  = tb1.master_entry_id 
										LEFT JOIN bmc_malipo tb3 on tb3.trans_id = tb2.ext_reference 
										LEFT JOIN bmc_bills tb4 ON tb4.bill_id = tb2.ext_reference
										LEFT JOIN bmc_patient_profile tb5 ON tb5.pat_id = tb2.pat_id  WHERE pat_id = \'187055\' 
										ORDER BY tb1.wallet_master_id  DESC LIMIT 0 , 50 ', 0)
 2 SYSTEMPATH\Database\BaseConnection.php(695): CodeIgniter\Database\MySQLi\Connection->execute('SELECT tb1.wallet_master_id , tb1.master_entry_id , tb1.entry_type , tb1.amount , tb1.start_bal ,
											   tb1.close_bal , tb1.siku , tb2.pat_id , tb2.start_bal AS mstart_bal , tb2.close_bal AS mclose_bal,
											   tb3.reference , tb4.control_num , tb5.other_names  , tb5.sur_name 
										FROM bmc_wallet_master_global tb1	
										INNER JOIN bmc_wallet_master tb2 ON tb2.master_entry_id  = tb1.master_entry_id 
										LEFT JOIN bmc_malipo tb3 on tb3.trans_id = tb2.ext_reference 
										LEFT JOIN bmc_bills tb4 ON tb4.bill_id = tb2.ext_reference
										LEFT JOIN bmc_patient_profile tb5 ON tb5.pat_id = tb2.pat_id  WHERE pat_id = \'187055\' 
										ORDER BY tb1.wallet_master_id  DESC LIMIT 0 , 50 ')
 3 SYSTEMPATH\Database\BaseConnection.php(609): CodeIgniter\Database\BaseConnection->simpleQuery('SELECT tb1.wallet_master_id , tb1.master_entry_id , tb1.entry_type , tb1.amount , tb1.start_bal ,
											   tb1.close_bal , tb1.siku , tb2.pat_id , tb2.start_bal AS mstart_bal , tb2.close_bal AS mclose_bal,
											   tb3.reference , tb4.control_num , tb5.other_names  , tb5.sur_name 
										FROM bmc_wallet_master_global tb1	
										INNER JOIN bmc_wallet_master tb2 ON tb2.master_entry_id  = tb1.master_entry_id 
										LEFT JOIN bmc_malipo tb3 on tb3.trans_id = tb2.ext_reference 
										LEFT JOIN bmc_bills tb4 ON tb4.bill_id = tb2.ext_reference
										LEFT JOIN bmc_patient_profile tb5 ON tb5.pat_id = tb2.pat_id  WHERE pat_id = \'187055\' 
										ORDER BY tb1.wallet_master_id  DESC LIMIT 0 , 50 ')
 4 APPPATH\Models\Engine.php(1934): CodeIgniter\Database\BaseConnection->query('SELECT tb1.wallet_master_id , tb1.master_entry_id , tb1.entry_type , tb1.amount , tb1.start_bal ,
											   tb1.close_bal , tb1.siku , tb2.pat_id , tb2.start_bal AS mstart_bal , tb2.close_bal AS mclose_bal,
											   tb3.reference , tb4.control_num , tb5.other_names  , tb5.sur_name 
										FROM bmc_wallet_master_global tb1	
										INNER JOIN bmc_wallet_master tb2 ON tb2.master_entry_id  = tb1.master_entry_id 
										LEFT JOIN bmc_malipo tb3 on tb3.trans_id = tb2.ext_reference 
										LEFT JOIN bmc_bills tb4 ON tb4.bill_id = tb2.ext_reference
										LEFT JOIN bmc_patient_profile tb5 ON tb5.pat_id = tb2.pat_id  WHERE pat_id = \'187055\' 
										ORDER BY tb1.wallet_master_id  DESC LIMIT 0 , 50 ')
 5 APPPATH\Views\Patients\record.php(15): App\Models\Engine->getGlobalMasterStatement(0, 0, '187055', 50)
 6 SYSTEMPATH\View\View.php(213): include('APPPATH\\Views\\Patients\\record.php')
 7 SYSTEMPATH\View\View.php(216): CodeIgniter\View\View->CodeIgniter\View\{closure}()
 8 SYSTEMPATH\Common.php(1135): CodeIgniter\View\View->render('Patients/record', [], true)
 9 APPPATH\Controllers\Patients.php(51): view('Patients/record', [...])
10 SYSTEMPATH\CodeIgniter.php(896): App\Controllers\Patients->record(187055)
11 SYSTEMPATH\CodeIgniter.php(466): CodeIgniter\CodeIgniter->runController(Object(App\Controllers\Patients))
12 SYSTEMPATH\CodeIgniter.php(349): CodeIgniter\CodeIgniter->handleRequest(null, Object(Config\Cache), false)
13 FCPATH\index.php(57): CodeIgniter\CodeIgniter->run()
