CRITICAL - 2022-08-25 05:00:09 --> Compile Error: Cannot re-assign $this
in APPPATH\Models\Engine.php on line 86.

CRITICAL - 2022-08-25 05:00:38 --> Undefined index: wallet
in APPPATH\Models\Engine.php on line 11.
 1 APPPATH\Models\Engine.php(11): CodeIgniter\Debug\Exceptions->errorHandler(8, 'Undefined index: wallet', 'APPPATH\\Models\\Engine.php', 11, [...])
 2 APPPATH\Controllers\Dashboard.php(27): App\Models\Engine->getGeneratedReference([...])
 3 SYSTEMPATH\CodeIgniter.php(896): App\Controllers\Dashboard->index()
 4 SYSTEMPATH\CodeIgniter.php(466): CodeIgniter\CodeIgniter->runController(Object(App\Controllers\Dashboard))
 5 SYSTEMPATH\CodeIgniter.php(349): CodeIgniter\CodeIgniter->handleRequest(null, Object(Config\Cache), false)
 6 FCPATH\index.php(57): CodeIgniter\CodeIgniter->run()
CRITICAL - 2022-08-25 05:02:23 --> Call to undefined function App\Models\getMweziId()
in APPPATH\Models\Engine.php on line 15.
 1 APPPATH\Controllers\Dashboard.php(27): App\Models\Engine->getGeneratedReference([...])
 2 SYSTEMPATH\CodeIgniter.php(896): App\Controllers\Dashboard->index()
 3 SYSTEMPATH\CodeIgniter.php(466): CodeIgniter\CodeIgniter->runController(Object(App\Controllers\Dashboard))
 4 SYSTEMPATH\CodeIgniter.php(349): CodeIgniter\CodeIgniter->handleRequest(null, Object(Config\Cache), false)
 5 FCPATH\index.php(57): CodeIgniter\CodeIgniter->run()
CRITICAL - 2022-08-25 05:06:52 --> You must set the database table to be used with your query.
in SYSTEMPATH\Database\BaseConnection.php on line 874.
 1 SYSTEMPATH\Model.php(586): CodeIgniter\Database\BaseConnection->table(null)
 2 SYSTEMPATH\Model.php(734): CodeIgniter\Model->builder()
 3 APPPATH\Models\Engine.php(15): CodeIgniter\Model->__get('Engine')
 4 APPPATH\Controllers\Dashboard.php(27): App\Models\Engine->getGeneratedReference([...])
 5 SYSTEMPATH\CodeIgniter.php(896): App\Controllers\Dashboard->index()
 6 SYSTEMPATH\CodeIgniter.php(466): CodeIgniter\CodeIgniter->runController(Object(App\Controllers\Dashboard))
 7 SYSTEMPATH\CodeIgniter.php(349): CodeIgniter\CodeIgniter->handleRequest(null, Object(Config\Cache), false)
 8 FCPATH\index.php(57): CodeIgniter\CodeIgniter->run()
ERROR - 2022-08-25 05:07:33 --> You have an error in your SQL syntax; check the manual that corresponds to your MariaDB server version for the right syntax to use near 'WHERE mwezi_id = '94'  LIMIT 0 , 30' at line 3
CRITICAL - 2022-08-25 05:07:33 --> You have an error in your SQL syntax; check the manual that corresponds to your MariaDB server version for the right syntax to use near 'WHERE mwezi_id = '94'  LIMIT 0 , 30' at line 3
in SYSTEMPATH\Database\MySQLi\Connection.php on line 292.
 1 SYSTEMPATH\Database\MySQLi\Connection.php(292): mysqli->query('SELECT * FROM bmc_pay_tokens tb1 
									   ORDER BY tb1.token_id DESC 
									    WHERE mwezi_id = \'94\'  LIMIT 0 , 30 ', 0)
 2 SYSTEMPATH\Database\BaseConnection.php(695): CodeIgniter\Database\MySQLi\Connection->execute('SELECT * FROM bmc_pay_tokens tb1 
									   ORDER BY tb1.token_id DESC 
									    WHERE mwezi_id = \'94\'  LIMIT 0 , 30 ')
 3 SYSTEMPATH\Database\BaseConnection.php(609): CodeIgniter\Database\BaseConnection->simpleQuery('SELECT * FROM bmc_pay_tokens tb1 
									   ORDER BY tb1.token_id DESC 
									    WHERE mwezi_id = \'94\'  LIMIT 0 , 30 ')
 4 APPPATH\Models\Engine.php(25): CodeIgniter\Database\BaseConnection->query('SELECT * FROM bmc_pay_tokens tb1 
									   ORDER BY tb1.token_id DESC 
									    WHERE mwezi_id = \'94\'  LIMIT 0 , 30 ')
 5 APPPATH\Controllers\Dashboard.php(27): App\Models\Engine->getGeneratedReference([...])
 6 SYSTEMPATH\CodeIgniter.php(896): App\Controllers\Dashboard->index()
 7 SYSTEMPATH\CodeIgniter.php(466): CodeIgniter\CodeIgniter->runController(Object(App\Controllers\Dashboard))
 8 SYSTEMPATH\CodeIgniter.php(349): CodeIgniter\CodeIgniter->handleRequest(null, Object(Config\Cache), false)
 9 FCPATH\index.php(57): CodeIgniter\CodeIgniter->run()
CRITICAL - 2022-08-25 05:08:22 --> Undefined variable: getRefArray
in APPPATH\Models\Engine.php on line 42.
 1 APPPATH\Models\Engine.php(42): CodeIgniter\Debug\Exceptions->errorHandler(8, 'Undefined variable: getRefArray', 'APPPATH\\Models\\Engine.php', 42, [...])
 2 APPPATH\Controllers\Dashboard.php(31): App\Models\Engine->getPaymentData(0)
 3 SYSTEMPATH\CodeIgniter.php(896): App\Controllers\Dashboard->index()
 4 SYSTEMPATH\CodeIgniter.php(466): CodeIgniter\CodeIgniter->runController(Object(App\Controllers\Dashboard))
 5 SYSTEMPATH\CodeIgniter.php(349): CodeIgniter\CodeIgniter->handleRequest(null, Object(Config\Cache), false)
 6 FCPATH\index.php(57): CodeIgniter\CodeIgniter->run()
CRITICAL - 2022-08-25 05:10:06 --> Call to undefined function App\Models\getMweziId()
in APPPATH\Models\Engine.php on line 49.
 1 APPPATH\Controllers\Dashboard.php(31): App\Models\Engine->getPaymentData([...])
 2 SYSTEMPATH\CodeIgniter.php(896): App\Controllers\Dashboard->index()
 3 SYSTEMPATH\CodeIgniter.php(466): CodeIgniter\CodeIgniter->runController(Object(App\Controllers\Dashboard))
 4 SYSTEMPATH\CodeIgniter.php(349): CodeIgniter\CodeIgniter->handleRequest(null, Object(Config\Cache), false)
 5 FCPATH\index.php(57): CodeIgniter\CodeIgniter->run()
CRITICAL - 2022-08-25 05:38:42 --> Call to undefined function App\Models\getMweziId()
in APPPATH\Models\Engine.php on line 50.
 1 APPPATH\Controllers\Dashboard.php(31): App\Models\Engine->getPaymentData([...])
 2 SYSTEMPATH\CodeIgniter.php(896): App\Controllers\Dashboard->index()
 3 SYSTEMPATH\CodeIgniter.php(466): CodeIgniter\CodeIgniter->runController(Object(App\Controllers\Dashboard))
 4 SYSTEMPATH\CodeIgniter.php(349): CodeIgniter\CodeIgniter->handleRequest(null, Object(Config\Cache), false)
 5 FCPATH\index.php(57): CodeIgniter\CodeIgniter->run()
