CRITICAL - 2023-05-30 07:54:20 --> Undefined property: App\Controllers\Malipo::$code
in APPPATH\Controllers\Malipo.php on line 18.
 1 APPPATH\Controllers\Malipo.php(18): CodeIgniter\Debug\Exceptions->errorHandler(8, 'Undefined property: App\\Controllers\\Malipo::$code', 'APPPATH\\Controllers\\Malipo.php', 18, [])
 2 SYSTEMPATH\CodeIgniter.php(896): App\Controllers\Malipo->aipros1()
 3 SYSTEMPATH\CodeIgniter.php(466): CodeIgniter\CodeIgniter->runController(Object(App\Controllers\Malipo))
 4 SYSTEMPATH\CodeIgniter.php(349): CodeIgniter\CodeIgniter->handleRequest(null, Object(Config\Cache), false)
 5 FCPATH\index.php(57): CodeIgniter\CodeIgniter->run()
CRITICAL - 2023-05-30 08:03:37 --> Undefined property: App\Controllers\Malipo::$code
in APPPATH\Controllers\Malipo.php on line 15.
 1 APPPATH\Controllers\Malipo.php(15): CodeIgniter\Debug\Exceptions->errorHandler(8, 'Undefined property: App\\Controllers\\Malipo::$code', 'APPPATH\\Controllers\\Malipo.php', 15, [])
 2 SYSTEMPATH\CodeIgniter.php(896): App\Controllers\Malipo->aipros1()
 3 SYSTEMPATH\CodeIgniter.php(466): CodeIgniter\CodeIgniter->runController(Object(App\Controllers\Malipo))
 4 SYSTEMPATH\CodeIgniter.php(349): CodeIgniter\CodeIgniter->handleRequest(null, Object(Config\Cache), false)
 5 FCPATH\index.php(57): CodeIgniter\CodeIgniter->run()
CRITICAL - 2023-05-30 08:04:14 --> Class 'App\Controllers\SimpleXMLElement' not found
in APPPATH\Controllers\Malipo.php on line 22.
 1 SYSTEMPATH\CodeIgniter.php(896): App\Controllers\Malipo->aipros1()
 2 SYSTEMPATH\CodeIgniter.php(466): CodeIgniter\CodeIgniter->runController(Object(App\Controllers\Malipo))
 3 SYSTEMPATH\CodeIgniter.php(349): CodeIgniter\CodeIgniter->handleRequest(null, Object(Config\Cache), false)
 4 FCPATH\index.php(57): CodeIgniter\CodeIgniter->run()
CRITICAL - 2023-05-30 08:08:37 --> String could not be parsed as XML
in APPPATH\Controllers\Malipo.php on line 22.
 1 APPPATH\Controllers\Malipo.php(22): SimpleXMLElement->__construct('C:\\xampp\\htdocs\\bmc\\public')
 2 SYSTEMPATH\CodeIgniter.php(896): App\Controllers\Malipo->aipros1()
 3 SYSTEMPATH\CodeIgniter.php(466): CodeIgniter\CodeIgniter->runController(Object(App\Controllers\Malipo))
 4 SYSTEMPATH\CodeIgniter.php(349): CodeIgniter\CodeIgniter->handleRequest(null, Object(Config\Cache), false)
 5 FCPATH\index.php(57): CodeIgniter\CodeIgniter->run()
