CRITICAL - 2023-06-13 04:19:05 --> Call to undefined function App\Controllers\isExistingPatID()
in APPPATH\Controllers\Billing.php on line 111.
 1 SYSTEMPATH\CodeIgniter.php(896): App\Controllers\Billing->postnewbill()
 2 SYSTEMPATH\CodeIgniter.php(466): CodeIgniter\CodeIgniter->runController(Object(App\Controllers\Billing))
 3 SYSTEMPATH\CodeIgniter.php(349): CodeIgniter\CodeIgniter->handleRequest(null, Object(Config\Cache), false)
 4 FCPATH\index.php(57): CodeIgniter\CodeIgniter->run()
ERROR - 2023-06-13 04:19:46 --> Unknown column 'id' in 'field list'
CRITICAL - 2023-06-13 04:19:46 --> Unknown column 'id' in 'field list'
in SYSTEMPATH\Database\MySQLi\Connection.php on line 292.
 1 SYSTEMPATH\Database\MySQLi\Connection.php(292): mysqli->query('SELECT id  FROM bmc_patient_profile WHERE pat_id = \'1\' LIMIT 1', 0)
 2 SYSTEMPATH\Database\BaseConnection.php(695): CodeIgniter\Database\MySQLi\Connection->execute('SELECT id  FROM bmc_patient_profile WHERE pat_id = \'1\' LIMIT 1')
 3 SYSTEMPATH\Database\BaseConnection.php(609): CodeIgniter\Database\BaseConnection->simpleQuery('SELECT id  FROM bmc_patient_profile WHERE pat_id = \'1\' LIMIT 1')
 4 APPPATH\Models\Engine.php(864): CodeIgniter\Database\BaseConnection->query('SELECT id  FROM bmc_patient_profile WHERE pat_id = \'1\' LIMIT 1')
 5 APPPATH\Controllers\Billing.php(111): App\Models\Engine->isExistingPatID('1')
 6 SYSTEMPATH\CodeIgniter.php(896): App\Controllers\Billing->postnewbill()
 7 SYSTEMPATH\CodeIgniter.php(466): CodeIgniter\CodeIgniter->runController(Object(App\Controllers\Billing))
 8 SYSTEMPATH\CodeIgniter.php(349): CodeIgniter\CodeIgniter->handleRequest(null, Object(Config\Cache), false)
 9 FCPATH\index.php(57): CodeIgniter\CodeIgniter->run()
CRITICAL - 2023-06-13 04:21:02 --> sizeof(): Parameter must be an array or an object that implements Countable
in APPPATH\Helpers\global_helper.php on line 394.
 1 APPPATH\Helpers\global_helper.php(394): CodeIgniter\Debug\Exceptions->errorHandler(2, 'sizeof(): Parameter must be an array or an object that implements Countable', 'APPPATH\\Helpers\\global_helper.php', 394, [...])
 2 APPPATH\Controllers\Billing.php(129): getValidBillItems('[null,null,null,null,null,null,{"qty":1,"cost":"25000","tax":0,"discount":0,"total":"25000"},{"qty":1,"cost":"50000","tax":0,"discount":0,"total":"50000"}]')
 3 SYSTEMPATH\CodeIgniter.php(896): App\Controllers\Billing->postnewbill()
 4 SYSTEMPATH\CodeIgniter.php(466): CodeIgniter\CodeIgniter->runController(Object(App\Controllers\Billing))
 5 SYSTEMPATH\CodeIgniter.php(349): CodeIgniter\CodeIgniter->handleRequest(null, Object(Config\Cache), false)
 6 FCPATH\index.php(57): CodeIgniter\CodeIgniter->run()
CRITICAL - 2023-06-13 04:24:51 --> sizeof(): Parameter must be an array or an object that implements Countable
in APPPATH\Helpers\global_helper.php on line 394.
 1 APPPATH\Helpers\global_helper.php(394): CodeIgniter\Debug\Exceptions->errorHandler(2, 'sizeof(): Parameter must be an array or an object that implements Countable', 'APPPATH\\Helpers\\global_helper.php', 394, [...])
 2 APPPATH\Controllers\Billing.php(133): getValidBillItems('[null,null,null,null,null,null,null,{"qty":1,"cost":"50000","tax":0,"discount":0,"total":"50000"}]')
 3 SYSTEMPATH\CodeIgniter.php(896): App\Controllers\Billing->postnewbill()
 4 SYSTEMPATH\CodeIgniter.php(466): CodeIgniter\CodeIgniter->runController(Object(App\Controllers\Billing))
 5 SYSTEMPATH\CodeIgniter.php(349): CodeIgniter\CodeIgniter->handleRequest(null, Object(Config\Cache), false)
 6 FCPATH\index.php(57): CodeIgniter\CodeIgniter->run()
CRITICAL - 2023-06-13 04:25:36 --> sizeof(): Parameter must be an array or an object that implements Countable
in APPPATH\Helpers\global_helper.php on line 394.
 1 APPPATH\Helpers\global_helper.php(394): CodeIgniter\Debug\Exceptions->errorHandler(2, 'sizeof(): Parameter must be an array or an object that implements Countable', 'APPPATH\\Helpers\\global_helper.php', 394, [...])
 2 APPPATH\Controllers\Billing.php(133): getValidBillItems('[null,null,null,null,null,null,null,{"qty":1,"cost":"50000","tax":0,"discount":0,"total":"50000"}]')
 3 SYSTEMPATH\CodeIgniter.php(896): App\Controllers\Billing->postnewbill()
 4 SYSTEMPATH\CodeIgniter.php(466): CodeIgniter\CodeIgniter->runController(Object(App\Controllers\Billing))
 5 SYSTEMPATH\CodeIgniter.php(349): CodeIgniter\CodeIgniter->handleRequest(null, Object(Config\Cache), false)
 6 FCPATH\index.php(57): CodeIgniter\CodeIgniter->run()
CRITICAL - 2023-06-13 04:40:35 --> sizeof(): Parameter must be an array or an object that implements Countable
in APPPATH\Helpers\global_helper.php on line 394.
 1 APPPATH\Helpers\global_helper.php(394): CodeIgniter\Debug\Exceptions->errorHandler(2, 'sizeof(): Parameter must be an array or an object that implements Countable', 'APPPATH\\Helpers\\global_helper.php', 394, [...])
 2 APPPATH\Controllers\Billing.php(133): getValidBillItems('[null,null,null,null,null,null,null,{"qty":1,"cost":"50000","tax":0,"discount":0,"total":"50000"}]')
 3 SYSTEMPATH\CodeIgniter.php(896): App\Controllers\Billing->postnewbill()
 4 SYSTEMPATH\CodeIgniter.php(466): CodeIgniter\CodeIgniter->runController(Object(App\Controllers\Billing))
 5 SYSTEMPATH\CodeIgniter.php(349): CodeIgniter\CodeIgniter->handleRequest(null, Object(Config\Cache), false)
 6 FCPATH\index.php(57): CodeIgniter\CodeIgniter->run()
CRITICAL - 2023-06-13 07:34:32 --> Undefined property: App\Controllers\Billing::$db
in APPPATH\Controllers\Billing.php on line 143.
 1 APPPATH\Controllers\Billing.php(143): CodeIgniter\Debug\Exceptions->errorHandler(8, 'Undefined property: App\\Controllers\\Billing::$db', 'APPPATH\\Controllers\\Billing.php', 143, [...])
 2 SYSTEMPATH\CodeIgniter.php(896): App\Controllers\Billing->postnewbill()
 3 SYSTEMPATH\CodeIgniter.php(466): CodeIgniter\CodeIgniter->runController(Object(App\Controllers\Billing))
 4 SYSTEMPATH\CodeIgniter.php(349): CodeIgniter\CodeIgniter->handleRequest(null, Object(Config\Cache), false)
 5 FCPATH\index.php(57): CodeIgniter\CodeIgniter->run()
CRITICAL - 2023-06-13 07:35:30 --> Undefined property: App\Controllers\Billing::$db
in APPPATH\Controllers\Billing.php on line 143.
 1 APPPATH\Controllers\Billing.php(143): CodeIgniter\Debug\Exceptions->errorHandler(8, 'Undefined property: App\\Controllers\\Billing::$db', 'APPPATH\\Controllers\\Billing.php', 143, [...])
 2 SYSTEMPATH\CodeIgniter.php(896): App\Controllers\Billing->postnewbill()
 3 SYSTEMPATH\CodeIgniter.php(466): CodeIgniter\CodeIgniter->runController(Object(App\Controllers\Billing))
 4 SYSTEMPATH\CodeIgniter.php(349): CodeIgniter\CodeIgniter->handleRequest(null, Object(Config\Cache), false)
 5 FCPATH\index.php(57): CodeIgniter\CodeIgniter->run()
CRITICAL - 2023-06-13 07:36:16 --> Undefined property: App\Controllers\Billing::$db
in APPPATH\Controllers\Billing.php on line 143.
 1 APPPATH\Controllers\Billing.php(143): CodeIgniter\Debug\Exceptions->errorHandler(8, 'Undefined property: App\\Controllers\\Billing::$db', 'APPPATH\\Controllers\\Billing.php', 143, [...])
 2 SYSTEMPATH\CodeIgniter.php(896): App\Controllers\Billing->postnewbill()
 3 SYSTEMPATH\CodeIgniter.php(466): CodeIgniter\CodeIgniter->runController(Object(App\Controllers\Billing))
 4 SYSTEMPATH\CodeIgniter.php(349): CodeIgniter\CodeIgniter->handleRequest(null, Object(Config\Cache), false)
 5 FCPATH\index.php(57): CodeIgniter\CodeIgniter->run()
CRITICAL - 2023-06-13 07:36:58 --> Undefined property: App\Controllers\Billing::$db
in APPPATH\Controllers\Billing.php on line 143.
 1 APPPATH\Controllers\Billing.php(143): CodeIgniter\Debug\Exceptions->errorHandler(8, 'Undefined property: App\\Controllers\\Billing::$db', 'APPPATH\\Controllers\\Billing.php', 143, [...])
 2 SYSTEMPATH\CodeIgniter.php(896): App\Controllers\Billing->postnewbill()
 3 SYSTEMPATH\CodeIgniter.php(466): CodeIgniter\CodeIgniter->runController(Object(App\Controllers\Billing))
 4 SYSTEMPATH\CodeIgniter.php(349): CodeIgniter\CodeIgniter->handleRequest(null, Object(Config\Cache), false)
 5 FCPATH\index.php(57): CodeIgniter\CodeIgniter->run()
CRITICAL - 2023-06-13 07:37:54 --> Undefined property: App\Controllers\Billing::$db
in APPPATH\Controllers\Billing.php on line 143.
 1 APPPATH\Controllers\Billing.php(143): CodeIgniter\Debug\Exceptions->errorHandler(8, 'Undefined property: App\\Controllers\\Billing::$db', 'APPPATH\\Controllers\\Billing.php', 143, [...])
 2 SYSTEMPATH\CodeIgniter.php(896): App\Controllers\Billing->postnewbill()
 3 SYSTEMPATH\CodeIgniter.php(466): CodeIgniter\CodeIgniter->runController(Object(App\Controllers\Billing))
 4 SYSTEMPATH\CodeIgniter.php(349): CodeIgniter\CodeIgniter->handleRequest(null, Object(Config\Cache), false)
 5 FCPATH\index.php(57): CodeIgniter\CodeIgniter->run()
CRITICAL - 2023-06-13 07:48:20 --> Undefined index: id
in APPPATH\Models\Engine.php on line 624.
 1 APPPATH\Models\Engine.php(624): CodeIgniter\Debug\Exceptions->errorHandler(8, 'Undefined index: id', 'APPPATH\\Models\\Engine.php', 624, [...])
 2 APPPATH\Controllers\Billing.php(146): App\Models\Engine->saveBillDetails([...], [...])
 3 SYSTEMPATH\CodeIgniter.php(896): App\Controllers\Billing->postnewbill()
 4 SYSTEMPATH\CodeIgniter.php(466): CodeIgniter\CodeIgniter->runController(Object(App\Controllers\Billing))
 5 SYSTEMPATH\CodeIgniter.php(349): CodeIgniter\CodeIgniter->handleRequest(null, Object(Config\Cache), false)
 6 FCPATH\index.php(57): CodeIgniter\CodeIgniter->run()
CRITICAL - 2023-06-13 07:49:10 --> Undefined index: id
in APPPATH\Models\Engine.php on line 624.
 1 APPPATH\Models\Engine.php(624): CodeIgniter\Debug\Exceptions->errorHandler(8, 'Undefined index: id', 'APPPATH\\Models\\Engine.php', 624, [...])
 2 APPPATH\Controllers\Billing.php(146): App\Models\Engine->saveBillDetails([...], [...])
 3 SYSTEMPATH\CodeIgniter.php(896): App\Controllers\Billing->postnewbill()
 4 SYSTEMPATH\CodeIgniter.php(466): CodeIgniter\CodeIgniter->runController(Object(App\Controllers\Billing))
 5 SYSTEMPATH\CodeIgniter.php(349): CodeIgniter\CodeIgniter->handleRequest(null, Object(Config\Cache), false)
 6 FCPATH\index.php(57): CodeIgniter\CodeIgniter->run()
CRITICAL - 2023-06-13 07:49:49 --> Undefined index: id
in APPPATH\Models\Engine.php on line 624.
 1 APPPATH\Models\Engine.php(624): CodeIgniter\Debug\Exceptions->errorHandler(8, 'Undefined index: id', 'APPPATH\\Models\\Engine.php', 624, [...])
 2 APPPATH\Controllers\Billing.php(146): App\Models\Engine->saveBillDetails([...], [...])
 3 SYSTEMPATH\CodeIgniter.php(896): App\Controllers\Billing->postnewbill()
 4 SYSTEMPATH\CodeIgniter.php(466): CodeIgniter\CodeIgniter->runController(Object(App\Controllers\Billing))
 5 SYSTEMPATH\CodeIgniter.php(349): CodeIgniter\CodeIgniter->handleRequest(null, Object(Config\Cache), false)
 6 FCPATH\index.php(57): CodeIgniter\CodeIgniter->run()
CRITICAL - 2023-06-13 09:03:48 --> Undefined property: stdClass::$receipt
in APPPATH\Views\Patients\record.php on line 68.
 1 APPPATH\Views\Patients\record.php(68): CodeIgniter\Debug\Exceptions->errorHandler(8, 'Undefined property: stdClass::$receipt', 'APPPATH\\Views\\Patients\\record.php', 68, [...])
 2 SYSTEMPATH\View\View.php(213): include('APPPATH\\Views\\Patients\\record.php')
 3 SYSTEMPATH\View\View.php(216): CodeIgniter\View\View->CodeIgniter\View\{closure}()
 4 SYSTEMPATH\Common.php(1135): CodeIgniter\View\View->render('Patients/record', [], true)
 5 APPPATH\Controllers\Patients.php(28): view('Patients/record', [...])
 6 SYSTEMPATH\CodeIgniter.php(896): App\Controllers\Patients->record(1)
 7 SYSTEMPATH\CodeIgniter.php(466): CodeIgniter\CodeIgniter->runController(Object(App\Controllers\Patients))
 8 SYSTEMPATH\CodeIgniter.php(349): CodeIgniter\CodeIgniter->handleRequest(null, Object(Config\Cache), false)
 9 FCPATH\index.php(57): CodeIgniter\CodeIgniter->run()
CRITICAL - 2023-06-13 09:11:29 --> A non well formed numeric value encountered
in APPPATH\Views\Patients\record.php on line 71.
 1 [internal function]: CodeIgniter\Debug\Exceptions->errorHandler(8, 'A non well formed numeric value encountered', 'APPPATH\\Views\\Patients\\record.php', 71, [...])
 2 APPPATH\Views\Patients\record.php(71): date('Y-m-d H:i:s', '2023-06-13 17:10:26')
 3 SYSTEMPATH\View\View.php(213): include('APPPATH\\Views\\Patients\\record.php')
 4 SYSTEMPATH\View\View.php(216): CodeIgniter\View\View->CodeIgniter\View\{closure}()
 5 SYSTEMPATH\Common.php(1135): CodeIgniter\View\View->render('Patients/record', [], true)
 6 APPPATH\Controllers\Patients.php(28): view('Patients/record', [...])
 7 SYSTEMPATH\CodeIgniter.php(896): App\Controllers\Patients->record(1)
 8 SYSTEMPATH\CodeIgniter.php(466): CodeIgniter\CodeIgniter->runController(Object(App\Controllers\Patients))
 9 SYSTEMPATH\CodeIgniter.php(349): CodeIgniter\CodeIgniter->handleRequest(null, Object(Config\Cache), false)
10 FCPATH\index.php(57): CodeIgniter\CodeIgniter->run()
