CRITICAL - 2025-01-19 17:33:16 --> Access denied for user 'ext1'@'102.209.76.19' (using password: YES)
in C:\xampp\htdocs\bmc1\libraries\vendor\joomla\database\src\Mysqli\MysqliDriver.php on line 269.
 1 C:\xampp\htdocs\bmc1\libraries\vendor\joomla\database\src\Mysqli\MysqliDriver.php(269): mysqli->real_connect('197.250.35.156', 'ext1', 'Bugando@Medical#@!2023', null, 3306, null, 0)
 2 C:\xampp\htdocs\bmc1\libraries\vendor\joomla\session\src\Handler\DatabaseHandler.php(233): Joomla\Database\Mysqli\MysqliDriver->connect()
 3 [internal function]: Joomla\Session\Handler\DatabaseHandler->open('C:\\server\\htdocs\\bmc\\public', '0b0bdaa5cae842ad4f8ea26d57018dd8')
 4 C:\xampp\htdocs\bmc1\libraries\vendor\joomla\session\src\Storage\NativeStorage.php(481): session_start()
 5 C:\xampp\htdocs\bmc1\libraries\src\Session\Storage\JoomlaStorage.php(306): Joomla\Session\Storage\NativeStorage->start()
 6 C:\xampp\htdocs\bmc1\libraries\vendor\joomla\session\src\Session.php(406): Joomla\CMS\Session\Storage\JoomlaStorage->start()
 7 C:\xampp\htdocs\bmc1\libraries\vendor\joomla\session\src\Session.php(333): Joomla\Session\Session->start()
 8 C:\xampp\htdocs\bmc1\libraries\src\Session\Session.php(198): Joomla\Session\Session->has('user')
 9 APPPATH\Controllers\BaseController.php(60): Joomla\CMS\Session\Session->get('user')
10 SYSTEMPATH\CodeIgniter.php(859): App\Controllers\BaseController->initController(Object(CodeIgniter\HTTP\IncomingRequest), Object(CodeIgniter\HTTP\Response), Object(CodeIgniter\Log\Logger))
11 SYSTEMPATH\CodeIgniter.php(457): CodeIgniter\CodeIgniter->createController()
12 SYSTEMPATH\CodeIgniter.php(349): CodeIgniter\CodeIgniter->handleRequest(null, Object(Config\Cache), false)
13 FCPATH\index.php(57): CodeIgniter\CodeIgniter->run()
CRITICAL - 2025-01-19 17:43:55 --> Access denied for user 'ext1'@'102.209.76.19' (using password: YES)
in C:\xampp\htdocs\bmc1\libraries\vendor\joomla\database\src\Mysqli\MysqliDriver.php on line 269.
 1 C:\xampp\htdocs\bmc1\libraries\vendor\joomla\database\src\Mysqli\MysqliDriver.php(269): mysqli->real_connect('197.250.35.156', 'ext1', 'Bugando@Medical#@!2023', null, 3306, null, 0)
 2 C:\xampp\htdocs\bmc1\libraries\vendor\joomla\session\src\Handler\DatabaseHandler.php(233): Joomla\Database\Mysqli\MysqliDriver->connect()
 3 [internal function]: Joomla\Session\Handler\DatabaseHandler->open('C:\\server\\htdocs\\bmc\\public', '0b0bdaa5cae842ad4f8ea26d57018dd8')
 4 C:\xampp\htdocs\bmc1\libraries\vendor\joomla\session\src\Storage\NativeStorage.php(481): session_start()
 5 C:\xampp\htdocs\bmc1\libraries\src\Session\Storage\JoomlaStorage.php(306): Joomla\Session\Storage\NativeStorage->start()
 6 C:\xampp\htdocs\bmc1\libraries\vendor\joomla\session\src\Session.php(406): Joomla\CMS\Session\Storage\JoomlaStorage->start()
 7 C:\xampp\htdocs\bmc1\libraries\vendor\joomla\session\src\Session.php(333): Joomla\Session\Session->start()
 8 C:\xampp\htdocs\bmc1\libraries\src\Session\Session.php(198): Joomla\Session\Session->has('user')
 9 APPPATH\Controllers\BaseController.php(60): Joomla\CMS\Session\Session->get('user')
10 SYSTEMPATH\CodeIgniter.php(859): App\Controllers\BaseController->initController(Object(CodeIgniter\HTTP\IncomingRequest), Object(CodeIgniter\HTTP\Response), Object(CodeIgniter\Log\Logger))
11 SYSTEMPATH\CodeIgniter.php(457): CodeIgniter\CodeIgniter->createController()
12 SYSTEMPATH\CodeIgniter.php(349): CodeIgniter\CodeIgniter->handleRequest(null, Object(Config\Cache), false)
13 FCPATH\index.php(57): CodeIgniter\CodeIgniter->run()
CRITICAL - 2025-01-19 17:45:47 --> Access denied for user 'ext1'@'102.209.76.19' (using password: YES)
in C:\xampp\htdocs\bmc1\libraries\vendor\joomla\database\src\Mysqli\MysqliDriver.php on line 269.
 1 C:\xampp\htdocs\bmc1\libraries\vendor\joomla\database\src\Mysqli\MysqliDriver.php(269): mysqli->real_connect('197.250.35.156', 'ext1', 'Bugando@Medical#@!2023', null, 3306, null, 0)
 2 C:\xampp\htdocs\bmc1\libraries\vendor\joomla\session\src\Handler\DatabaseHandler.php(233): Joomla\Database\Mysqli\MysqliDriver->connect()
 3 [internal function]: Joomla\Session\Handler\DatabaseHandler->open('C:\\server\\htdocs\\bmc\\public', '0b0bdaa5cae842ad4f8ea26d57018dd8')
 4 C:\xampp\htdocs\bmc1\libraries\vendor\joomla\session\src\Storage\NativeStorage.php(481): session_start()
 5 C:\xampp\htdocs\bmc1\libraries\src\Session\Storage\JoomlaStorage.php(306): Joomla\Session\Storage\NativeStorage->start()
 6 C:\xampp\htdocs\bmc1\libraries\vendor\joomla\session\src\Session.php(406): Joomla\CMS\Session\Storage\JoomlaStorage->start()
 7 C:\xampp\htdocs\bmc1\libraries\vendor\joomla\session\src\Session.php(333): Joomla\Session\Session->start()
 8 C:\xampp\htdocs\bmc1\libraries\src\Session\Session.php(198): Joomla\Session\Session->has('user')
 9 APPPATH\Controllers\BaseController.php(60): Joomla\CMS\Session\Session->get('user')
10 SYSTEMPATH\CodeIgniter.php(859): App\Controllers\BaseController->initController(Object(CodeIgniter\HTTP\IncomingRequest), Object(CodeIgniter\HTTP\Response), Object(CodeIgniter\Log\Logger))
11 SYSTEMPATH\CodeIgniter.php(457): CodeIgniter\CodeIgniter->createController()
12 SYSTEMPATH\CodeIgniter.php(349): CodeIgniter\CodeIgniter->handleRequest(null, Object(Config\Cache), false)
13 FCPATH\index.php(57): CodeIgniter\CodeIgniter->run()
CRITICAL - 2025-01-19 17:53:10 --> Access denied for user 'ext1'@'102.209.76.19' (using password: YES)
in C:\xampp\htdocs\bmc1\libraries\vendor\joomla\database\src\Mysqli\MysqliDriver.php on line 269.
 1 C:\xampp\htdocs\bmc1\libraries\vendor\joomla\database\src\Mysqli\MysqliDriver.php(269): mysqli->real_connect('197.250.35.156', 'ext1', 'Bugando@Medical#@!2023', null, 3306, null, 0)
 2 C:\xampp\htdocs\bmc1\libraries\vendor\joomla\session\src\Handler\DatabaseHandler.php(233): Joomla\Database\Mysqli\MysqliDriver->connect()
 3 [internal function]: Joomla\Session\Handler\DatabaseHandler->open('C:\\server\\htdocs\\bmc\\public', '0b0bdaa5cae842ad4f8ea26d57018dd8')
 4 C:\xampp\htdocs\bmc1\libraries\vendor\joomla\session\src\Storage\NativeStorage.php(481): session_start()
 5 C:\xampp\htdocs\bmc1\libraries\src\Session\Storage\JoomlaStorage.php(306): Joomla\Session\Storage\NativeStorage->start()
 6 C:\xampp\htdocs\bmc1\libraries\vendor\joomla\session\src\Session.php(406): Joomla\CMS\Session\Storage\JoomlaStorage->start()
 7 C:\xampp\htdocs\bmc1\libraries\vendor\joomla\session\src\Session.php(333): Joomla\Session\Session->start()
 8 C:\xampp\htdocs\bmc1\libraries\src\Session\Session.php(198): Joomla\Session\Session->has('user')
 9 APPPATH\Controllers\BaseController.php(60): Joomla\CMS\Session\Session->get('user')
10 SYSTEMPATH\CodeIgniter.php(859): App\Controllers\BaseController->initController(Object(CodeIgniter\HTTP\IncomingRequest), Object(CodeIgniter\HTTP\Response), Object(CodeIgniter\Log\Logger))
11 SYSTEMPATH\CodeIgniter.php(457): CodeIgniter\CodeIgniter->createController()
12 SYSTEMPATH\CodeIgniter.php(349): CodeIgniter\CodeIgniter->handleRequest(null, Object(Config\Cache), false)
13 FCPATH\index.php(57): CodeIgniter\CodeIgniter->run()
CRITICAL - 2025-01-19 17:53:46 --> Access denied for user 'ext1'@'102.209.76.19' (using password: YES)
in C:\xampp\htdocs\bmc1\libraries\vendor\joomla\database\src\Mysqli\MysqliDriver.php on line 269.
 1 C:\xampp\htdocs\bmc1\libraries\vendor\joomla\database\src\Mysqli\MysqliDriver.php(269): mysqli->real_connect('197.250.35.156', 'ext1', 'Bugando@Medical#@!2023', null, 3306, null, 0)
 2 C:\xampp\htdocs\bmc1\libraries\vendor\joomla\session\src\Handler\DatabaseHandler.php(233): Joomla\Database\Mysqli\MysqliDriver->connect()
 3 [internal function]: Joomla\Session\Handler\DatabaseHandler->open('C:\\server\\htdocs\\bmc\\public', '0b0bdaa5cae842ad4f8ea26d57018dd8')
 4 C:\xampp\htdocs\bmc1\libraries\vendor\joomla\session\src\Storage\NativeStorage.php(481): session_start()
 5 C:\xampp\htdocs\bmc1\libraries\src\Session\Storage\JoomlaStorage.php(306): Joomla\Session\Storage\NativeStorage->start()
 6 C:\xampp\htdocs\bmc1\libraries\vendor\joomla\session\src\Session.php(406): Joomla\CMS\Session\Storage\JoomlaStorage->start()
 7 C:\xampp\htdocs\bmc1\libraries\vendor\joomla\session\src\Session.php(333): Joomla\Session\Session->start()
 8 C:\xampp\htdocs\bmc1\libraries\src\Session\Session.php(198): Joomla\Session\Session->has('user')
 9 APPPATH\Controllers\BaseController.php(60): Joomla\CMS\Session\Session->get('user')
10 SYSTEMPATH\CodeIgniter.php(859): App\Controllers\BaseController->initController(Object(CodeIgniter\HTTP\IncomingRequest), Object(CodeIgniter\HTTP\Response), Object(CodeIgniter\Log\Logger))
11 SYSTEMPATH\CodeIgniter.php(457): CodeIgniter\CodeIgniter->createController()
12 SYSTEMPATH\CodeIgniter.php(349): CodeIgniter\CodeIgniter->handleRequest(null, Object(Config\Cache), false)
13 FCPATH\index.php(57): CodeIgniter\CodeIgniter->run()
CRITICAL - 2025-01-19 08:54:06 --> Access denied for user 'ext1'@'102.209.76.19' (using password: YES)
in C:\xampp\htdocs\bmc1\libraries\vendor\joomla\database\src\Mysqli\MysqliDriver.php on line 269.
 1 C:\xampp\htdocs\bmc1\libraries\vendor\joomla\database\src\Mysqli\MysqliDriver.php(269): mysqli->real_connect('197.250.35.156', 'ext1', 'Bugando@Medical#@!2023', null, 3306, null, 0)
 2 C:\xampp\htdocs\bmc1\libraries\vendor\joomla\session\src\Handler\DatabaseHandler.php(233): Joomla\Database\Mysqli\MysqliDriver->connect()
 3 [internal function]: Joomla\Session\Handler\DatabaseHandler->open('C:\\server\\htdocs\\bmc\\public', '0b0bdaa5cae842ad4f8ea26d57018dd8')
 4 C:\xampp\htdocs\bmc1\libraries\vendor\joomla\session\src\Storage\NativeStorage.php(481): session_start()
 5 C:\xampp\htdocs\bmc1\libraries\src\Session\Storage\JoomlaStorage.php(306): Joomla\Session\Storage\NativeStorage->start()
 6 C:\xampp\htdocs\bmc1\libraries\vendor\joomla\session\src\Session.php(406): Joomla\CMS\Session\Storage\JoomlaStorage->start()
 7 C:\xampp\htdocs\bmc1\libraries\vendor\joomla\session\src\Session.php(333): Joomla\Session\Session->start()
 8 C:\xampp\htdocs\bmc1\libraries\src\Session\Session.php(198): Joomla\Session\Session->has('user')
 9 APPPATH\Filters\CheckPublic.php(13): Joomla\CMS\Session\Session->get('user')
10 SYSTEMPATH\Filters\Filters.php(173): App\Filters\CheckPublic->before(Object(CodeIgniter\HTTP\IncomingRequest), null)
11 SYSTEMPATH\CodeIgniter.php(440): CodeIgniter\Filters\Filters->run('dashboard', 'before')
12 SYSTEMPATH\CodeIgniter.php(349): CodeIgniter\CodeIgniter->handleRequest(null, Object(Config\Cache), false)
13 FCPATH\index.php(57): CodeIgniter\CodeIgniter->run()
CRITICAL - 2025-01-19 09:00:24 --> Access denied for user 'ext1'@'102.209.76.19' (using password: YES)
in C:\xampp\htdocs\bmc1\libraries\vendor\joomla\database\src\Mysqli\MysqliDriver.php on line 269.
 1 C:\xampp\htdocs\bmc1\libraries\vendor\joomla\database\src\Mysqli\MysqliDriver.php(269): mysqli->real_connect('197.250.35.156', 'ext1', 'Bugando@Medical#@!2023', null, 3306, null, 0)
 2 C:\xampp\htdocs\bmc1\libraries\vendor\joomla\session\src\Handler\DatabaseHandler.php(233): Joomla\Database\Mysqli\MysqliDriver->connect()
 3 [internal function]: Joomla\Session\Handler\DatabaseHandler->open('C:\\server\\htdocs\\bmc\\public', '0b0bdaa5cae842ad4f8ea26d57018dd8')
 4 C:\xampp\htdocs\bmc1\libraries\vendor\joomla\session\src\Storage\NativeStorage.php(481): session_start()
 5 C:\xampp\htdocs\bmc1\libraries\src\Session\Storage\JoomlaStorage.php(306): Joomla\Session\Storage\NativeStorage->start()
 6 C:\xampp\htdocs\bmc1\libraries\vendor\joomla\session\src\Session.php(406): Joomla\CMS\Session\Storage\JoomlaStorage->start()
 7 C:\xampp\htdocs\bmc1\libraries\vendor\joomla\session\src\Session.php(333): Joomla\Session\Session->start()
 8 C:\xampp\htdocs\bmc1\libraries\src\Session\Session.php(198): Joomla\Session\Session->has('user')
 9 APPPATH\Filters\CheckPublic.php(13): Joomla\CMS\Session\Session->get('user')
10 SYSTEMPATH\Filters\Filters.php(173): App\Filters\CheckPublic->before(Object(CodeIgniter\HTTP\IncomingRequest), null)
11 SYSTEMPATH\CodeIgniter.php(440): CodeIgniter\Filters\Filters->run('dashboard', 'before')
12 SYSTEMPATH\CodeIgniter.php(349): CodeIgniter\CodeIgniter->handleRequest(null, Object(Config\Cache), false)
13 FCPATH\index.php(57): CodeIgniter\CodeIgniter->run()
CRITICAL - 2025-01-19 09:01:53 --> Class "Joomla\CMS\Factory" not found
in APPPATH\Filters\CheckPublic.php on line 13.
 1 SYSTEMPATH\Filters\Filters.php(173): App\Filters\CheckPublic->before(Object(CodeIgniter\HTTP\IncomingRequest), null)
 2 SYSTEMPATH\CodeIgniter.php(440): CodeIgniter\Filters\Filters->run('dashboard', 'before')
 3 SYSTEMPATH\CodeIgniter.php(349): CodeIgniter\CodeIgniter->handleRequest(null, Object(Config\Cache), false)
 4 FCPATH\index.php(57): CodeIgniter\CodeIgniter->run()
CRITICAL - 2025-01-19 18:02:16 --> Class "Joomla\CMS\Factory" not found
in APPPATH\Controllers\BaseController.php on line 60.
 1 SYSTEMPATH\CodeIgniter.php(859): App\Controllers\BaseController->initController(Object(CodeIgniter\HTTP\IncomingRequest), Object(CodeIgniter\HTTP\Response), Object(CodeIgniter\Log\Logger))
 2 SYSTEMPATH\CodeIgniter.php(457): CodeIgniter\CodeIgniter->createController()
 3 SYSTEMPATH\CodeIgniter.php(349): CodeIgniter\CodeIgniter->handleRequest(null, Object(Config\Cache), false)
 4 FCPATH\index.php(57): CodeIgniter\CodeIgniter->run()
CRITICAL - 2025-01-19 18:05:31 --> Undefined property: App\Controllers\Login::$sesionLanguage
in APPPATH\Controllers\Login.php on line 12.
 1 APPPATH\Controllers\Login.php(12): CodeIgniter\Debug\Exceptions->errorHandler(2, 'Undefined property: App\\Controllers\\Login::$sesionLanguage', 'APPPATH\\Controllers\\Login.php', 12)
 2 SYSTEMPATH\CodeIgniter.php(896): App\Controllers\Login->index()
 3 SYSTEMPATH\CodeIgniter.php(466): CodeIgniter\CodeIgniter->runController(Object(App\Controllers\Login))
 4 SYSTEMPATH\CodeIgniter.php(349): CodeIgniter\CodeIgniter->handleRequest(null, Object(Config\Cache), false)
 5 FCPATH\index.php(57): CodeIgniter\CodeIgniter->run()
CRITICAL - 2025-01-19 09:08:25 --> Class "Joomla\CMS\Factory" not found
in APPPATH\Filters\CheckLogin.php on line 15.
 1 SYSTEMPATH\Filters\Filters.php(173): App\Filters\CheckLogin->before(Object(CodeIgniter\HTTP\IncomingRequest), null)
 2 SYSTEMPATH\CodeIgniter.php(440): CodeIgniter\Filters\Filters->run('login/process', 'before')
 3 SYSTEMPATH\CodeIgniter.php(349): CodeIgniter\CodeIgniter->handleRequest(null, Object(Config\Cache), false)
 4 FCPATH\index.php(57): CodeIgniter\CodeIgniter->run()
CRITICAL - 2025-01-19 09:08:51 --> Class "Joomla\CMS\Factory" not found
in APPPATH\Filters\CheckLogin.php on line 15.
 1 SYSTEMPATH\Filters\Filters.php(173): App\Filters\CheckLogin->before(Object(CodeIgniter\HTTP\IncomingRequest), null)
 2 SYSTEMPATH\CodeIgniter.php(440): CodeIgniter\Filters\Filters->run('login/process', 'before')
 3 SYSTEMPATH\CodeIgniter.php(349): CodeIgniter\CodeIgniter->handleRequest(null, Object(Config\Cache), false)
 4 FCPATH\index.php(57): CodeIgniter\CodeIgniter->run()
CRITICAL - 2025-01-19 09:09:19 --> Access denied for user 'ext1'@'102.209.76.19' (using password: YES)
in C:\xampp\htdocs\bmc1\libraries\vendor\joomla\database\src\Mysqli\MysqliDriver.php on line 269.
 1 C:\xampp\htdocs\bmc1\libraries\vendor\joomla\database\src\Mysqli\MysqliDriver.php(269): mysqli->real_connect('197.250.35.156', 'ext1', 'Bugando@Medical#@!2023', null, 3306, null, 0)
 2 C:\xampp\htdocs\bmc1\libraries\vendor\joomla\session\src\Handler\DatabaseHandler.php(233): Joomla\Database\Mysqli\MysqliDriver->connect()
 3 [internal function]: Joomla\Session\Handler\DatabaseHandler->open('C:\\server\\htdocs\\bmc\\public', '0b0bdaa5cae842ad4f8ea26d57018dd8')
 4 C:\xampp\htdocs\bmc1\libraries\vendor\joomla\session\src\Storage\NativeStorage.php(481): session_start()
 5 C:\xampp\htdocs\bmc1\libraries\src\Session\Storage\JoomlaStorage.php(306): Joomla\Session\Storage\NativeStorage->start()
 6 C:\xampp\htdocs\bmc1\libraries\vendor\joomla\session\src\Session.php(406): Joomla\CMS\Session\Storage\JoomlaStorage->start()
 7 C:\xampp\htdocs\bmc1\libraries\vendor\joomla\session\src\Session.php(333): Joomla\Session\Session->start()
 8 C:\xampp\htdocs\bmc1\libraries\src\Session\Session.php(198): Joomla\Session\Session->has('user')
 9 APPPATH\Filters\CheckLogin.php(15): Joomla\CMS\Session\Session->get('user')
10 SYSTEMPATH\Filters\Filters.php(173): App\Filters\CheckLogin->before(Object(CodeIgniter\HTTP\IncomingRequest), null)
11 SYSTEMPATH\CodeIgniter.php(440): CodeIgniter\Filters\Filters->run('login/process', 'before')
12 SYSTEMPATH\CodeIgniter.php(349): CodeIgniter\CodeIgniter->handleRequest(null, Object(Config\Cache), false)
13 FCPATH\index.php(57): CodeIgniter\CodeIgniter->run()
CRITICAL - 2025-01-19 09:10:22 --> Failed to start application
in C:\xampp\htdocs\bmc1\libraries\src\Factory.php on line 138.
 1 APPPATH\Filters\CheckLogin.php(15): Joomla\CMS\Factory::getApplication()
 2 SYSTEMPATH\Filters\Filters.php(173): App\Filters\CheckLogin->before(Object(CodeIgniter\HTTP\IncomingRequest), null)
 3 SYSTEMPATH\CodeIgniter.php(440): CodeIgniter\Filters\Filters->run('login/process', 'before')
 4 SYSTEMPATH\CodeIgniter.php(349): CodeIgniter\CodeIgniter->handleRequest(null, Object(Config\Cache), false)
 5 FCPATH\index.php(57): CodeIgniter\CodeIgniter->run()
CRITICAL - 2025-01-19 09:11:13 --> Access denied for user 'ext1'@'102.209.76.19' (using password: YES)
in C:\xampp\htdocs\bmc1\libraries\vendor\joomla\database\src\Mysqli\MysqliDriver.php on line 269.
 1 C:\xampp\htdocs\bmc1\libraries\vendor\joomla\database\src\Mysqli\MysqliDriver.php(269): mysqli->real_connect('197.250.35.156', 'ext1', 'Bugando@Medical#@!2023', null, 3306, null, 0)
 2 C:\xampp\htdocs\bmc1\libraries\vendor\joomla\session\src\Handler\DatabaseHandler.php(233): Joomla\Database\Mysqli\MysqliDriver->connect()
 3 [internal function]: Joomla\Session\Handler\DatabaseHandler->open('C:\\server\\htdocs\\bmc\\public', '0b0bdaa5cae842ad4f8ea26d57018dd8')
 4 C:\xampp\htdocs\bmc1\libraries\vendor\joomla\session\src\Storage\NativeStorage.php(481): session_start()
 5 C:\xampp\htdocs\bmc1\libraries\src\Session\Storage\JoomlaStorage.php(306): Joomla\Session\Storage\NativeStorage->start()
 6 C:\xampp\htdocs\bmc1\libraries\vendor\joomla\session\src\Session.php(406): Joomla\CMS\Session\Storage\JoomlaStorage->start()
 7 C:\xampp\htdocs\bmc1\libraries\vendor\joomla\session\src\Session.php(333): Joomla\Session\Session->start()
 8 C:\xampp\htdocs\bmc1\libraries\src\Session\Session.php(198): Joomla\Session\Session->has('user')
 9 APPPATH\Filters\CheckLogin.php(15): Joomla\CMS\Session\Session->get('user')
10 SYSTEMPATH\Filters\Filters.php(173): App\Filters\CheckLogin->before(Object(CodeIgniter\HTTP\IncomingRequest), null)
11 SYSTEMPATH\CodeIgniter.php(440): CodeIgniter\Filters\Filters->run('login/process', 'before')
12 SYSTEMPATH\CodeIgniter.php(349): CodeIgniter\CodeIgniter->handleRequest(null, Object(Config\Cache), false)
13 FCPATH\index.php(57): CodeIgniter\CodeIgniter->run()
CRITICAL - 2025-01-19 09:14:58 --> Class "Joomla\CMS\Factory" not found
in APPPATH\Filters\CheckLogin.php on line 15.
 1 SYSTEMPATH\Filters\Filters.php(173): App\Filters\CheckLogin->before(Object(CodeIgniter\HTTP\IncomingRequest), null)
 2 SYSTEMPATH\CodeIgniter.php(440): CodeIgniter\Filters\Filters->run('login/process', 'before')
 3 SYSTEMPATH\CodeIgniter.php(349): CodeIgniter\CodeIgniter->handleRequest(null, Object(Config\Cache), false)
 4 FCPATH\index.php(57): CodeIgniter\CodeIgniter->run()
CRITICAL - 2025-01-19 09:20:26 --> Class "Joomla\CMS\Factory" not found
in APPPATH\Filters\CheckLogin.php on line 15.
 1 SYSTEMPATH\Filters\Filters.php(173): App\Filters\CheckLogin->before(Object(CodeIgniter\HTTP\IncomingRequest), null)
 2 SYSTEMPATH\CodeIgniter.php(440): CodeIgniter\Filters\Filters->run('login', 'before')
 3 SYSTEMPATH\CodeIgniter.php(349): CodeIgniter\CodeIgniter->handleRequest(null, Object(Config\Cache), false)
 4 FCPATH\index.php(57): CodeIgniter\CodeIgniter->run()
CRITICAL - 2025-01-19 18:24:01 --> Access denied for user 'ext1'@'102.209.76.19' (using password: YES)
in C:\xampp\htdocs\bmc1\libraries\vendor\joomla\database\src\Mysqli\MysqliDriver.php on line 269.
 1 C:\xampp\htdocs\bmc1\libraries\vendor\joomla\database\src\Mysqli\MysqliDriver.php(269): mysqli->real_connect('197.250.35.156', 'ext1', 'Bugando@Medical#@!2023', null, 3306, null, 0)
 2 C:\xampp\htdocs\bmc1\libraries\vendor\joomla\session\src\Handler\DatabaseHandler.php(233): Joomla\Database\Mysqli\MysqliDriver->connect()
 3 [internal function]: Joomla\Session\Handler\DatabaseHandler->open('C:\\server\\htdocs\\bmc\\public', '0b0bdaa5cae842ad4f8ea26d57018dd8')
 4 C:\xampp\htdocs\bmc1\libraries\vendor\joomla\session\src\Storage\NativeStorage.php(481): session_start()
 5 C:\xampp\htdocs\bmc1\libraries\src\Session\Storage\JoomlaStorage.php(306): Joomla\Session\Storage\NativeStorage->start()
 6 C:\xampp\htdocs\bmc1\libraries\vendor\joomla\session\src\Session.php(406): Joomla\CMS\Session\Storage\JoomlaStorage->start()
 7 C:\xampp\htdocs\bmc1\libraries\vendor\joomla\session\src\Session.php(333): Joomla\Session\Session->start()
 8 C:\xampp\htdocs\bmc1\libraries\src\Session\Session.php(198): Joomla\Session\Session->has('user')
 9 APPPATH\Controllers\BaseController.php(60): Joomla\CMS\Session\Session->get('user')
10 SYSTEMPATH\CodeIgniter.php(859): App\Controllers\BaseController->initController(Object(CodeIgniter\HTTP\IncomingRequest), Object(CodeIgniter\HTTP\Response), Object(CodeIgniter\Log\Logger))
11 SYSTEMPATH\CodeIgniter.php(457): CodeIgniter\CodeIgniter->createController()
12 SYSTEMPATH\CodeIgniter.php(349): CodeIgniter\CodeIgniter->handleRequest(null, Object(Config\Cache), false)
13 FCPATH\index.php(57): CodeIgniter\CodeIgniter->run()
CRITICAL - 2025-01-19 18:24:38 --> Access denied for user 'ext1'@'102.209.76.19' (using password: YES)
in C:\xampp\htdocs\bmc1\libraries\vendor\joomla\database\src\Mysqli\MysqliDriver.php on line 269.
 1 C:\xampp\htdocs\bmc1\libraries\vendor\joomla\database\src\Mysqli\MysqliDriver.php(269): mysqli->real_connect('197.250.35.156', 'ext1', 'Bugando@Medical#@!2023', null, 3306, null, 0)
 2 C:\xampp\htdocs\bmc1\libraries\vendor\joomla\session\src\Handler\DatabaseHandler.php(233): Joomla\Database\Mysqli\MysqliDriver->connect()
 3 [internal function]: Joomla\Session\Handler\DatabaseHandler->open('C:\\server\\htdocs\\bmc\\public', '0b0bdaa5cae842ad4f8ea26d57018dd8')
 4 C:\xampp\htdocs\bmc1\libraries\vendor\joomla\session\src\Storage\NativeStorage.php(481): session_start()
 5 C:\xampp\htdocs\bmc1\libraries\src\Session\Storage\JoomlaStorage.php(306): Joomla\Session\Storage\NativeStorage->start()
 6 C:\xampp\htdocs\bmc1\libraries\vendor\joomla\session\src\Session.php(406): Joomla\CMS\Session\Storage\JoomlaStorage->start()
 7 C:\xampp\htdocs\bmc1\libraries\vendor\joomla\session\src\Session.php(333): Joomla\Session\Session->start()
 8 C:\xampp\htdocs\bmc1\libraries\src\Session\Session.php(198): Joomla\Session\Session->has('user')
 9 APPPATH\Controllers\BaseController.php(60): Joomla\CMS\Session\Session->get('user')
10 SYSTEMPATH\CodeIgniter.php(859): App\Controllers\BaseController->initController(Object(CodeIgniter\HTTP\IncomingRequest), Object(CodeIgniter\HTTP\Response), Object(CodeIgniter\Log\Logger))
11 SYSTEMPATH\CodeIgniter.php(457): CodeIgniter\CodeIgniter->createController()
12 SYSTEMPATH\CodeIgniter.php(349): CodeIgniter\CodeIgniter->handleRequest(null, Object(Config\Cache), false)
13 FCPATH\index.php(57): CodeIgniter\CodeIgniter->run()
CRITICAL - 2025-01-19 18:24:55 --> Access denied for user 'ext1'@'102.209.76.19' (using password: YES)
in C:\xampp\htdocs\bmc1\libraries\vendor\joomla\database\src\Mysqli\MysqliDriver.php on line 269.
 1 C:\xampp\htdocs\bmc1\libraries\vendor\joomla\database\src\Mysqli\MysqliDriver.php(269): mysqli->real_connect('197.250.35.156', 'ext1', 'Bugando@Medical#@!2023', null, 3306, null, 0)
 2 C:\xampp\htdocs\bmc1\libraries\vendor\joomla\session\src\Handler\DatabaseHandler.php(233): Joomla\Database\Mysqli\MysqliDriver->connect()
 3 [internal function]: Joomla\Session\Handler\DatabaseHandler->open('C:\\server\\htdocs\\bmc\\public', '0b0bdaa5cae842ad4f8ea26d57018dd8')
 4 C:\xampp\htdocs\bmc1\libraries\vendor\joomla\session\src\Storage\NativeStorage.php(481): session_start()
 5 C:\xampp\htdocs\bmc1\libraries\src\Session\Storage\JoomlaStorage.php(306): Joomla\Session\Storage\NativeStorage->start()
 6 C:\xampp\htdocs\bmc1\libraries\vendor\joomla\session\src\Session.php(406): Joomla\CMS\Session\Storage\JoomlaStorage->start()
 7 C:\xampp\htdocs\bmc1\libraries\vendor\joomla\session\src\Session.php(333): Joomla\Session\Session->start()
 8 C:\xampp\htdocs\bmc1\libraries\src\Session\Session.php(198): Joomla\Session\Session->has('user')
 9 APPPATH\Controllers\BaseController.php(60): Joomla\CMS\Session\Session->get('user')
10 SYSTEMPATH\CodeIgniter.php(859): App\Controllers\BaseController->initController(Object(CodeIgniter\HTTP\IncomingRequest), Object(CodeIgniter\HTTP\Response), Object(CodeIgniter\Log\Logger))
11 SYSTEMPATH\CodeIgniter.php(457): CodeIgniter\CodeIgniter->createController()
12 SYSTEMPATH\CodeIgniter.php(349): CodeIgniter\CodeIgniter->handleRequest(null, Object(Config\Cache), false)
13 FCPATH\index.php(57): CodeIgniter\CodeIgniter->run()
CRITICAL - 2025-01-19 09:26:56 --> syntax error, unexpected token "*"
in APPPATH\Controllers\BaseController.php on line 77.
 1 SYSTEMPATH\Autoloader\Autoloader.php(261): CodeIgniter\Autoloader\Autoloader->includeFile('APPPATH\\Controllers\\BaseController.php')
 2 SYSTEMPATH\Autoloader\Autoloader.php(239): CodeIgniter\Autoloader\Autoloader->loadInNamespace('App\\Controllers\\BaseController')
 3 APPPATH\Controllers\Login.php(6): CodeIgniter\Autoloader\Autoloader->loadClass('App\\Controllers\\BaseController')
 4 SYSTEMPATH\Router\AutoRouter.php(147): include_once('APPPATH\\Controllers\\Login.php')
 5 SYSTEMPATH\Router\Router.php(499): CodeIgniter\Router\AutoRouter->getRoute('login')
 6 SYSTEMPATH\Router\Router.php(205): CodeIgniter\Router\Router->autoRoute('login')
 7 SYSTEMPATH\CodeIgniter.php(771): CodeIgniter\Router\Router->handle('login')
 8 SYSTEMPATH\CodeIgniter.php(415): CodeIgniter\CodeIgniter->tryToRouteIt(Object(CodeIgniter\Router\RouteCollection))
 9 SYSTEMPATH\CodeIgniter.php(349): CodeIgniter\CodeIgniter->handleRequest(null, Object(Config\Cache), false)
10 FCPATH\index.php(57): CodeIgniter\CodeIgniter->run()
CRITICAL - 2025-01-19 18:27:07 --> Access denied for user 'ext1'@'102.209.76.19' (using password: YES)
in C:\xampp\htdocs\bmc1\libraries\vendor\joomla\database\src\Mysqli\MysqliDriver.php on line 269.
 1 C:\xampp\htdocs\bmc1\libraries\vendor\joomla\database\src\Mysqli\MysqliDriver.php(269): mysqli->real_connect('197.250.35.156', 'ext1', 'Bugando@Medical#@!2023', null, 3306, null, 0)
 2 C:\xampp\htdocs\bmc1\libraries\vendor\joomla\session\src\Handler\DatabaseHandler.php(233): Joomla\Database\Mysqli\MysqliDriver->connect()
 3 [internal function]: Joomla\Session\Handler\DatabaseHandler->open('C:\\server\\htdocs\\bmc\\public', '0b0bdaa5cae842ad4f8ea26d57018dd8')
 4 C:\xampp\htdocs\bmc1\libraries\vendor\joomla\session\src\Storage\NativeStorage.php(481): session_start()
 5 C:\xampp\htdocs\bmc1\libraries\src\Session\Storage\JoomlaStorage.php(306): Joomla\Session\Storage\NativeStorage->start()
 6 C:\xampp\htdocs\bmc1\libraries\vendor\joomla\session\src\Session.php(406): Joomla\CMS\Session\Storage\JoomlaStorage->start()
 7 C:\xampp\htdocs\bmc1\libraries\vendor\joomla\session\src\Session.php(333): Joomla\Session\Session->start()
 8 C:\xampp\htdocs\bmc1\libraries\src\Session\Session.php(198): Joomla\Session\Session->has('user')
 9 APPPATH\Controllers\BaseController.php(60): Joomla\CMS\Session\Session->get('user')
10 SYSTEMPATH\CodeIgniter.php(859): App\Controllers\BaseController->initController(Object(CodeIgniter\HTTP\IncomingRequest), Object(CodeIgniter\HTTP\Response), Object(CodeIgniter\Log\Logger))
11 SYSTEMPATH\CodeIgniter.php(457): CodeIgniter\CodeIgniter->createController()
12 SYSTEMPATH\CodeIgniter.php(349): CodeIgniter\CodeIgniter->handleRequest(null, Object(Config\Cache), false)
13 FCPATH\index.php(57): CodeIgniter\CodeIgniter->run()
CRITICAL - 2025-01-19 18:31:39 --> Access denied for user 'ext1'@'102.209.76.19' (using password: YES)
in C:\xampp\htdocs\bmc1\libraries\vendor\joomla\database\src\Mysqli\MysqliDriver.php on line 269.
 1 C:\xampp\htdocs\bmc1\libraries\vendor\joomla\database\src\Mysqli\MysqliDriver.php(269): mysqli->real_connect('197.250.35.156', 'ext1', 'Bugando@Medical#@!2023', null, 3306, null, 0)
 2 C:\xampp\htdocs\bmc1\libraries\vendor\joomla\session\src\Handler\DatabaseHandler.php(233): Joomla\Database\Mysqli\MysqliDriver->connect()
 3 [internal function]: Joomla\Session\Handler\DatabaseHandler->open('C:\\server\\htdocs\\bmc\\public', '0b0bdaa5cae842ad4f8ea26d57018dd8')
 4 C:\xampp\htdocs\bmc1\libraries\vendor\joomla\session\src\Storage\NativeStorage.php(481): session_start()
 5 C:\xampp\htdocs\bmc1\libraries\src\Session\Storage\JoomlaStorage.php(306): Joomla\Session\Storage\NativeStorage->start()
 6 C:\xampp\htdocs\bmc1\libraries\vendor\joomla\session\src\Session.php(406): Joomla\CMS\Session\Storage\JoomlaStorage->start()
 7 C:\xampp\htdocs\bmc1\libraries\vendor\joomla\session\src\Session.php(333): Joomla\Session\Session->start()
 8 C:\xampp\htdocs\bmc1\libraries\src\Session\Session.php(198): Joomla\Session\Session->has('user')
 9 APPPATH\Controllers\BaseController.php(60): Joomla\CMS\Session\Session->get('user')
10 SYSTEMPATH\CodeIgniter.php(859): App\Controllers\BaseController->initController(Object(CodeIgniter\HTTP\IncomingRequest), Object(CodeIgniter\HTTP\Response), Object(CodeIgniter\Log\Logger))
11 SYSTEMPATH\CodeIgniter.php(457): CodeIgniter\CodeIgniter->createController()
12 SYSTEMPATH\CodeIgniter.php(349): CodeIgniter\CodeIgniter->handleRequest(null, Object(Config\Cache), false)
13 FCPATH\index.php(57): CodeIgniter\CodeIgniter->run()
CRITICAL - 2025-01-19 18:39:30 --> Access denied for user 'ext1'@'102.209.76.19' (using password: YES)
in C:\xampp\htdocs\bmc1\libraries\vendor\joomla\database\src\Mysqli\MysqliDriver.php on line 269.
 1 C:\xampp\htdocs\bmc1\libraries\vendor\joomla\database\src\Mysqli\MysqliDriver.php(269): mysqli->real_connect('197.250.35.156', 'ext1', 'Bugando@Medical#@!2023', null, 3306, null, 0)
 2 C:\xampp\htdocs\bmc1\libraries\vendor\joomla\session\src\Handler\DatabaseHandler.php(233): Joomla\Database\Mysqli\MysqliDriver->connect()
 3 [internal function]: Joomla\Session\Handler\DatabaseHandler->open('C:\\server\\htdocs\\bmc\\public', '0b0bdaa5cae842ad4f8ea26d57018dd8')
 4 C:\xampp\htdocs\bmc1\libraries\vendor\joomla\session\src\Storage\NativeStorage.php(481): session_start()
 5 C:\xampp\htdocs\bmc1\libraries\src\Session\Storage\JoomlaStorage.php(306): Joomla\Session\Storage\NativeStorage->start()
 6 C:\xampp\htdocs\bmc1\libraries\vendor\joomla\session\src\Session.php(406): Joomla\CMS\Session\Storage\JoomlaStorage->start()
 7 C:\xampp\htdocs\bmc1\libraries\vendor\joomla\session\src\Session.php(333): Joomla\Session\Session->start()
 8 C:\xampp\htdocs\bmc1\libraries\src\Session\Session.php(198): Joomla\Session\Session->has('user')
 9 APPPATH\Controllers\BaseController.php(60): Joomla\CMS\Session\Session->get('user')
10 SYSTEMPATH\CodeIgniter.php(859): App\Controllers\BaseController->initController(Object(CodeIgniter\HTTP\IncomingRequest), Object(CodeIgniter\HTTP\Response), Object(CodeIgniter\Log\Logger))
11 SYSTEMPATH\CodeIgniter.php(457): CodeIgniter\CodeIgniter->createController()
12 SYSTEMPATH\CodeIgniter.php(349): CodeIgniter\CodeIgniter->handleRequest(null, Object(Config\Cache), false)
13 FCPATH\index.php(57): CodeIgniter\CodeIgniter->run()
CRITICAL - 2025-01-19 18:42:19 --> Access denied for user 'ext1'@'102.209.76.19' (using password: YES)
in C:\xampp\htdocs\bmc1\libraries\vendor\joomla\database\src\Mysqli\MysqliDriver.php on line 269.
 1 C:\xampp\htdocs\bmc1\libraries\vendor\joomla\database\src\Mysqli\MysqliDriver.php(269): mysqli->real_connect('197.250.35.156', 'ext1', 'Bugando@Medical#@!2023', null, 3306, null, 0)
 2 C:\xampp\htdocs\bmc1\libraries\vendor\joomla\session\src\Handler\DatabaseHandler.php(233): Joomla\Database\Mysqli\MysqliDriver->connect()
 3 [internal function]: Joomla\Session\Handler\DatabaseHandler->open('C:\\server\\htdocs\\bmc\\public', '0b0bdaa5cae842ad4f8ea26d57018dd8')
 4 C:\xampp\htdocs\bmc1\libraries\vendor\joomla\session\src\Storage\NativeStorage.php(481): session_start()
 5 C:\xampp\htdocs\bmc1\libraries\src\Session\Storage\JoomlaStorage.php(306): Joomla\Session\Storage\NativeStorage->start()
 6 C:\xampp\htdocs\bmc1\libraries\vendor\joomla\session\src\Session.php(406): Joomla\CMS\Session\Storage\JoomlaStorage->start()
 7 C:\xampp\htdocs\bmc1\libraries\vendor\joomla\session\src\Session.php(333): Joomla\Session\Session->start()
 8 C:\xampp\htdocs\bmc1\libraries\src\Session\Session.php(198): Joomla\Session\Session->has('user')
 9 APPPATH\Controllers\BaseController.php(60): Joomla\CMS\Session\Session->get('user')
10 SYSTEMPATH\CodeIgniter.php(859): App\Controllers\BaseController->initController(Object(CodeIgniter\HTTP\IncomingRequest), Object(CodeIgniter\HTTP\Response), Object(CodeIgniter\Log\Logger))
11 SYSTEMPATH\CodeIgniter.php(457): CodeIgniter\CodeIgniter->createController()
12 SYSTEMPATH\CodeIgniter.php(349): CodeIgniter\CodeIgniter->handleRequest(null, Object(Config\Cache), false)
13 FCPATH\index.php(57): CodeIgniter\CodeIgniter->run()
CRITICAL - 2025-01-19 19:00:02 --> Access denied for user 'ext1'@'102.209.76.19' (using password: YES)
in C:\xampp\htdocs\bmc1\libraries\vendor\joomla\database\src\Mysqli\MysqliDriver.php on line 269.
 1 C:\xampp\htdocs\bmc1\libraries\vendor\joomla\database\src\Mysqli\MysqliDriver.php(269): mysqli->real_connect('197.250.35.156', 'ext1', 'Bugando@Medical#@!2023', null, 3306, null, 0)
 2 C:\xampp\htdocs\bmc1\libraries\vendor\joomla\session\src\Handler\DatabaseHandler.php(233): Joomla\Database\Mysqli\MysqliDriver->connect()
 3 [internal function]: Joomla\Session\Handler\DatabaseHandler->open('C:\\server\\htdocs\\bmc\\public', '0b0bdaa5cae842ad4f8ea26d57018dd8')
 4 C:\xampp\htdocs\bmc1\libraries\vendor\joomla\session\src\Storage\NativeStorage.php(481): session_start()
 5 C:\xampp\htdocs\bmc1\libraries\src\Session\Storage\JoomlaStorage.php(306): Joomla\Session\Storage\NativeStorage->start()
 6 C:\xampp\htdocs\bmc1\libraries\vendor\joomla\session\src\Session.php(406): Joomla\CMS\Session\Storage\JoomlaStorage->start()
 7 C:\xampp\htdocs\bmc1\libraries\vendor\joomla\session\src\Session.php(333): Joomla\Session\Session->start()
 8 C:\xampp\htdocs\bmc1\libraries\src\Session\Session.php(198): Joomla\Session\Session->has('user')
 9 APPPATH\Controllers\BaseController.php(60): Joomla\CMS\Session\Session->get('user')
10 SYSTEMPATH\CodeIgniter.php(859): App\Controllers\BaseController->initController(Object(CodeIgniter\HTTP\IncomingRequest), Object(CodeIgniter\HTTP\Response), Object(CodeIgniter\Log\Logger))
11 SYSTEMPATH\CodeIgniter.php(457): CodeIgniter\CodeIgniter->createController()
12 SYSTEMPATH\CodeIgniter.php(349): CodeIgniter\CodeIgniter->handleRequest(null, Object(Config\Cache), false)
13 FCPATH\index.php(57): CodeIgniter\CodeIgniter->run()
CRITICAL - 2025-01-19 19:03:41 --> Access denied for user 'ext1'@'102.209.76.19' (using password: YES)
in C:\xampp\htdocs\bmc1\libraries\vendor\joomla\database\src\Mysqli\MysqliDriver.php on line 269.
 1 C:\xampp\htdocs\bmc1\libraries\vendor\joomla\database\src\Mysqli\MysqliDriver.php(269): mysqli->real_connect('197.250.35.156', 'ext1', 'Bugando@Medical#@!2023', null, 3306, null, 0)
 2 C:\xampp\htdocs\bmc1\libraries\vendor\joomla\session\src\Handler\DatabaseHandler.php(233): Joomla\Database\Mysqli\MysqliDriver->connect()
 3 [internal function]: Joomla\Session\Handler\DatabaseHandler->open('C:\\server\\htdocs\\bmc\\public', '0b0bdaa5cae842ad4f8ea26d57018dd8')
 4 C:\xampp\htdocs\bmc1\libraries\vendor\joomla\session\src\Storage\NativeStorage.php(481): session_start()
 5 C:\xampp\htdocs\bmc1\libraries\src\Session\Storage\JoomlaStorage.php(306): Joomla\Session\Storage\NativeStorage->start()
 6 C:\xampp\htdocs\bmc1\libraries\vendor\joomla\session\src\Session.php(406): Joomla\CMS\Session\Storage\JoomlaStorage->start()
 7 C:\xampp\htdocs\bmc1\libraries\vendor\joomla\session\src\Session.php(333): Joomla\Session\Session->start()
 8 C:\xampp\htdocs\bmc1\libraries\src\Session\Session.php(198): Joomla\Session\Session->has('user')
 9 APPPATH\Controllers\BaseController.php(60): Joomla\CMS\Session\Session->get('user')
10 SYSTEMPATH\CodeIgniter.php(859): App\Controllers\BaseController->initController(Object(CodeIgniter\HTTP\IncomingRequest), Object(CodeIgniter\HTTP\Response), Object(CodeIgniter\Log\Logger))
11 SYSTEMPATH\CodeIgniter.php(457): CodeIgniter\CodeIgniter->createController()
12 SYSTEMPATH\CodeIgniter.php(349): CodeIgniter\CodeIgniter->handleRequest(null, Object(Config\Cache), false)
13 FCPATH\index.php(57): CodeIgniter\CodeIgniter->run()
CRITICAL - 2025-01-19 19:06:30 --> Access denied for user 'ext1'@'102.209.76.19' (using password: YES)
in C:\xampp\htdocs\bmc1\libraries\vendor\joomla\database\src\Mysqli\MysqliDriver.php on line 269.
 1 C:\xampp\htdocs\bmc1\libraries\vendor\joomla\database\src\Mysqli\MysqliDriver.php(269): mysqli->real_connect('197.250.35.156', 'ext1', 'Bugando@Medical#@!2023', null, 3306, null, 0)
 2 C:\xampp\htdocs\bmc1\libraries\vendor\joomla\session\src\Handler\DatabaseHandler.php(233): Joomla\Database\Mysqli\MysqliDriver->connect()
 3 [internal function]: Joomla\Session\Handler\DatabaseHandler->open('C:\\server\\htdocs\\bmc\\public', '0b0bdaa5cae842ad4f8ea26d57018dd8')
 4 C:\xampp\htdocs\bmc1\libraries\vendor\joomla\session\src\Storage\NativeStorage.php(481): session_start()
 5 C:\xampp\htdocs\bmc1\libraries\src\Session\Storage\JoomlaStorage.php(306): Joomla\Session\Storage\NativeStorage->start()
 6 C:\xampp\htdocs\bmc1\libraries\vendor\joomla\session\src\Session.php(406): Joomla\CMS\Session\Storage\JoomlaStorage->start()
 7 C:\xampp\htdocs\bmc1\libraries\vendor\joomla\session\src\Session.php(333): Joomla\Session\Session->start()
 8 C:\xampp\htdocs\bmc1\libraries\src\Session\Session.php(198): Joomla\Session\Session->has('user')
 9 APPPATH\Controllers\BaseController.php(60): Joomla\CMS\Session\Session->get('user')
10 SYSTEMPATH\CodeIgniter.php(859): App\Controllers\BaseController->initController(Object(CodeIgniter\HTTP\IncomingRequest), Object(CodeIgniter\HTTP\Response), Object(CodeIgniter\Log\Logger))
11 SYSTEMPATH\CodeIgniter.php(457): CodeIgniter\CodeIgniter->createController()
12 SYSTEMPATH\CodeIgniter.php(349): CodeIgniter\CodeIgniter->handleRequest(null, Object(Config\Cache), false)
13 FCPATH\index.php(57): CodeIgniter\CodeIgniter->run()
CRITICAL - 2025-01-19 19:11:34 --> Access denied for user 'ext1'@'102.209.76.19' (using password: YES)
in C:\xampp\htdocs\bmc1\libraries\vendor\joomla\database\src\Mysqli\MysqliDriver.php on line 269.
 1 C:\xampp\htdocs\bmc1\libraries\vendor\joomla\database\src\Mysqli\MysqliDriver.php(269): mysqli->real_connect('197.250.35.156', 'ext1', 'Bugando@Medical#@!2023', null, 3306, null, 0)
 2 C:\xampp\htdocs\bmc1\libraries\vendor\joomla\session\src\Handler\DatabaseHandler.php(233): Joomla\Database\Mysqli\MysqliDriver->connect()
 3 [internal function]: Joomla\Session\Handler\DatabaseHandler->open('C:\\server\\htdocs\\bmc\\public', '0b0bdaa5cae842ad4f8ea26d57018dd8')
 4 C:\xampp\htdocs\bmc1\libraries\vendor\joomla\session\src\Storage\NativeStorage.php(481): session_start()
 5 C:\xampp\htdocs\bmc1\libraries\src\Session\Storage\JoomlaStorage.php(306): Joomla\Session\Storage\NativeStorage->start()
 6 C:\xampp\htdocs\bmc1\libraries\vendor\joomla\session\src\Session.php(406): Joomla\CMS\Session\Storage\JoomlaStorage->start()
 7 C:\xampp\htdocs\bmc1\libraries\vendor\joomla\session\src\Session.php(333): Joomla\Session\Session->start()
 8 C:\xampp\htdocs\bmc1\libraries\src\Session\Session.php(198): Joomla\Session\Session->has('user')
 9 APPPATH\Controllers\BaseController.php(60): Joomla\CMS\Session\Session->get('user')
10 SYSTEMPATH\CodeIgniter.php(859): App\Controllers\BaseController->initController(Object(CodeIgniter\HTTP\IncomingRequest), Object(CodeIgniter\HTTP\Response), Object(CodeIgniter\Log\Logger))
11 SYSTEMPATH\CodeIgniter.php(457): CodeIgniter\CodeIgniter->createController()
12 SYSTEMPATH\CodeIgniter.php(349): CodeIgniter\CodeIgniter->handleRequest(null, Object(Config\Cache), false)
13 FCPATH\index.php(57): CodeIgniter\CodeIgniter->run()
CRITICAL - 2025-01-19 19:12:03 --> Access denied for user 'ext1'@'102.209.76.19' (using password: YES)
in C:\xampp\htdocs\bmc1\libraries\vendor\joomla\database\src\Mysqli\MysqliDriver.php on line 269.
 1 C:\xampp\htdocs\bmc1\libraries\vendor\joomla\database\src\Mysqli\MysqliDriver.php(269): mysqli->real_connect('197.250.35.156', 'ext1', 'Bugando@Medical#@!2023', null, 3306, null, 0)
 2 C:\xampp\htdocs\bmc1\libraries\vendor\joomla\session\src\Handler\DatabaseHandler.php(233): Joomla\Database\Mysqli\MysqliDriver->connect()
 3 [internal function]: Joomla\Session\Handler\DatabaseHandler->open('C:\\server\\htdocs\\bmc\\public', '0b0bdaa5cae842ad4f8ea26d57018dd8')
 4 C:\xampp\htdocs\bmc1\libraries\vendor\joomla\session\src\Storage\NativeStorage.php(481): session_start()
 5 C:\xampp\htdocs\bmc1\libraries\src\Session\Storage\JoomlaStorage.php(306): Joomla\Session\Storage\NativeStorage->start()
 6 C:\xampp\htdocs\bmc1\libraries\vendor\joomla\session\src\Session.php(406): Joomla\CMS\Session\Storage\JoomlaStorage->start()
 7 C:\xampp\htdocs\bmc1\libraries\vendor\joomla\session\src\Session.php(333): Joomla\Session\Session->start()
 8 C:\xampp\htdocs\bmc1\libraries\src\Session\Session.php(198): Joomla\Session\Session->has('user')
 9 APPPATH\Controllers\BaseController.php(60): Joomla\CMS\Session\Session->get('user')
10 SYSTEMPATH\CodeIgniter.php(859): App\Controllers\BaseController->initController(Object(CodeIgniter\HTTP\IncomingRequest), Object(CodeIgniter\HTTP\Response), Object(CodeIgniter\Log\Logger))
11 SYSTEMPATH\CodeIgniter.php(457): CodeIgniter\CodeIgniter->createController()
12 SYSTEMPATH\CodeIgniter.php(349): CodeIgniter\CodeIgniter->handleRequest(null, Object(Config\Cache), false)
13 FCPATH\index.php(57): CodeIgniter\CodeIgniter->run()
CRITICAL - 2025-01-19 19:12:49 --> Access denied for user 'ext1'@'102.209.76.19' (using password: YES)
in C:\xampp\htdocs\bmc1\libraries\vendor\joomla\database\src\Mysqli\MysqliDriver.php on line 269.
 1 C:\xampp\htdocs\bmc1\libraries\vendor\joomla\database\src\Mysqli\MysqliDriver.php(269): mysqli->real_connect('197.250.35.156', 'ext1', 'Bugando@Medical#@!2023', null, 3306, null, 0)
 2 C:\xampp\htdocs\bmc1\libraries\vendor\joomla\session\src\Handler\DatabaseHandler.php(233): Joomla\Database\Mysqli\MysqliDriver->connect()
 3 [internal function]: Joomla\Session\Handler\DatabaseHandler->open('C:\\server\\htdocs\\bmc\\public', '0b0bdaa5cae842ad4f8ea26d57018dd8')
 4 C:\xampp\htdocs\bmc1\libraries\vendor\joomla\session\src\Storage\NativeStorage.php(481): session_start()
 5 C:\xampp\htdocs\bmc1\libraries\src\Session\Storage\JoomlaStorage.php(306): Joomla\Session\Storage\NativeStorage->start()
 6 C:\xampp\htdocs\bmc1\libraries\vendor\joomla\session\src\Session.php(406): Joomla\CMS\Session\Storage\JoomlaStorage->start()
 7 C:\xampp\htdocs\bmc1\libraries\vendor\joomla\session\src\Session.php(333): Joomla\Session\Session->start()
 8 C:\xampp\htdocs\bmc1\libraries\src\Session\Session.php(198): Joomla\Session\Session->has('user')
 9 APPPATH\Controllers\BaseController.php(60): Joomla\CMS\Session\Session->get('user')
10 SYSTEMPATH\CodeIgniter.php(859): App\Controllers\BaseController->initController(Object(CodeIgniter\HTTP\IncomingRequest), Object(CodeIgniter\HTTP\Response), Object(CodeIgniter\Log\Logger))
11 SYSTEMPATH\CodeIgniter.php(457): CodeIgniter\CodeIgniter->createController()
12 SYSTEMPATH\CodeIgniter.php(349): CodeIgniter\CodeIgniter->handleRequest(null, Object(Config\Cache), false)
13 FCPATH\index.php(57): CodeIgniter\CodeIgniter->run()
CRITICAL - 2025-01-19 19:13:17 --> Access denied for user 'ext1'@'102.209.76.19' (using password: YES)
in C:\xampp\htdocs\bmc1\libraries\vendor\joomla\database\src\Mysqli\MysqliDriver.php on line 269.
 1 C:\xampp\htdocs\bmc1\libraries\vendor\joomla\database\src\Mysqli\MysqliDriver.php(269): mysqli->real_connect('197.250.35.156', 'ext1', 'Bugando@Medical#@!2023', null, 3306, null, 0)
 2 C:\xampp\htdocs\bmc1\libraries\vendor\joomla\session\src\Handler\DatabaseHandler.php(233): Joomla\Database\Mysqli\MysqliDriver->connect()
 3 [internal function]: Joomla\Session\Handler\DatabaseHandler->open('C:\\server\\htdocs\\bmc\\public', '0b0bdaa5cae842ad4f8ea26d57018dd8')
 4 C:\xampp\htdocs\bmc1\libraries\vendor\joomla\session\src\Storage\NativeStorage.php(481): session_start()
 5 C:\xampp\htdocs\bmc1\libraries\src\Session\Storage\JoomlaStorage.php(306): Joomla\Session\Storage\NativeStorage->start()
 6 C:\xampp\htdocs\bmc1\libraries\vendor\joomla\session\src\Session.php(406): Joomla\CMS\Session\Storage\JoomlaStorage->start()
 7 C:\xampp\htdocs\bmc1\libraries\vendor\joomla\session\src\Session.php(333): Joomla\Session\Session->start()
 8 C:\xampp\htdocs\bmc1\libraries\src\Session\Session.php(198): Joomla\Session\Session->has('user')
 9 APPPATH\Controllers\BaseController.php(60): Joomla\CMS\Session\Session->get('user')
10 SYSTEMPATH\CodeIgniter.php(859): App\Controllers\BaseController->initController(Object(CodeIgniter\HTTP\IncomingRequest), Object(CodeIgniter\HTTP\Response), Object(CodeIgniter\Log\Logger))
11 SYSTEMPATH\CodeIgniter.php(457): CodeIgniter\CodeIgniter->createController()
12 SYSTEMPATH\CodeIgniter.php(349): CodeIgniter\CodeIgniter->handleRequest(null, Object(Config\Cache), false)
13 FCPATH\index.php(57): CodeIgniter\CodeIgniter->run()
CRITICAL - 2025-01-19 19:16:08 --> Access denied for user 'ext1'@'102.209.76.19' (using password: YES)
in C:\xampp\htdocs\bmc1\libraries\vendor\joomla\database\src\Mysqli\MysqliDriver.php on line 269.
 1 C:\xampp\htdocs\bmc1\libraries\vendor\joomla\database\src\Mysqli\MysqliDriver.php(269): mysqli->real_connect('197.250.35.156', 'ext1', 'Bugando@Medical#@!2023', null, 3306, null, 0)
 2 C:\xampp\htdocs\bmc1\libraries\vendor\joomla\session\src\Handler\DatabaseHandler.php(233): Joomla\Database\Mysqli\MysqliDriver->connect()
 3 [internal function]: Joomla\Session\Handler\DatabaseHandler->open('C:\\server\\htdocs\\bmc\\public', '0b0bdaa5cae842ad4f8ea26d57018dd8')
 4 C:\xampp\htdocs\bmc1\libraries\vendor\joomla\session\src\Storage\NativeStorage.php(481): session_start()
 5 C:\xampp\htdocs\bmc1\libraries\src\Session\Storage\JoomlaStorage.php(306): Joomla\Session\Storage\NativeStorage->start()
 6 C:\xampp\htdocs\bmc1\libraries\vendor\joomla\session\src\Session.php(406): Joomla\CMS\Session\Storage\JoomlaStorage->start()
 7 C:\xampp\htdocs\bmc1\libraries\vendor\joomla\session\src\Session.php(333): Joomla\Session\Session->start()
 8 C:\xampp\htdocs\bmc1\libraries\src\Session\Session.php(198): Joomla\Session\Session->has('user')
 9 APPPATH\Controllers\BaseController.php(60): Joomla\CMS\Session\Session->get('user')
10 SYSTEMPATH\CodeIgniter.php(859): App\Controllers\BaseController->initController(Object(CodeIgniter\HTTP\IncomingRequest), Object(CodeIgniter\HTTP\Response), Object(CodeIgniter\Log\Logger))
11 SYSTEMPATH\CodeIgniter.php(457): CodeIgniter\CodeIgniter->createController()
12 SYSTEMPATH\CodeIgniter.php(349): CodeIgniter\CodeIgniter->handleRequest(null, Object(Config\Cache), false)
13 FCPATH\index.php(57): CodeIgniter\CodeIgniter->run()
CRITICAL - 2025-01-19 19:16:56 --> Access denied for user 'ext1'@'102.209.76.19' (using password: YES)
in C:\xampp\htdocs\bmc1\libraries\vendor\joomla\database\src\Mysqli\MysqliDriver.php on line 269.
 1 C:\xampp\htdocs\bmc1\libraries\vendor\joomla\database\src\Mysqli\MysqliDriver.php(269): mysqli->real_connect('197.250.35.156', 'ext1', 'Bugando@Medical#@!2023', null, 3306, null, 0)
 2 C:\xampp\htdocs\bmc1\libraries\vendor\joomla\session\src\Handler\DatabaseHandler.php(233): Joomla\Database\Mysqli\MysqliDriver->connect()
 3 [internal function]: Joomla\Session\Handler\DatabaseHandler->open('C:\\server\\htdocs\\bmc\\public', '0b0bdaa5cae842ad4f8ea26d57018dd8')
 4 C:\xampp\htdocs\bmc1\libraries\vendor\joomla\session\src\Storage\NativeStorage.php(481): session_start()
 5 C:\xampp\htdocs\bmc1\libraries\src\Session\Storage\JoomlaStorage.php(306): Joomla\Session\Storage\NativeStorage->start()
 6 C:\xampp\htdocs\bmc1\libraries\vendor\joomla\session\src\Session.php(406): Joomla\CMS\Session\Storage\JoomlaStorage->start()
 7 C:\xampp\htdocs\bmc1\libraries\vendor\joomla\session\src\Session.php(333): Joomla\Session\Session->start()
 8 C:\xampp\htdocs\bmc1\libraries\src\Session\Session.php(198): Joomla\Session\Session->has('user')
 9 APPPATH\Controllers\BaseController.php(60): Joomla\CMS\Session\Session->get('user')
10 SYSTEMPATH\CodeIgniter.php(859): App\Controllers\BaseController->initController(Object(CodeIgniter\HTTP\IncomingRequest), Object(CodeIgniter\HTTP\Response), Object(CodeIgniter\Log\Logger))
11 SYSTEMPATH\CodeIgniter.php(457): CodeIgniter\CodeIgniter->createController()
12 SYSTEMPATH\CodeIgniter.php(349): CodeIgniter\CodeIgniter->handleRequest(null, Object(Config\Cache), false)
13 FCPATH\index.php(57): CodeIgniter\CodeIgniter->run()
CRITICAL - 2025-01-19 19:19:24 --> Access denied for user 'ext1'@'102.209.76.19' (using password: YES)
in C:\xampp\htdocs\bmc1\libraries\vendor\joomla\database\src\Mysqli\MysqliDriver.php on line 269.
 1 C:\xampp\htdocs\bmc1\libraries\vendor\joomla\database\src\Mysqli\MysqliDriver.php(269): mysqli->real_connect('197.250.35.156', 'ext1', 'Bugando@Medical#@!2023', null, 3306, null, 0)
 2 C:\xampp\htdocs\bmc1\libraries\vendor\joomla\session\src\Handler\DatabaseHandler.php(233): Joomla\Database\Mysqli\MysqliDriver->connect()
 3 [internal function]: Joomla\Session\Handler\DatabaseHandler->open('C:\\server\\htdocs\\bmc\\public', '0b0bdaa5cae842ad4f8ea26d57018dd8')
 4 C:\xampp\htdocs\bmc1\libraries\vendor\joomla\session\src\Storage\NativeStorage.php(481): session_start()
 5 C:\xampp\htdocs\bmc1\libraries\src\Session\Storage\JoomlaStorage.php(306): Joomla\Session\Storage\NativeStorage->start()
 6 C:\xampp\htdocs\bmc1\libraries\vendor\joomla\session\src\Session.php(406): Joomla\CMS\Session\Storage\JoomlaStorage->start()
 7 C:\xampp\htdocs\bmc1\libraries\vendor\joomla\session\src\Session.php(333): Joomla\Session\Session->start()
 8 C:\xampp\htdocs\bmc1\libraries\src\Session\Session.php(198): Joomla\Session\Session->has('user')
 9 APPPATH\Controllers\BaseController.php(60): Joomla\CMS\Session\Session->get('user')
10 SYSTEMPATH\CodeIgniter.php(859): App\Controllers\BaseController->initController(Object(CodeIgniter\HTTP\IncomingRequest), Object(CodeIgniter\HTTP\Response), Object(CodeIgniter\Log\Logger))
11 SYSTEMPATH\CodeIgniter.php(457): CodeIgniter\CodeIgniter->createController()
12 SYSTEMPATH\CodeIgniter.php(349): CodeIgniter\CodeIgniter->handleRequest(null, Object(Config\Cache), false)
13 FCPATH\index.php(57): CodeIgniter\CodeIgniter->run()
