CRITICAL - 2023-08-24 13:35:25 --> Error: Uncaught CodeIgniter\Format\Exceptions\FormatException: Failed to parse json string, error: "Malformed UTF-8 characters, possibly incorrectly encoded". in /var/www/html/bmc/ci/system/Format/JSONFormatter.php:41
Stack trace:
#0 /var/www/html/bmc/ci/system/Format/JSONFormatter.php(41): CodeIgniter\Format\Exceptions\FormatException::forInvalidJSON()
#1 /var/www/html/bmc/ci/system/API/ResponseTrait.php(341): CodeIgniter\Format\JSONFormatter->format()
#2 /var/www/html/bmc/ci/system/API/ResponseTrait.php(99): CodeIgniter\Debug\Exceptions->format()
#3 /var/www/html/bmc/ci/system/Debug/Exceptions.php(120): CodeIgniter\Debug\Exceptions->respond()
#4 [internal function]: CodeIgniter\Debug\Exceptions->exceptionHandler()
#5 {main}
  thrown
in SYSTEMPATH/Format/JSONFormatter.php on line 41.

CRITICAL - 2023-08-24 13:47:11 --> Error: Uncaught CodeIgniter\Format\Exceptions\FormatException: Failed to parse json string, error: "Malformed UTF-8 characters, possibly incorrectly encoded". in /var/www/html/bmc/ci/system/Format/JSONFormatter.php:41
Stack trace:
#0 /var/www/html/bmc/ci/system/Format/JSONFormatter.php(41): CodeIgniter\Format\Exceptions\FormatException::forInvalidJSON()
#1 /var/www/html/bmc/ci/system/API/ResponseTrait.php(341): CodeIgniter\Format\JSONFormatter->format()
#2 /var/www/html/bmc/ci/system/API/ResponseTrait.php(99): CodeIgniter\Debug\Exceptions->format()
#3 /var/www/html/bmc/ci/system/Debug/Exceptions.php(120): CodeIgniter\Debug\Exceptions->respond()
#4 [internal function]: CodeIgniter\Debug\Exceptions->exceptionHandler()
#5 {main}
  thrown
in SYSTEMPATH/Format/JSONFormatter.php on line 41.

CRITICAL - 2023-08-24 15:03:25 --> Error: Uncaught CodeIgniter\Format\Exceptions\FormatException: Failed to parse json string, error: "Malformed UTF-8 characters, possibly incorrectly encoded". in /var/www/html/bmc/ci/system/Format/JSONFormatter.php:41
Stack trace:
#0 /var/www/html/bmc/ci/system/Format/JSONFormatter.php(41): CodeIgniter\Format\Exceptions\FormatException::forInvalidJSON()
#1 /var/www/html/bmc/ci/system/API/ResponseTrait.php(341): CodeIgniter\Format\JSONFormatter->format()
#2 /var/www/html/bmc/ci/system/API/ResponseTrait.php(99): CodeIgniter\Debug\Exceptions->format()
#3 /var/www/html/bmc/ci/system/Debug/Exceptions.php(120): CodeIgniter\Debug\Exceptions->respond()
#4 [internal function]: CodeIgniter\Debug\Exceptions->exceptionHandler()
#5 {main}
  thrown
in SYSTEMPATH/Format/JSONFormatter.php on line 41.

CRITICAL - 2023-08-24 15:07:04 --> Error: Uncaught CodeIgniter\Format\Exceptions\FormatException: Failed to parse json string, error: "Malformed UTF-8 characters, possibly incorrectly encoded". in /var/www/html/bmc/ci/system/Format/JSONFormatter.php:41
Stack trace:
#0 /var/www/html/bmc/ci/system/Format/JSONFormatter.php(41): CodeIgniter\Format\Exceptions\FormatException::forInvalidJSON()
#1 /var/www/html/bmc/ci/system/API/ResponseTrait.php(341): CodeIgniter\Format\JSONFormatter->format()
#2 /var/www/html/bmc/ci/system/API/ResponseTrait.php(99): CodeIgniter\Debug\Exceptions->format()
#3 /var/www/html/bmc/ci/system/Debug/Exceptions.php(120): CodeIgniter\Debug\Exceptions->respond()
#4 [internal function]: CodeIgniter\Debug\Exceptions->exceptionHandler()
#5 {main}
  thrown
in SYSTEMPATH/Format/JSONFormatter.php on line 41.

CRITICAL - 2023-08-24 15:10:43 --> Error: Uncaught CodeIgniter\Format\Exceptions\FormatException: Failed to parse json string, error: "Malformed UTF-8 characters, possibly incorrectly encoded". in /var/www/html/bmc/ci/system/Format/JSONFormatter.php:41
Stack trace:
#0 /var/www/html/bmc/ci/system/Format/JSONFormatter.php(41): CodeIgniter\Format\Exceptions\FormatException::forInvalidJSON()
#1 /var/www/html/bmc/ci/system/API/ResponseTrait.php(341): CodeIgniter\Format\JSONFormatter->format()
#2 /var/www/html/bmc/ci/system/API/ResponseTrait.php(99): CodeIgniter\Debug\Exceptions->format()
#3 /var/www/html/bmc/ci/system/Debug/Exceptions.php(120): CodeIgniter\Debug\Exceptions->respond()
#4 [internal function]: CodeIgniter\Debug\Exceptions->exceptionHandler()
#5 {main}
  thrown
in SYSTEMPATH/Format/JSONFormatter.php on line 41.

CRITICAL - 2023-08-24 15:11:01 --> Error: Uncaught CodeIgniter\Format\Exceptions\FormatException: Failed to parse json string, error: "Malformed UTF-8 characters, possibly incorrectly encoded". in /var/www/html/bmc/ci/system/Format/JSONFormatter.php:41
Stack trace:
#0 /var/www/html/bmc/ci/system/Format/JSONFormatter.php(41): CodeIgniter\Format\Exceptions\FormatException::forInvalidJSON()
#1 /var/www/html/bmc/ci/system/API/ResponseTrait.php(341): CodeIgniter\Format\JSONFormatter->format()
#2 /var/www/html/bmc/ci/system/API/ResponseTrait.php(99): CodeIgniter\Debug\Exceptions->format()
#3 /var/www/html/bmc/ci/system/Debug/Exceptions.php(120): CodeIgniter\Debug\Exceptions->respond()
#4 [internal function]: CodeIgniter\Debug\Exceptions->exceptionHandler()
#5 {main}
  thrown
in SYSTEMPATH/Format/JSONFormatter.php on line 41.

