CRITICAL - 2023-08-20 09:49:19 --> Undefined property: stdClass::$trans_reference
in APPPATH/Views/popPaymentDataItem.php on line 7.
 1 APPPATH/Views/popPaymentDataItem.php(7): CodeIgniter\Debug\Exceptions->errorHandler()
 2 SYSTEMPATH/View/View.php(213): include('APPPATH/Views/popPaymentDataItem.php')
 3 SYSTEMPATH/View/View.php(216): CodeIgniter\View\View->CodeIgniter\View\{closure}()
 4 SYSTEMPATH/Common.php(1135): CodeIgniter\View\View->render()
 5 APPPATH/Controllers/Transactions.php(104): view()
 6 SYSTEMPATH/CodeIgniter.php(896): App\Controllers\Transactions->fetchpopitems()
 7 SYSTEMPATH/CodeIgniter.php(466): CodeIgniter\CodeIgniter->runController()
 8 SYSTEMPATH/CodeIgniter.php(349): CodeIgniter\CodeIgniter->handleRequest()
 9 FCPATH/index.php(57): CodeIgniter\CodeIgniter->run()
CRITICAL - 2023-08-20 09:52:19 --> Attempt to read property "newUserRecordLabelHeader" on array
in APPPATH/Views/popUserNew.php on line 6.
 1 APPPATH/Views/popUserNew.php(6): CodeIgniter\Debug\Exceptions->errorHandler()
 2 SYSTEMPATH/View/View.php(213): include('APPPATH/Views/popUserNew.php')
 3 SYSTEMPATH/View/View.php(216): CodeIgniter\View\View->CodeIgniter\View\{closure}()
 4 SYSTEMPATH/Common.php(1135): CodeIgniter\View\View->render()
 5 APPPATH/Controllers/Dashboard.php(118): view()
 6 SYSTEMPATH/CodeIgniter.php(896): App\Controllers\Dashboard->fetchnewuserform()
 7 SYSTEMPATH/CodeIgniter.php(466): CodeIgniter\CodeIgniter->runController()
 8 SYSTEMPATH/CodeIgniter.php(349): CodeIgniter\CodeIgniter->handleRequest()
 9 FCPATH/index.php(57): CodeIgniter\CodeIgniter->run()
CRITICAL - 2023-08-20 09:55:56 --> Undefined property: stdClass::$trans_reference
in APPPATH/Views/popPaymentDataItem.php on line 7.
 1 APPPATH/Views/popPaymentDataItem.php(7): CodeIgniter\Debug\Exceptions->errorHandler()
 2 SYSTEMPATH/View/View.php(213): include('APPPATH/Views/popPaymentDataItem.php')
 3 SYSTEMPATH/View/View.php(216): CodeIgniter\View\View->CodeIgniter\View\{closure}()
 4 SYSTEMPATH/Common.php(1135): CodeIgniter\View\View->render()
 5 APPPATH/Controllers/Transactions.php(104): view()
 6 SYSTEMPATH/CodeIgniter.php(896): App\Controllers\Transactions->fetchpopitems()
 7 SYSTEMPATH/CodeIgniter.php(466): CodeIgniter\CodeIgniter->runController()
 8 SYSTEMPATH/CodeIgniter.php(349): CodeIgniter\CodeIgniter->handleRequest()
 9 FCPATH/index.php(57): CodeIgniter\CodeIgniter->run()
CRITICAL - 2023-08-20 10:16:42 --> Undefined property: stdClass::$trans_reference
in APPPATH/Views/popPaymentDataItem.php on line 7.
 1 APPPATH/Views/popPaymentDataItem.php(7): CodeIgniter\Debug\Exceptions->errorHandler()
 2 SYSTEMPATH/View/View.php(213): include('APPPATH/Views/popPaymentDataItem.php')
 3 SYSTEMPATH/View/View.php(216): CodeIgniter\View\View->CodeIgniter\View\{closure}()
 4 SYSTEMPATH/Common.php(1135): CodeIgniter\View\View->render()
 5 APPPATH/Controllers/Transactions.php(104): view()
 6 SYSTEMPATH/CodeIgniter.php(896): App\Controllers\Transactions->fetchpopitems()
 7 SYSTEMPATH/CodeIgniter.php(466): CodeIgniter\CodeIgniter->runController()
 8 SYSTEMPATH/CodeIgniter.php(349): CodeIgniter\CodeIgniter->handleRequest()
 9 FCPATH/index.php(57): CodeIgniter\CodeIgniter->run()
CRITICAL - 2023-08-20 10:52:59 --> Undefined property: stdClass::$trans_reference
in APPPATH/Views/popPaymentDataItem.php on line 7.
 1 APPPATH/Views/popPaymentDataItem.php(7): CodeIgniter\Debug\Exceptions->errorHandler()
 2 SYSTEMPATH/View/View.php(213): include('APPPATH/Views/popPaymentDataItem.php')
 3 SYSTEMPATH/View/View.php(216): CodeIgniter\View\View->CodeIgniter\View\{closure}()
 4 SYSTEMPATH/Common.php(1135): CodeIgniter\View\View->render()
 5 APPPATH/Controllers/Transactions.php(104): view()
 6 SYSTEMPATH/CodeIgniter.php(896): App\Controllers\Transactions->fetchpopitems()
 7 SYSTEMPATH/CodeIgniter.php(466): CodeIgniter\CodeIgniter->runController()
 8 SYSTEMPATH/CodeIgniter.php(349): CodeIgniter\CodeIgniter->handleRequest()
 9 FCPATH/index.php(57): CodeIgniter\CodeIgniter->run()
CRITICAL - 2023-08-20 10:56:57 --> Attempt to read property "newUserRecordLabelHeader" on array
in APPPATH/Views/popUserNew.php on line 6.
 1 APPPATH/Views/popUserNew.php(6): CodeIgniter\Debug\Exceptions->errorHandler()
 2 SYSTEMPATH/View/View.php(213): include('APPPATH/Views/popUserNew.php')
 3 SYSTEMPATH/View/View.php(216): CodeIgniter\View\View->CodeIgniter\View\{closure}()
 4 SYSTEMPATH/Common.php(1135): CodeIgniter\View\View->render()
 5 APPPATH/Controllers/Dashboard.php(118): view()
 6 SYSTEMPATH/CodeIgniter.php(896): App\Controllers\Dashboard->fetchnewuserform()
 7 SYSTEMPATH/CodeIgniter.php(466): CodeIgniter\CodeIgniter->runController()
 8 SYSTEMPATH/CodeIgniter.php(349): CodeIgniter\CodeIgniter->handleRequest()
 9 FCPATH/index.php(57): CodeIgniter\CodeIgniter->run()
CRITICAL - 2023-08-20 11:59:27 --> Undefined property: stdClass::$trans_reference
in APPPATH/Views/popPaymentDataItem.php on line 7.
 1 APPPATH/Views/popPaymentDataItem.php(7): CodeIgniter\Debug\Exceptions->errorHandler()
 2 SYSTEMPATH/View/View.php(213): include('APPPATH/Views/popPaymentDataItem.php')
 3 SYSTEMPATH/View/View.php(216): CodeIgniter\View\View->CodeIgniter\View\{closure}()
 4 SYSTEMPATH/Common.php(1135): CodeIgniter\View\View->render()
 5 APPPATH/Controllers/Transactions.php(104): view()
 6 SYSTEMPATH/CodeIgniter.php(896): App\Controllers\Transactions->fetchpopitems()
 7 SYSTEMPATH/CodeIgniter.php(466): CodeIgniter\CodeIgniter->runController()
 8 SYSTEMPATH/CodeIgniter.php(349): CodeIgniter\CodeIgniter->handleRequest()
 9 FCPATH/index.php(57): CodeIgniter\CodeIgniter->run()
CRITICAL - 2023-08-20 12:01:02 --> Undefined property: stdClass::$trans_reference
in APPPATH/Views/popPaymentDataItem.php on line 7.
 1 APPPATH/Views/popPaymentDataItem.php(7): CodeIgniter\Debug\Exceptions->errorHandler()
 2 SYSTEMPATH/View/View.php(213): include('APPPATH/Views/popPaymentDataItem.php')
 3 SYSTEMPATH/View/View.php(216): CodeIgniter\View\View->CodeIgniter\View\{closure}()
 4 SYSTEMPATH/Common.php(1135): CodeIgniter\View\View->render()
 5 APPPATH/Controllers/Transactions.php(104): view()
 6 SYSTEMPATH/CodeIgniter.php(896): App\Controllers\Transactions->fetchpopitems()
 7 SYSTEMPATH/CodeIgniter.php(466): CodeIgniter\CodeIgniter->runController()
 8 SYSTEMPATH/CodeIgniter.php(349): CodeIgniter\CodeIgniter->handleRequest()
 9 FCPATH/index.php(57): CodeIgniter\CodeIgniter->run()
CRITICAL - 2023-08-20 14:45:53 --> Undefined property: stdClass::$trans_reference
in APPPATH/Views/popPaymentDataItem.php on line 7.
 1 APPPATH/Views/popPaymentDataItem.php(7): CodeIgniter\Debug\Exceptions->errorHandler()
 2 SYSTEMPATH/View/View.php(213): include('APPPATH/Views/popPaymentDataItem.php')
 3 SYSTEMPATH/View/View.php(216): CodeIgniter\View\View->CodeIgniter\View\{closure}()
 4 SYSTEMPATH/Common.php(1135): CodeIgniter\View\View->render()
 5 APPPATH/Controllers/Transactions.php(104): view()
 6 SYSTEMPATH/CodeIgniter.php(896): App\Controllers\Transactions->fetchpopitems()
 7 SYSTEMPATH/CodeIgniter.php(466): CodeIgniter\CodeIgniter->runController()
 8 SYSTEMPATH/CodeIgniter.php(349): CodeIgniter\CodeIgniter->handleRequest()
 9 FCPATH/index.php(57): CodeIgniter\CodeIgniter->run()
