CRITICAL - 2023-10-19 10:16:43 --> include(/var/www/html/bmc/ci/app/Views/report.php): Failed to open stream: Permission denied
in SYSTEMPATH/View/View.php on line 213.
 1 SYSTEMPATH/View/View.php(213): CodeIgniter\Debug\Exceptions->errorHandler()
 2 SYSTEMPATH/View/View.php(213): include()
 3 SYSTEMPATH/View/View.php(216): CodeIgniter\View\View->CodeIgniter\View\{closure}()
 4 SYSTEMPATH/Common.php(1135): CodeIgniter\View\View->render()
 5 APPPATH/Controllers/Dashboard.php(24): view()
 6 SYSTEMPATH/CodeIgniter.php(896): App\Controllers\Dashboard->reports()
 7 SYSTEMPATH/CodeIgniter.php(466): CodeIgniter\CodeIgniter->runController()
 8 SYSTEMPATH/CodeIgniter.php(349): CodeIgniter\CodeIgniter->handleRequest()
 9 FCPATH/index.php(57): CodeIgniter\CodeIgniter->run()
CRITICAL - 2023-10-19 10:23:07 --> include(/var/www/html/bmc/ci/app/Views/report.php): Failed to open stream: Permission denied
in SYSTEMPATH/View/View.php on line 213.
 1 SYSTEMPATH/View/View.php(213): CodeIgniter\Debug\Exceptions->errorHandler()
 2 SYSTEMPATH/View/View.php(213): include()
 3 SYSTEMPATH/View/View.php(216): CodeIgniter\View\View->CodeIgniter\View\{closure}()
 4 SYSTEMPATH/Common.php(1135): CodeIgniter\View\View->render()
 5 APPPATH/Controllers/Dashboard.php(24): view()
 6 SYSTEMPATH/CodeIgniter.php(896): App\Controllers\Dashboard->reports()
 7 SYSTEMPATH/CodeIgniter.php(466): CodeIgniter\CodeIgniter->runController()
 8 SYSTEMPATH/CodeIgniter.php(349): CodeIgniter\CodeIgniter->handleRequest()
 9 FCPATH/index.php(57): CodeIgniter\CodeIgniter->run()
CRITICAL - 2023-10-19 12:53:49 --> include(/var/www/html/bmc/ci/app/Views/report.php): Failed to open stream: Permission denied
in SYSTEMPATH/View/View.php on line 213.
 1 SYSTEMPATH/View/View.php(213): CodeIgniter\Debug\Exceptions->errorHandler()
 2 SYSTEMPATH/View/View.php(213): include()
 3 SYSTEMPATH/View/View.php(216): CodeIgniter\View\View->CodeIgniter\View\{closure}()
 4 SYSTEMPATH/Common.php(1135): CodeIgniter\View\View->render()
 5 APPPATH/Controllers/Dashboard.php(24): view()
 6 SYSTEMPATH/CodeIgniter.php(896): App\Controllers\Dashboard->reports()
 7 SYSTEMPATH/CodeIgniter.php(466): CodeIgniter\CodeIgniter->runController()
 8 SYSTEMPATH/CodeIgniter.php(349): CodeIgniter\CodeIgniter->handleRequest()
 9 FCPATH/index.php(57): CodeIgniter\CodeIgniter->run()
CRITICAL - 2023-10-19 12:53:51 --> include(/var/www/html/bmc/ci/app/Views/report.php): Failed to open stream: Permission denied
in SYSTEMPATH/View/View.php on line 213.
 1 SYSTEMPATH/View/View.php(213): CodeIgniter\Debug\Exceptions->errorHandler()
 2 SYSTEMPATH/View/View.php(213): include()
 3 SYSTEMPATH/View/View.php(216): CodeIgniter\View\View->CodeIgniter\View\{closure}()
 4 SYSTEMPATH/Common.php(1135): CodeIgniter\View\View->render()
 5 APPPATH/Controllers/Dashboard.php(24): view()
 6 SYSTEMPATH/CodeIgniter.php(896): App\Controllers\Dashboard->reports()
 7 SYSTEMPATH/CodeIgniter.php(466): CodeIgniter\CodeIgniter->runController()
 8 SYSTEMPATH/CodeIgniter.php(349): CodeIgniter\CodeIgniter->handleRequest()
 9 FCPATH/index.php(57): CodeIgniter\CodeIgniter->run()
CRITICAL - 2023-10-19 12:53:53 --> include(/var/www/html/bmc/ci/app/Views/report.php): Failed to open stream: Permission denied
in SYSTEMPATH/View/View.php on line 213.
 1 SYSTEMPATH/View/View.php(213): CodeIgniter\Debug\Exceptions->errorHandler()
 2 SYSTEMPATH/View/View.php(213): include()
 3 SYSTEMPATH/View/View.php(216): CodeIgniter\View\View->CodeIgniter\View\{closure}()
 4 SYSTEMPATH/Common.php(1135): CodeIgniter\View\View->render()
 5 APPPATH/Controllers/Dashboard.php(24): view()
 6 SYSTEMPATH/CodeIgniter.php(896): App\Controllers\Dashboard->reports()
 7 SYSTEMPATH/CodeIgniter.php(466): CodeIgniter\CodeIgniter->runController()
 8 SYSTEMPATH/CodeIgniter.php(349): CodeIgniter\CodeIgniter->handleRequest()
 9 FCPATH/index.php(57): CodeIgniter\CodeIgniter->run()
CRITICAL - 2023-10-19 12:57:45 --> include(/var/www/html/bmc/ci/app/Views/report.php): Failed to open stream: Permission denied
in SYSTEMPATH/View/View.php on line 213.
 1 SYSTEMPATH/View/View.php(213): CodeIgniter\Debug\Exceptions->errorHandler()
 2 SYSTEMPATH/View/View.php(213): include()
 3 SYSTEMPATH/View/View.php(216): CodeIgniter\View\View->CodeIgniter\View\{closure}()
 4 SYSTEMPATH/Common.php(1135): CodeIgniter\View\View->render()
 5 APPPATH/Controllers/Dashboard.php(24): view()
 6 SYSTEMPATH/CodeIgniter.php(896): App\Controllers\Dashboard->reports()
 7 SYSTEMPATH/CodeIgniter.php(466): CodeIgniter\CodeIgniter->runController()
 8 SYSTEMPATH/CodeIgniter.php(349): CodeIgniter\CodeIgniter->handleRequest()
 9 FCPATH/index.php(57): CodeIgniter\CodeIgniter->run()
CRITICAL - 2023-10-19 14:41:23 --> include(/var/www/html/bmc/ci/app/Views/report.php): Failed to open stream: Permission denied
in SYSTEMPATH/View/View.php on line 213.
 1 SYSTEMPATH/View/View.php(213): CodeIgniter\Debug\Exceptions->errorHandler()
 2 SYSTEMPATH/View/View.php(213): include()
 3 SYSTEMPATH/View/View.php(216): CodeIgniter\View\View->CodeIgniter\View\{closure}()
 4 SYSTEMPATH/Common.php(1135): CodeIgniter\View\View->render()
 5 APPPATH/Controllers/Dashboard.php(24): view()
 6 SYSTEMPATH/CodeIgniter.php(896): App\Controllers\Dashboard->reports()
 7 SYSTEMPATH/CodeIgniter.php(466): CodeIgniter\CodeIgniter->runController()
 8 SYSTEMPATH/CodeIgniter.php(349): CodeIgniter\CodeIgniter->handleRequest()
 9 FCPATH/index.php(57): CodeIgniter\CodeIgniter->run()
CRITICAL - 2023-10-19 17:11:20 --> Undefined variable $reference
in APPPATH/Helpers/global_helper.php on line 498.
 1 APPPATH/Helpers/global_helper.php(498): CodeIgniter\Debug\Exceptions->errorHandler()
 2 APPPATH/Helpers/global_helper.php(455): doProcessGlobalTransaction()
 3 APPPATH/Controllers/Malipo.php(359): doProcessNMBTransaction()
 4 SYSTEMPATH/CodeIgniter.php(896): App\Controllers\Malipo->nmbprocesscallback()
 5 SYSTEMPATH/CodeIgniter.php(466): CodeIgniter\CodeIgniter->runController()
 6 SYSTEMPATH/CodeIgniter.php(349): CodeIgniter\CodeIgniter->handleRequest()
 7 FCPATH/index.php(57): CodeIgniter\CodeIgniter->run()
CRITICAL - 2023-10-19 17:25:13 --> include(/var/www/html/bmc/ci/app/Views/report.php): Failed to open stream: Permission denied
in SYSTEMPATH/View/View.php on line 213.
 1 SYSTEMPATH/View/View.php(213): CodeIgniter\Debug\Exceptions->errorHandler()
 2 SYSTEMPATH/View/View.php(213): include()
 3 SYSTEMPATH/View/View.php(216): CodeIgniter\View\View->CodeIgniter\View\{closure}()
 4 SYSTEMPATH/Common.php(1135): CodeIgniter\View\View->render()
 5 APPPATH/Controllers/Dashboard.php(24): view()
 6 SYSTEMPATH/CodeIgniter.php(896): App\Controllers\Dashboard->reports()
 7 SYSTEMPATH/CodeIgniter.php(466): CodeIgniter\CodeIgniter->runController()
 8 SYSTEMPATH/CodeIgniter.php(349): CodeIgniter\CodeIgniter->handleRequest()
 9 FCPATH/index.php(57): CodeIgniter\CodeIgniter->run()
CRITICAL - 2023-10-19 17:27:34 --> include(/var/www/html/bmc/ci/app/Views/report.php): Failed to open stream: Permission denied
in SYSTEMPATH/View/View.php on line 213.
 1 SYSTEMPATH/View/View.php(213): CodeIgniter\Debug\Exceptions->errorHandler()
 2 SYSTEMPATH/View/View.php(213): include()
 3 SYSTEMPATH/View/View.php(216): CodeIgniter\View\View->CodeIgniter\View\{closure}()
 4 SYSTEMPATH/Common.php(1135): CodeIgniter\View\View->render()
 5 APPPATH/Controllers/Dashboard.php(24): view()
 6 SYSTEMPATH/CodeIgniter.php(896): App\Controllers\Dashboard->reports()
 7 SYSTEMPATH/CodeIgniter.php(466): CodeIgniter\CodeIgniter->runController()
 8 SYSTEMPATH/CodeIgniter.php(349): CodeIgniter\CodeIgniter->handleRequest()
 9 FCPATH/index.php(57): CodeIgniter\CodeIgniter->run()
CRITICAL - 2023-10-19 17:29:52 --> include(/var/www/html/bmc/ci/app/Views/report.php): Failed to open stream: Permission denied
in SYSTEMPATH/View/View.php on line 213.
 1 SYSTEMPATH/View/View.php(213): CodeIgniter\Debug\Exceptions->errorHandler()
 2 SYSTEMPATH/View/View.php(213): include()
 3 SYSTEMPATH/View/View.php(216): CodeIgniter\View\View->CodeIgniter\View\{closure}()
 4 SYSTEMPATH/Common.php(1135): CodeIgniter\View\View->render()
 5 APPPATH/Controllers/Dashboard.php(24): view()
 6 SYSTEMPATH/CodeIgniter.php(896): App\Controllers\Dashboard->reports()
 7 SYSTEMPATH/CodeIgniter.php(466): CodeIgniter\CodeIgniter->runController()
 8 SYSTEMPATH/CodeIgniter.php(349): CodeIgniter\CodeIgniter->handleRequest()
 9 FCPATH/index.php(57): CodeIgniter\CodeIgniter->run()
ERROR - 2023-10-19 18:12:25 --> Column 'pat_id' in field list is ambiguous
CRITICAL - 2023-10-19 18:12:25 --> Column 'pat_id' in field list is ambiguous
in SYSTEMPATH/Database/MySQLi/Connection.php on line 292.
 1 SYSTEMPATH/Database/MySQLi/Connection.php(292): mysqli->query()
 2 SYSTEMPATH/Database/BaseConnection.php(695): CodeIgniter\Database\MySQLi\Connection->execute()
 3 SYSTEMPATH/Database/BaseConnection.php(609): CodeIgniter\Database\BaseConnection->simpleQuery()
 4 APPPATH/Models/Engine.php(1576): CodeIgniter\Database\BaseConnection->query()
 5 APPPATH/Helpers/global_helper.php(469): App\Models\Engine->retPatIdFromPatref()
 6 APPPATH/Helpers/global_helper.php(455): doProcessGlobalTransaction()
 7 APPPATH/Controllers/Malipo.php(359): doProcessNMBTransaction()
 8 SYSTEMPATH/CodeIgniter.php(896): App\Controllers\Malipo->nmbprocesscallback()
 9 SYSTEMPATH/CodeIgniter.php(466): CodeIgniter\CodeIgniter->runController()
10 SYSTEMPATH/CodeIgniter.php(349): CodeIgniter\CodeIgniter->handleRequest()
11 FCPATH/index.php(57): CodeIgniter\CodeIgniter->run()
ERROR - 2023-10-19 18:14:43 --> Column 'pat_id' in field list is ambiguous
CRITICAL - 2023-10-19 18:14:43 --> Column 'pat_id' in field list is ambiguous
in SYSTEMPATH/Database/MySQLi/Connection.php on line 292.
 1 SYSTEMPATH/Database/MySQLi/Connection.php(292): mysqli->query()
 2 SYSTEMPATH/Database/BaseConnection.php(695): CodeIgniter\Database\MySQLi\Connection->execute()
 3 SYSTEMPATH/Database/BaseConnection.php(609): CodeIgniter\Database\BaseConnection->simpleQuery()
 4 APPPATH/Models/Engine.php(1576): CodeIgniter\Database\BaseConnection->query()
 5 APPPATH/Helpers/global_helper.php(469): App\Models\Engine->retPatIdFromPatref()
 6 APPPATH/Helpers/global_helper.php(455): doProcessGlobalTransaction()
 7 APPPATH/Controllers/Malipo.php(359): doProcessNMBTransaction()
 8 SYSTEMPATH/CodeIgniter.php(896): App\Controllers\Malipo->nmbprocesscallback()
 9 SYSTEMPATH/CodeIgniter.php(466): CodeIgniter\CodeIgniter->runController()
10 SYSTEMPATH/CodeIgniter.php(349): CodeIgniter\CodeIgniter->handleRequest()
11 FCPATH/index.php(57): CodeIgniter\CodeIgniter->run()
ERROR - 2023-10-19 18:14:45 --> Column 'pat_id' in field list is ambiguous
CRITICAL - 2023-10-19 18:14:45 --> Column 'pat_id' in field list is ambiguous
in SYSTEMPATH/Database/MySQLi/Connection.php on line 292.
 1 SYSTEMPATH/Database/MySQLi/Connection.php(292): mysqli->query()
 2 SYSTEMPATH/Database/BaseConnection.php(695): CodeIgniter\Database\MySQLi\Connection->execute()
 3 SYSTEMPATH/Database/BaseConnection.php(609): CodeIgniter\Database\BaseConnection->simpleQuery()
 4 APPPATH/Models/Engine.php(1576): CodeIgniter\Database\BaseConnection->query()
 5 APPPATH/Helpers/global_helper.php(469): App\Models\Engine->retPatIdFromPatref()
 6 APPPATH/Helpers/global_helper.php(455): doProcessGlobalTransaction()
 7 APPPATH/Controllers/Malipo.php(359): doProcessNMBTransaction()
 8 SYSTEMPATH/CodeIgniter.php(896): App\Controllers\Malipo->nmbprocesscallback()
 9 SYSTEMPATH/CodeIgniter.php(466): CodeIgniter\CodeIgniter->runController()
10 SYSTEMPATH/CodeIgniter.php(349): CodeIgniter\CodeIgniter->handleRequest()
11 FCPATH/index.php(57): CodeIgniter\CodeIgniter->run()
CRITICAL - 2023-10-19 10:57:49 --> include_once(/var/www/html/bmc/ci/app/Helpers/global_helper.php): Failed to open stream: Permission denied
in SYSTEMPATH/Common.php on line 665.
 1 SYSTEMPATH/Common.php(665): CodeIgniter\Debug\Exceptions->errorHandler()
 2 SYSTEMPATH/Common.php(665): include_once()
 3 SYSTEMPATH/Controller.php(85): helper()
 4 APPPATH/Controllers/BaseController.php(46): CodeIgniter\Controller->initController()
 5 SYSTEMPATH/CodeIgniter.php(859): App\Controllers\BaseController->initController()
 6 SYSTEMPATH/CodeIgniter.php(457): CodeIgniter\CodeIgniter->createController()
 7 SYSTEMPATH/CodeIgniter.php(349): CodeIgniter\CodeIgniter->handleRequest()
 8 FCPATH/index.php(57): CodeIgniter\CodeIgniter->run()
CRITICAL - 2023-10-19 10:57:58 --> include_once(/var/www/html/bmc/ci/app/Helpers/global_helper.php): Failed to open stream: Permission denied
in SYSTEMPATH/Common.php on line 665.
 1 SYSTEMPATH/Common.php(665): CodeIgniter\Debug\Exceptions->errorHandler()
 2 SYSTEMPATH/Common.php(665): include_once()
 3 SYSTEMPATH/Controller.php(85): helper()
 4 APPPATH/Controllers/BaseController.php(46): CodeIgniter\Controller->initController()
 5 SYSTEMPATH/CodeIgniter.php(859): App\Controllers\BaseController->initController()
 6 SYSTEMPATH/CodeIgniter.php(457): CodeIgniter\CodeIgniter->createController()
 7 SYSTEMPATH/CodeIgniter.php(349): CodeIgniter\CodeIgniter->handleRequest()
 8 FCPATH/index.php(57): CodeIgniter\CodeIgniter->run()
