CRITICAL - 2022-09-07 04:05:56 --> Undefined property: stdClass::$token_ext_reference
in APPPATH\Views\dispUniqueReference.php on line 14.
 1 APPPATH\Views\dispUniqueReference.php(14): CodeIgniter\Debug\Exceptions->errorHandler(8, 'Undefined property: stdClass::$token_ext_reference', 'APPPATH\\Views\\dispUniqueReference.php', 14, [...])
 2 SYSTEMPATH\View\View.php(213): include('APPPATH\\Views\\dispUniqueReference.php')
 3 SYSTEMPATH\View\View.php(216): CodeIgniter\View\View->CodeIgniter\View\{closure}()
 4 SYSTEMPATH\Common.php(1135): CodeIgniter\View\View->render('dispUniqueReference', [], true)
 5 APPPATH\Controllers\Dashboard.php(111): view('dispUniqueReference', [...])
 6 SYSTEMPATH\CodeIgniter.php(896): App\Controllers\Dashboard->searchrefdata()
 7 SYSTEMPATH\CodeIgniter.php(466): CodeIgniter\CodeIgniter->runController(Object(App\Controllers\Dashboard))
 8 SYSTEMPATH\CodeIgniter.php(349): CodeIgniter\CodeIgniter->handleRequest(null, Object(Config\Cache), false)
 9 FCPATH\index.php(57): CodeIgniter\CodeIgniter->run()
ERROR - 2022-09-07 04:07:08 --> Unknown column 'tb1.trans_id' in 'order clause'
CRITICAL - 2022-09-07 04:07:08 --> Unknown column 'tb1.trans_id' in 'order clause'
in SYSTEMPATH\Database\MySQLi\Connection.php on line 292.
 1 SYSTEMPATH\Database\MySQLi\Connection.php(292): mysqli->query('SELECT tb1.* , tb2.* FROM bmc_pay_tokens tb1 
					   INNER JOIN bmc_pay_tokens_status tb2 ON tb2.st_code = tb1.st_code
					   WHERE (tb1.token_ext_reference LIKE \'%8123403687219999%\')  || (tb1.token_ext_phone LIKE \'%8123403687219999%\' ) || 
						  (tb1.token_unique_id LIKE \'%8123403687219999%\') 
					   ORDER BY tb1.trans_id DESC LIMIT 30', 0)
 2 SYSTEMPATH\Database\BaseConnection.php(695): CodeIgniter\Database\MySQLi\Connection->execute('SELECT tb1.* , tb2.* FROM bmc_pay_tokens tb1 
					   INNER JOIN bmc_pay_tokens_status tb2 ON tb2.st_code = tb1.st_code
					   WHERE (tb1.token_ext_reference LIKE \'%8123403687219999%\')  || (tb1.token_ext_phone LIKE \'%8123403687219999%\' ) || 
						  (tb1.token_unique_id LIKE \'%8123403687219999%\') 
					   ORDER BY tb1.trans_id DESC LIMIT 30')
 3 SYSTEMPATH\Database\BaseConnection.php(609): CodeIgniter\Database\BaseConnection->simpleQuery('SELECT tb1.* , tb2.* FROM bmc_pay_tokens tb1 
					   INNER JOIN bmc_pay_tokens_status tb2 ON tb2.st_code = tb1.st_code
					   WHERE (tb1.token_ext_reference LIKE \'%8123403687219999%\')  || (tb1.token_ext_phone LIKE \'%8123403687219999%\' ) || 
						  (tb1.token_unique_id LIKE \'%8123403687219999%\') 
					   ORDER BY tb1.trans_id DESC LIMIT 30')
 4 APPPATH\Models\Engine.php(59): CodeIgniter\Database\BaseConnection->query('SELECT tb1.* , tb2.* FROM bmc_pay_tokens tb1 
					   INNER JOIN bmc_pay_tokens_status tb2 ON tb2.st_code = tb1.st_code
					   WHERE (tb1.token_ext_reference LIKE \'%8123403687219999%\')  || (tb1.token_ext_phone LIKE \'%8123403687219999%\' ) || 
						  (tb1.token_unique_id LIKE \'%8123403687219999%\') 
					   ORDER BY tb1.trans_id DESC LIMIT 30')
 5 APPPATH\Controllers\Dashboard.php(109): App\Models\Engine->srchReferenceData('8123403687219999')
 6 SYSTEMPATH\CodeIgniter.php(896): App\Controllers\Dashboard->searchrefdata()
 7 SYSTEMPATH\CodeIgniter.php(466): CodeIgniter\CodeIgniter->runController(Object(App\Controllers\Dashboard))
 8 SYSTEMPATH\CodeIgniter.php(349): CodeIgniter\CodeIgniter->handleRequest(null, Object(Config\Cache), false)
 9 FCPATH\index.php(57): CodeIgniter\CodeIgniter->run()
CRITICAL - 2022-09-07 06:51:16 --> syntax error, unexpected ')'
in APPPATH\Controllers\Dashboard.php on line 107.
 1 SYSTEMPATH\Router\Router.php(499): CodeIgniter\Router\AutoRouter->getRoute('dashboard')
 2 SYSTEMPATH\Router\Router.php(205): CodeIgniter\Router\Router->autoRoute('dashboard')
 3 SYSTEMPATH\CodeIgniter.php(771): CodeIgniter\Router\Router->handle('dashboard')
 4 SYSTEMPATH\CodeIgniter.php(415): CodeIgniter\CodeIgniter->tryToRouteIt(Object(CodeIgniter\Router\RouteCollection))
 5 SYSTEMPATH\CodeIgniter.php(349): CodeIgniter\CodeIgniter->handleRequest(null, Object(Config\Cache), false)
 6 FCPATH\index.php(57): CodeIgniter\CodeIgniter->run()
