ERROR - 2022-10-05 04:00:21 --> Unknown column 'user_id' in 'where clause'
CRITICAL - 2022-10-05 04:00:21 --> Unknown column 'user_id' in 'where clause'
in SYSTEMPATH\Database\MySQLi\Connection.php on line 292.
 1 SYSTEMPATH\Database\MySQLi\Connection.php(292): mysqli->query('SELECT username  FROM bmc_users WHERE user_id = \'967\' &&  password = \'$2y$10$rlMndyND4R9H.xmHfbsGk.jFosou.0Z1GpIWtcXZHKJYhHxsTuyVi\' LIMIT 1', 0)
 2 SYSTEMPATH\Database\BaseConnection.php(695): CodeIgniter\Database\MySQLi\Connection->execute('SELECT username  FROM bmc_users WHERE user_id = \'967\' &&  password = \'$2y$10$rlMndyND4R9H.xmHfbsGk.jFosou.0Z1GpIWtcXZHKJYhHxsTuyVi\' LIMIT 1')
 3 SYSTEMPATH\Database\BaseConnection.php(609): CodeIgniter\Database\BaseConnection->simpleQuery('SELECT username  FROM bmc_users WHERE user_id = \'967\' &&  password = \'$2y$10$rlMndyND4R9H.xmHfbsGk.jFosou.0Z1GpIWtcXZHKJYhHxsTuyVi\' LIMIT 1')
 4 APPPATH\Models\Engine.php(403): CodeIgniter\Database\BaseConnection->query('SELECT username  FROM bmc_users WHERE user_id = \'967\' &&  password = \'$2y$10$rlMndyND4R9H.xmHfbsGk.jFosou.0Z1GpIWtcXZHKJYhHxsTuyVi\' LIMIT 1')
 5 APPPATH\Controllers\Dashboard.php(465): App\Models\Engine->passAuth('967', 'napendajc')
 6 SYSTEMPATH\CodeIgniter.php(896): App\Controllers\Dashboard->updateuserpass()
 7 SYSTEMPATH\CodeIgniter.php(466): CodeIgniter\CodeIgniter->runController(Object(App\Controllers\Dashboard))
 8 SYSTEMPATH\CodeIgniter.php(349): CodeIgniter\CodeIgniter->handleRequest(null, Object(Config\Cache), false)
 9 FCPATH\index.php(57): CodeIgniter\CodeIgniter->run()
ERROR - 2022-10-05 04:00:26 --> Unknown column 'user_id' in 'where clause'
CRITICAL - 2022-10-05 04:00:26 --> Unknown column 'user_id' in 'where clause'
in SYSTEMPATH\Database\MySQLi\Connection.php on line 292.
 1 SYSTEMPATH\Database\MySQLi\Connection.php(292): mysqli->query('SELECT username  FROM bmc_users WHERE user_id = \'967\' &&  password = \'$2y$10$jRS5gfvAQuoCY.NVaO8KTeNgJCzyj7zDidP13tbZqS.BNCBiV2Ate\' LIMIT 1', 0)
 2 SYSTEMPATH\Database\BaseConnection.php(695): CodeIgniter\Database\MySQLi\Connection->execute('SELECT username  FROM bmc_users WHERE user_id = \'967\' &&  password = \'$2y$10$jRS5gfvAQuoCY.NVaO8KTeNgJCzyj7zDidP13tbZqS.BNCBiV2Ate\' LIMIT 1')
 3 SYSTEMPATH\Database\BaseConnection.php(609): CodeIgniter\Database\BaseConnection->simpleQuery('SELECT username  FROM bmc_users WHERE user_id = \'967\' &&  password = \'$2y$10$jRS5gfvAQuoCY.NVaO8KTeNgJCzyj7zDidP13tbZqS.BNCBiV2Ate\' LIMIT 1')
 4 APPPATH\Models\Engine.php(403): CodeIgniter\Database\BaseConnection->query('SELECT username  FROM bmc_users WHERE user_id = \'967\' &&  password = \'$2y$10$jRS5gfvAQuoCY.NVaO8KTeNgJCzyj7zDidP13tbZqS.BNCBiV2Ate\' LIMIT 1')
 5 APPPATH\Controllers\Dashboard.php(465): App\Models\Engine->passAuth('967', 'napendajc')
 6 SYSTEMPATH\CodeIgniter.php(896): App\Controllers\Dashboard->updateuserpass()
 7 SYSTEMPATH\CodeIgniter.php(466): CodeIgniter\CodeIgniter->runController(Object(App\Controllers\Dashboard))
 8 SYSTEMPATH\CodeIgniter.php(349): CodeIgniter\CodeIgniter->handleRequest(null, Object(Config\Cache), false)
 9 FCPATH\index.php(57): CodeIgniter\CodeIgniter->run()
ERROR - 2022-10-05 04:00:47 --> Unknown column 'user_id' in 'where clause'
CRITICAL - 2022-10-05 04:00:47 --> Unknown column 'user_id' in 'where clause'
in SYSTEMPATH\Database\MySQLi\Connection.php on line 292.
 1 SYSTEMPATH\Database\MySQLi\Connection.php(292): mysqli->query('SELECT username  FROM bmc_users WHERE user_id = \'967\' &&  password = \'$2y$10$sVXfNIcfifgsRR/8pyOW0u1QPMrFkUklgWvZ1i6dNzU5nJZgX3AMy\' LIMIT 1', 0)
 2 SYSTEMPATH\Database\BaseConnection.php(695): CodeIgniter\Database\MySQLi\Connection->execute('SELECT username  FROM bmc_users WHERE user_id = \'967\' &&  password = \'$2y$10$sVXfNIcfifgsRR/8pyOW0u1QPMrFkUklgWvZ1i6dNzU5nJZgX3AMy\' LIMIT 1')
 3 SYSTEMPATH\Database\BaseConnection.php(609): CodeIgniter\Database\BaseConnection->simpleQuery('SELECT username  FROM bmc_users WHERE user_id = \'967\' &&  password = \'$2y$10$sVXfNIcfifgsRR/8pyOW0u1QPMrFkUklgWvZ1i6dNzU5nJZgX3AMy\' LIMIT 1')
 4 APPPATH\Models\Engine.php(403): CodeIgniter\Database\BaseConnection->query('SELECT username  FROM bmc_users WHERE user_id = \'967\' &&  password = \'$2y$10$sVXfNIcfifgsRR/8pyOW0u1QPMrFkUklgWvZ1i6dNzU5nJZgX3AMy\' LIMIT 1')
 5 APPPATH\Controllers\Dashboard.php(465): App\Models\Engine->passAuth('967', 'napendajc')
 6 SYSTEMPATH\CodeIgniter.php(896): App\Controllers\Dashboard->updateuserpass()
 7 SYSTEMPATH\CodeIgniter.php(466): CodeIgniter\CodeIgniter->runController(Object(App\Controllers\Dashboard))
 8 SYSTEMPATH\CodeIgniter.php(349): CodeIgniter\CodeIgniter->handleRequest(null, Object(Config\Cache), false)
 9 FCPATH\index.php(57): CodeIgniter\CodeIgniter->run()
ERROR - 2022-10-05 04:00:51 --> Unknown column 'user_id' in 'where clause'
CRITICAL - 2022-10-05 04:00:51 --> Unknown column 'user_id' in 'where clause'
in SYSTEMPATH\Database\MySQLi\Connection.php on line 292.
 1 SYSTEMPATH\Database\MySQLi\Connection.php(292): mysqli->query('SELECT username  FROM bmc_users WHERE user_id = \'967\' &&  password = \'$2y$10$p9defqGy6Azk6vZ2M3VrlO11iPLs.dzpK0zd7WYyou4ZRFUq35zli\' LIMIT 1', 0)
 2 SYSTEMPATH\Database\BaseConnection.php(695): CodeIgniter\Database\MySQLi\Connection->execute('SELECT username  FROM bmc_users WHERE user_id = \'967\' &&  password = \'$2y$10$p9defqGy6Azk6vZ2M3VrlO11iPLs.dzpK0zd7WYyou4ZRFUq35zli\' LIMIT 1')
 3 SYSTEMPATH\Database\BaseConnection.php(609): CodeIgniter\Database\BaseConnection->simpleQuery('SELECT username  FROM bmc_users WHERE user_id = \'967\' &&  password = \'$2y$10$p9defqGy6Azk6vZ2M3VrlO11iPLs.dzpK0zd7WYyou4ZRFUq35zli\' LIMIT 1')
 4 APPPATH\Models\Engine.php(403): CodeIgniter\Database\BaseConnection->query('SELECT username  FROM bmc_users WHERE user_id = \'967\' &&  password = \'$2y$10$p9defqGy6Azk6vZ2M3VrlO11iPLs.dzpK0zd7WYyou4ZRFUq35zli\' LIMIT 1')
 5 APPPATH\Controllers\Dashboard.php(465): App\Models\Engine->passAuth('967', 'napendajc')
 6 SYSTEMPATH\CodeIgniter.php(896): App\Controllers\Dashboard->updateuserpass()
 7 SYSTEMPATH\CodeIgniter.php(466): CodeIgniter\CodeIgniter->runController(Object(App\Controllers\Dashboard))
 8 SYSTEMPATH\CodeIgniter.php(349): CodeIgniter\CodeIgniter->handleRequest(null, Object(Config\Cache), false)
 9 FCPATH\index.php(57): CodeIgniter\CodeIgniter->run()
ERROR - 2022-10-05 04:03:22 --> Unknown column 'user_id' in 'where clause'
CRITICAL - 2022-10-05 04:03:22 --> Unknown column 'user_id' in 'where clause'
in SYSTEMPATH\Database\MySQLi\Connection.php on line 292.
 1 SYSTEMPATH\Database\MySQLi\Connection.php(292): mysqli->query('SELECT username  FROM bmc_users WHERE user_id = \'967\' &&  password = \'$2y$10$Xy7eeCQbcVAFwbjkZlP6wuAr/FgoWdmjpk/BWfyy.AYVvwTNXxkfe\' LIMIT 1', 0)
 2 SYSTEMPATH\Database\BaseConnection.php(695): CodeIgniter\Database\MySQLi\Connection->execute('SELECT username  FROM bmc_users WHERE user_id = \'967\' &&  password = \'$2y$10$Xy7eeCQbcVAFwbjkZlP6wuAr/FgoWdmjpk/BWfyy.AYVvwTNXxkfe\' LIMIT 1')
 3 SYSTEMPATH\Database\BaseConnection.php(609): CodeIgniter\Database\BaseConnection->simpleQuery('SELECT username  FROM bmc_users WHERE user_id = \'967\' &&  password = \'$2y$10$Xy7eeCQbcVAFwbjkZlP6wuAr/FgoWdmjpk/BWfyy.AYVvwTNXxkfe\' LIMIT 1')
 4 APPPATH\Models\Engine.php(403): CodeIgniter\Database\BaseConnection->query('SELECT username  FROM bmc_users WHERE user_id = \'967\' &&  password = \'$2y$10$Xy7eeCQbcVAFwbjkZlP6wuAr/FgoWdmjpk/BWfyy.AYVvwTNXxkfe\' LIMIT 1')
 5 APPPATH\Controllers\Dashboard.php(464): App\Models\Engine->passAuth('967', 'napendajc')
 6 SYSTEMPATH\CodeIgniter.php(896): App\Controllers\Dashboard->updateuserpass()
 7 SYSTEMPATH\CodeIgniter.php(466): CodeIgniter\CodeIgniter->runController(Object(App\Controllers\Dashboard))
 8 SYSTEMPATH\CodeIgniter.php(349): CodeIgniter\CodeIgniter->handleRequest(null, Object(Config\Cache), false)
 9 FCPATH\index.php(57): CodeIgniter\CodeIgniter->run()
CRITICAL - 2022-10-05 04:37:21 --> Call to undefined method Joomla\CMS\Factory::hashPassword()
in APPPATH\Controllers\Dashboard.php on line 461.
 1 SYSTEMPATH\CodeIgniter.php(896): App\Controllers\Dashboard->updateuserpass()
 2 SYSTEMPATH\CodeIgniter.php(466): CodeIgniter\CodeIgniter->runController(Object(App\Controllers\Dashboard))
 3 SYSTEMPATH\CodeIgniter.php(349): CodeIgniter\CodeIgniter->handleRequest(null, Object(Config\Cache), false)
 4 FCPATH\index.php(57): CodeIgniter\CodeIgniter->run()
CRITICAL - 2022-10-05 04:44:13 --> Class 'Joomla\CMS\UserHelper' not found
in APPPATH\Controllers\Dashboard.php on line 462.
 1 SYSTEMPATH\CodeIgniter.php(896): App\Controllers\Dashboard->updateuserpass()
 2 SYSTEMPATH\CodeIgniter.php(466): CodeIgniter\CodeIgniter->runController(Object(App\Controllers\Dashboard))
 3 SYSTEMPATH\CodeIgniter.php(349): CodeIgniter\CodeIgniter->handleRequest(null, Object(Config\Cache), false)
 4 FCPATH\index.php(57): CodeIgniter\CodeIgniter->run()
CRITICAL - 2022-10-05 04:48:12 --> hash_equals(): Expected known_string to be a string, null given
in C:\xampp\htdocs\bmc1\libraries\src\Crypt\Crypt.php on line 47.
 1 [internal function]: CodeIgniter\Debug\Exceptions->errorHandler(2, 'hash_equals(): Expected known_string to be a string, null given', 'C:\\xampp\\htdocs\\bmc1\\libraries\\src\\Crypt\\Crypt.php', 47, [...])
 2 C:\xampp\htdocs\bmc1\libraries\src\Crypt\Crypt.php(47): hash_equals(null, 'a1ee973a480c7ad77a063c1ecc274695')
 3 C:\xampp\htdocs\bmc1\libraries\src\Authentication\Password\MD5Handler.php(89): Joomla\CMS\Crypt\Crypt::timingSafeCompare(null, 'a1ee973a480c7ad77a063c1ecc274695')
 4 C:\xampp\htdocs\bmc1\libraries\src\Authentication\Password\ChainedHandler.php(108): Joomla\CMS\Authentication\Password\MD5Handler->validatePassword('Napendajc@90', null)
 5 C:\xampp\htdocs\bmc1\libraries\src\User\UserHelper.php(504): Joomla\CMS\Authentication\Password\ChainedHandler->validatePassword('Napendajc@90', null)
 6 APPPATH\Controllers\Dashboard.php(462): Joomla\CMS\User\UserHelper::verifyPassword('Napendajc@90', null, '967')
 7 SYSTEMPATH\CodeIgniter.php(896): App\Controllers\Dashboard->updateuserpass()
 8 SYSTEMPATH\CodeIgniter.php(466): CodeIgniter\CodeIgniter->runController(Object(App\Controllers\Dashboard))
 9 SYSTEMPATH\CodeIgniter.php(349): CodeIgniter\CodeIgniter->handleRequest(null, Object(Config\Cache), false)
10 FCPATH\index.php(57): CodeIgniter\CodeIgniter->run()
CRITICAL - 2022-10-05 04:56:13 --> Undefined variable: AY6pb3Vc3UllbSFTziObsecJFwNmMYOYbuXAx40b3anD
in APPPATH\Controllers\Dashboard.php on line 465.
 1 APPPATH\Controllers\Dashboard.php(465): CodeIgniter\Debug\Exceptions->errorHandler(8, 'Undefined variable: AY6pb3Vc3UllbSFTziObsecJFwNmMYOYbuXAx40b3anD', 'APPPATH\\Controllers\\Dashboard.php', 465, [...])
 2 SYSTEMPATH\CodeIgniter.php(896): App\Controllers\Dashboard->updateuserpass()
 3 SYSTEMPATH\CodeIgniter.php(466): CodeIgniter\CodeIgniter->runController(Object(App\Controllers\Dashboard))
 4 SYSTEMPATH\CodeIgniter.php(349): CodeIgniter\CodeIgniter->handleRequest(null, Object(Config\Cache), false)
 5 FCPATH\index.php(57): CodeIgniter\CodeIgniter->run()
CRITICAL - 2022-10-05 07:41:12 --> Non-static method Joomla\CMS\Application\CMSApplication::getClientId() should not be called statically
in APPPATH\Models\Engine.php on line 449.
 1 APPPATH\Models\Engine.php(449): CodeIgniter\Debug\Exceptions->errorHandler(8192, 'Non-static method Joomla\\CMS\\Application\\CMSApplication::getClientId() should not be called statically', 'APPPATH\\Models\\Engine.php', 449, [...])
 2 APPPATH\Controllers\Dashboard.php(483): App\Models\Engine->updateUserPassword('967', 'Napendajc@90')
 3 SYSTEMPATH\CodeIgniter.php(896): App\Controllers\Dashboard->updateuserpass()
 4 SYSTEMPATH\CodeIgniter.php(466): CodeIgniter\CodeIgniter->runController(Object(App\Controllers\Dashboard))
 5 SYSTEMPATH\CodeIgniter.php(349): CodeIgniter\CodeIgniter->handleRequest(null, Object(Config\Cache), false)
 6 FCPATH\index.php(57): CodeIgniter\CodeIgniter->run()
CRITICAL - 2022-10-05 07:41:46 --> Non-static method Joomla\CMS\Application\CMSApplication::getClientId() should not be called statically
in APPPATH\Models\Engine.php on line 450.
 1 APPPATH\Models\Engine.php(450): CodeIgniter\Debug\Exceptions->errorHandler(8192, 'Non-static method Joomla\\CMS\\Application\\CMSApplication::getClientId() should not be called statically', 'APPPATH\\Models\\Engine.php', 450, [...])
 2 APPPATH\Controllers\Dashboard.php(483): App\Models\Engine->updateUserPassword('967', 'Napendajc@90')
 3 SYSTEMPATH\CodeIgniter.php(896): App\Controllers\Dashboard->updateuserpass()
 4 SYSTEMPATH\CodeIgniter.php(466): CodeIgniter\CodeIgniter->runController(Object(App\Controllers\Dashboard))
 5 SYSTEMPATH\CodeIgniter.php(349): CodeIgniter\CodeIgniter->handleRequest(null, Object(Config\Cache), false)
 6 FCPATH\index.php(57): CodeIgniter\CodeIgniter->run()
CRITICAL - 2022-10-05 07:42:51 --> Non-static method Joomla\CMS\Application\CMSApplication::getClientId() should not be called statically
in APPPATH\Models\Engine.php on line 450.
 1 APPPATH\Models\Engine.php(450): CodeIgniter\Debug\Exceptions->errorHandler(8192, 'Non-static method Joomla\\CMS\\Application\\CMSApplication::getClientId() should not be called statically', 'APPPATH\\Models\\Engine.php', 450, [...])
 2 APPPATH\Controllers\Dashboard.php(483): App\Models\Engine->updateUserPassword('967', 'Napendajc@90')
 3 SYSTEMPATH\CodeIgniter.php(896): App\Controllers\Dashboard->updateuserpass()
 4 SYSTEMPATH\CodeIgniter.php(466): CodeIgniter\CodeIgniter->runController(Object(App\Controllers\Dashboard))
 5 SYSTEMPATH\CodeIgniter.php(349): CodeIgniter\CodeIgniter->handleRequest(null, Object(Config\Cache), false)
 6 FCPATH\index.php(57): CodeIgniter\CodeIgniter->run()
CRITICAL - 2022-10-05 07:43:05 --> Non-static method Joomla\CMS\Application\CMSApplication::getClientId() should not be called statically
in APPPATH\Models\Engine.php on line 450.
 1 APPPATH\Models\Engine.php(450): CodeIgniter\Debug\Exceptions->errorHandler(8192, 'Non-static method Joomla\\CMS\\Application\\CMSApplication::getClientId() should not be called statically', 'APPPATH\\Models\\Engine.php', 450, [...])
 2 APPPATH\Controllers\Dashboard.php(483): App\Models\Engine->updateUserPassword('967', 'Napendajc@90')
 3 SYSTEMPATH\CodeIgniter.php(896): App\Controllers\Dashboard->updateuserpass()
 4 SYSTEMPATH\CodeIgniter.php(466): CodeIgniter\CodeIgniter->runController(Object(App\Controllers\Dashboard))
 5 SYSTEMPATH\CodeIgniter.php(349): CodeIgniter\CodeIgniter->handleRequest(null, Object(Config\Cache), false)
 6 FCPATH\index.php(57): CodeIgniter\CodeIgniter->run()
CRITICAL - 2022-10-05 07:44:44 --> Non-static method Joomla\CMS\Application\CMSApplication::getClientId() should not be called statically
in APPPATH\Models\Engine.php on line 450.
 1 APPPATH\Models\Engine.php(450): CodeIgniter\Debug\Exceptions->errorHandler(8192, 'Non-static method Joomla\\CMS\\Application\\CMSApplication::getClientId() should not be called statically', 'APPPATH\\Models\\Engine.php', 450, [...])
 2 APPPATH\Controllers\Dashboard.php(483): App\Models\Engine->updateUserPassword('967', 'Napendajc@90')
 3 SYSTEMPATH\CodeIgniter.php(896): App\Controllers\Dashboard->updateuserpass()
 4 SYSTEMPATH\CodeIgniter.php(466): CodeIgniter\CodeIgniter->runController(Object(App\Controllers\Dashboard))
 5 SYSTEMPATH\CodeIgniter.php(349): CodeIgniter\CodeIgniter->handleRequest(null, Object(Config\Cache), false)
 6 FCPATH\index.php(57): CodeIgniter\CodeIgniter->run()
CRITICAL - 2022-10-05 07:47:51 --> Non-static method Joomla\CMS\Application\CMSApplication::getClientId() should not be called statically
in APPPATH\Models\Engine.php on line 450.
 1 APPPATH\Models\Engine.php(450): CodeIgniter\Debug\Exceptions->errorHandler(8192, 'Non-static method Joomla\\CMS\\Application\\CMSApplication::getClientId() should not be called statically', 'APPPATH\\Models\\Engine.php', 450, [...])
 2 APPPATH\Controllers\Dashboard.php(483): App\Models\Engine->updateUserPassword('967', 'Napendajc@90')
 3 SYSTEMPATH\CodeIgniter.php(896): App\Controllers\Dashboard->updateuserpass()
 4 SYSTEMPATH\CodeIgniter.php(466): CodeIgniter\CodeIgniter->runController(Object(App\Controllers\Dashboard))
 5 SYSTEMPATH\CodeIgniter.php(349): CodeIgniter\CodeIgniter->handleRequest(null, Object(Config\Cache), false)
 6 FCPATH\index.php(57): CodeIgniter\CodeIgniter->run()
CRITICAL - 2022-10-05 07:48:14 --> Non-static method Joomla\CMS\Application\CMSApplication::getClientId() should not be called statically
in APPPATH\Models\Engine.php on line 450.
 1 APPPATH\Models\Engine.php(450): CodeIgniter\Debug\Exceptions->errorHandler(8192, 'Non-static method Joomla\\CMS\\Application\\CMSApplication::getClientId() should not be called statically', 'APPPATH\\Models\\Engine.php', 450, [...])
 2 APPPATH\Controllers\Dashboard.php(483): App\Models\Engine->updateUserPassword('967', 'Napendajc@90')
 3 SYSTEMPATH\CodeIgniter.php(896): App\Controllers\Dashboard->updateuserpass()
 4 SYSTEMPATH\CodeIgniter.php(466): CodeIgniter\CodeIgniter->runController(Object(App\Controllers\Dashboard))
 5 SYSTEMPATH\CodeIgniter.php(349): CodeIgniter\CodeIgniter->handleRequest(null, Object(Config\Cache), false)
 6 FCPATH\index.php(57): CodeIgniter\CodeIgniter->run()
CRITICAL - 2022-10-05 07:49:14 --> Non-static method Joomla\CMS\Application\CMSApplication::getClientId() should not be called statically
in APPPATH\Models\Engine.php on line 450.
 1 APPPATH\Models\Engine.php(450): CodeIgniter\Debug\Exceptions->errorHandler(8192, 'Non-static method Joomla\\CMS\\Application\\CMSApplication::getClientId() should not be called statically', 'APPPATH\\Models\\Engine.php', 450, [...])
 2 APPPATH\Controllers\Dashboard.php(483): App\Models\Engine->updateUserPassword('967', 'Napendajc@90')
 3 SYSTEMPATH\CodeIgniter.php(896): App\Controllers\Dashboard->updateuserpass()
 4 SYSTEMPATH\CodeIgniter.php(466): CodeIgniter\CodeIgniter->runController(Object(App\Controllers\Dashboard))
 5 SYSTEMPATH\CodeIgniter.php(349): CodeIgniter\CodeIgniter->handleRequest(null, Object(Config\Cache), false)
 6 FCPATH\index.php(57): CodeIgniter\CodeIgniter->run()
CRITICAL - 2022-10-05 07:49:54 --> Non-static method Joomla\CMS\Application\CMSApplication::getClientId() should not be called statically
in APPPATH\Models\Engine.php on line 450.
 1 APPPATH\Models\Engine.php(450): CodeIgniter\Debug\Exceptions->errorHandler(8192, 'Non-static method Joomla\\CMS\\Application\\CMSApplication::getClientId() should not be called statically', 'APPPATH\\Models\\Engine.php', 450, [...])
 2 APPPATH\Controllers\Dashboard.php(483): App\Models\Engine->updateUserPassword('967', 'Napendajc@90')
 3 SYSTEMPATH\CodeIgniter.php(896): App\Controllers\Dashboard->updateuserpass()
 4 SYSTEMPATH\CodeIgniter.php(466): CodeIgniter\CodeIgniter->runController(Object(App\Controllers\Dashboard))
 5 SYSTEMPATH\CodeIgniter.php(349): CodeIgniter\CodeIgniter->handleRequest(null, Object(Config\Cache), false)
 6 FCPATH\index.php(57): CodeIgniter\CodeIgniter->run()
CRITICAL - 2022-10-05 07:50:04 --> Class 'Joomla\CMS\Application\ApiApplications' not found
in APPPATH\Models\Engine.php on line 450.
 1 APPPATH\Controllers\Dashboard.php(483): App\Models\Engine->updateUserPassword('967', 'Napendajc@90')
 2 SYSTEMPATH\CodeIgniter.php(896): App\Controllers\Dashboard->updateuserpass()
 3 SYSTEMPATH\CodeIgniter.php(466): CodeIgniter\CodeIgniter->runController(Object(App\Controllers\Dashboard))
 4 SYSTEMPATH\CodeIgniter.php(349): CodeIgniter\CodeIgniter->handleRequest(null, Object(Config\Cache), false)
 5 FCPATH\index.php(57): CodeIgniter\CodeIgniter->run()
CRITICAL - 2022-10-05 07:54:25 --> Undefined variable: mclientid
in APPPATH\Models\Engine.php on line 453.
 1 APPPATH\Models\Engine.php(453): CodeIgniter\Debug\Exceptions->errorHandler(8, 'Undefined variable: mclientid', 'APPPATH\\Models\\Engine.php', 453, [...])
 2 APPPATH\Controllers\Dashboard.php(483): App\Models\Engine->updateUserPassword('967', 'Napendajc@90')
 3 SYSTEMPATH\CodeIgniter.php(896): App\Controllers\Dashboard->updateuserpass()
 4 SYSTEMPATH\CodeIgniter.php(466): CodeIgniter\CodeIgniter->runController(Object(App\Controllers\Dashboard))
 5 SYSTEMPATH\CodeIgniter.php(349): CodeIgniter\CodeIgniter->handleRequest(null, Object(Config\Cache), false)
 6 FCPATH\index.php(57): CodeIgniter\CodeIgniter->run()
CRITICAL - 2022-10-05 07:58:08 --> Call to undefined method Joomla\CMS\Factory::getClientId()
in APPPATH\Controllers\Dashboard.php on line 463.
 1 SYSTEMPATH\CodeIgniter.php(896): App\Controllers\Dashboard->updateuserpass()
 2 SYSTEMPATH\CodeIgniter.php(466): CodeIgniter\CodeIgniter->runController(Object(App\Controllers\Dashboard))
 3 SYSTEMPATH\CodeIgniter.php(349): CodeIgniter\CodeIgniter->handleRequest(null, Object(Config\Cache), false)
 4 FCPATH\index.php(57): CodeIgniter\CodeIgniter->run()
CRITICAL - 2022-10-05 07:58:44 --> Class 'Joomla\CMS\Application' not found
in APPPATH\Models\Engine.php on line 450.
 1 APPPATH\Controllers\Dashboard.php(487): App\Models\Engine->updateUserPassword('967', 'Napendajc@90')
 2 SYSTEMPATH\CodeIgniter.php(896): App\Controllers\Dashboard->updateuserpass()
 3 SYSTEMPATH\CodeIgniter.php(466): CodeIgniter\CodeIgniter->runController(Object(App\Controllers\Dashboard))
 4 SYSTEMPATH\CodeIgniter.php(349): CodeIgniter\CodeIgniter->handleRequest(null, Object(Config\Cache), false)
 5 FCPATH\index.php(57): CodeIgniter\CodeIgniter->run()
CRITICAL - 2022-10-05 08:00:08 --> Class 'Joomla\CMS\Application' not found
in APPPATH\Models\Engine.php on line 450.
 1 APPPATH\Controllers\Dashboard.php(487): App\Models\Engine->updateUserPassword('967', 'Napendajc@90')
 2 SYSTEMPATH\CodeIgniter.php(896): App\Controllers\Dashboard->updateuserpass()
 3 SYSTEMPATH\CodeIgniter.php(466): CodeIgniter\CodeIgniter->runController(Object(App\Controllers\Dashboard))
 4 SYSTEMPATH\CodeIgniter.php(349): CodeIgniter\CodeIgniter->handleRequest(null, Object(Config\Cache), false)
 5 FCPATH\index.php(57): CodeIgniter\CodeIgniter->run()
