CRITICAL - 2022-10-21 06:57:22 --> Undefined variable: sesionLanguage
in APPPATH\Views\popUserNew.php on line 51.
 1 APPPATH\Views\popUserNew.php(51): CodeIgniter\Debug\Exceptions->errorHandler(8, 'Undefined variable: sesionLanguage', 'APPPATH\\Views\\popUserNew.php', 51, [...])
 2 SYSTEMPATH\View\View.php(213): include('APPPATH\\Views\\popUserNew.php')
 3 SYSTEMPATH\View\View.php(216): CodeIgniter\View\View->CodeIgniter\View\{closure}()
 4 SYSTEMPATH\Common.php(1135): CodeIgniter\View\View->render('popUserNew', [], true)
 5 APPPATH\Controllers\Dashboard.php(245): view('popUserNew', [...])
 6 SYSTEMPATH\CodeIgniter.php(896): App\Controllers\Dashboard->fetchnewuserform()
 7 SYSTEMPATH\CodeIgniter.php(466): CodeIgniter\CodeIgniter->runController(Object(App\Controllers\Dashboard))
 8 SYSTEMPATH\CodeIgniter.php(349): CodeIgniter\CodeIgniter->handleRequest(null, Object(Config\Cache), false)
 9 FCPATH\index.php(57): CodeIgniter\CodeIgniter->run()
CRITICAL - 2022-10-21 06:58:03 --> Undefined variable: sesionLanguage
in APPPATH\Views\popUserNew.php on line 51.
 1 APPPATH\Views\popUserNew.php(51): CodeIgniter\Debug\Exceptions->errorHandler(8, 'Undefined variable: sesionLanguage', 'APPPATH\\Views\\popUserNew.php', 51, [...])
 2 SYSTEMPATH\View\View.php(213): include('APPPATH\\Views\\popUserNew.php')
 3 SYSTEMPATH\View\View.php(216): CodeIgniter\View\View->CodeIgniter\View\{closure}()
 4 SYSTEMPATH\Common.php(1135): CodeIgniter\View\View->render('popUserNew', [], true)
 5 APPPATH\Controllers\Dashboard.php(245): view('popUserNew', [...])
 6 SYSTEMPATH\CodeIgniter.php(896): App\Controllers\Dashboard->fetchnewuserform()
 7 SYSTEMPATH\CodeIgniter.php(466): CodeIgniter\CodeIgniter->runController(Object(App\Controllers\Dashboard))
 8 SYSTEMPATH\CodeIgniter.php(349): CodeIgniter\CodeIgniter->handleRequest(null, Object(Config\Cache), false)
 9 FCPATH\index.php(57): CodeIgniter\CodeIgniter->run()
CRITICAL - 2022-10-21 06:59:56 --> Undefined variable: userData
in APPPATH\Views\popUserNew.php on line 57.
 1 APPPATH\Views\popUserNew.php(57): CodeIgniter\Debug\Exceptions->errorHandler(8, 'Undefined variable: userData', 'APPPATH\\Views\\popUserNew.php', 57, [...])
 2 SYSTEMPATH\View\View.php(213): include('APPPATH\\Views\\popUserNew.php')
 3 SYSTEMPATH\View\View.php(216): CodeIgniter\View\View->CodeIgniter\View\{closure}()
 4 SYSTEMPATH\Common.php(1135): CodeIgniter\View\View->render('popUserNew', [], true)
 5 APPPATH\Controllers\Dashboard.php(247): view('popUserNew', [...])
 6 SYSTEMPATH\CodeIgniter.php(896): App\Controllers\Dashboard->fetchnewuserform()
 7 SYSTEMPATH\CodeIgniter.php(466): CodeIgniter\CodeIgniter->runController(Object(App\Controllers\Dashboard))
 8 SYSTEMPATH\CodeIgniter.php(349): CodeIgniter\CodeIgniter->handleRequest(null, Object(Config\Cache), false)
 9 FCPATH\index.php(57): CodeIgniter\CodeIgniter->run()
CRITICAL - 2022-10-21 07:01:13 --> Undefined variable: user_id
in APPPATH\Controllers\Dashboard.php on line 246.
 1 APPPATH\Controllers\Dashboard.php(246): CodeIgniter\Debug\Exceptions->errorHandler(8, 'Undefined variable: user_id', 'APPPATH\\Controllers\\Dashboard.php', 246, [...])
 2 SYSTEMPATH\CodeIgniter.php(896): App\Controllers\Dashboard->fetchnewuserform()
 3 SYSTEMPATH\CodeIgniter.php(466): CodeIgniter\CodeIgniter->runController(Object(App\Controllers\Dashboard))
 4 SYSTEMPATH\CodeIgniter.php(349): CodeIgniter\CodeIgniter->handleRequest(null, Object(Config\Cache), false)
 5 FCPATH\index.php(57): CodeIgniter\CodeIgniter->run()
