CRITICAL - 2023-05-23 03:38:36 --> Trying to get property 'loginHeaderLabel' of non-object
in APPPATH\Views\login.php on line 19.
 1 APPPATH\Views\login.php(19): CodeIgniter\Debug\Exceptions->errorHandler(8, 'Trying to get property \'loginHeaderLabel\' of non-object', 'APPPATH\\Views\\login.php', 19, [...])
 2 SYSTEMPATH\View\View.php(213): include('APPPATH\\Views\\login.php')
 3 SYSTEMPATH\View\View.php(216): CodeIgniter\View\View->CodeIgniter\View\{closure}()
 4 SYSTEMPATH\Common.php(1135): CodeIgniter\View\View->render('login', [], true)
 5 APPPATH\Controllers\Login.php(13): view('login', [...])
 6 SYSTEMPATH\CodeIgniter.php(896): App\Controllers\Login->index()
 7 SYSTEMPATH\CodeIgniter.php(466): CodeIgniter\CodeIgniter->runController(Object(App\Controllers\Login))
 8 SYSTEMPATH\CodeIgniter.php(349): CodeIgniter\CodeIgniter->handleRequest(null, Object(Config\Cache), false)
 9 FCPATH\index.php(57): CodeIgniter\CodeIgniter->run()
CRITICAL - 2023-05-23 06:14:09 --> Trying to get property 'loginHeaderLabel' of non-object
in APPPATH\Views\login.php on line 19.
 1 APPPATH\Views\login.php(19): CodeIgniter\Debug\Exceptions->errorHandler(8, 'Trying to get property \'loginHeaderLabel\' of non-object', 'APPPATH\\Views\\login.php', 19, [...])
 2 SYSTEMPATH\View\View.php(213): include('APPPATH\\Views\\login.php')
 3 SYSTEMPATH\View\View.php(216): CodeIgniter\View\View->CodeIgniter\View\{closure}()
 4 SYSTEMPATH\Common.php(1135): CodeIgniter\View\View->render('login', [], true)
 5 APPPATH\Controllers\Login.php(13): view('login', [...])
 6 SYSTEMPATH\CodeIgniter.php(896): App\Controllers\Login->index()
 7 SYSTEMPATH\CodeIgniter.php(466): CodeIgniter\CodeIgniter->runController(Object(App\Controllers\Login))
 8 SYSTEMPATH\CodeIgniter.php(349): CodeIgniter\CodeIgniter->handleRequest(null, Object(Config\Cache), false)
 9 FCPATH\index.php(57): CodeIgniter\CodeIgniter->run()
CRITICAL - 2023-05-23 06:26:20 --> Undefined variable: sesionLanguage
in APPPATH\Views\popUserNew.php on line 6.
 1 APPPATH\Views\popUserNew.php(6): CodeIgniter\Debug\Exceptions->errorHandler(8, 'Undefined variable: sesionLanguage', 'APPPATH\\Views\\popUserNew.php', 6, [...])
 2 SYSTEMPATH\View\View.php(213): include('APPPATH\\Views\\popUserNew.php')
 3 SYSTEMPATH\View\View.php(216): CodeIgniter\View\View->CodeIgniter\View\{closure}()
 4 SYSTEMPATH\Common.php(1135): CodeIgniter\View\View->render('popUserNew', [], true)
 5 APPPATH\Controllers\Dashboard.php(271): view('popUserNew', [...])
 6 SYSTEMPATH\CodeIgniter.php(896): App\Controllers\Dashboard->fetchpatform()
 7 SYSTEMPATH\CodeIgniter.php(466): CodeIgniter\CodeIgniter->runController(Object(App\Controllers\Dashboard))
 8 SYSTEMPATH\CodeIgniter.php(349): CodeIgniter\CodeIgniter->handleRequest(null, Object(Config\Cache), false)
 9 FCPATH\index.php(57): CodeIgniter\CodeIgniter->run()
CRITICAL - 2023-05-23 06:29:24 --> Undefined variable: sesionLanguage
in APPPATH\Views\popUserNew.php on line 6.
 1 APPPATH\Views\popUserNew.php(6): CodeIgniter\Debug\Exceptions->errorHandler(8, 'Undefined variable: sesionLanguage', 'APPPATH\\Views\\popUserNew.php', 6, [...])
 2 SYSTEMPATH\View\View.php(213): include('APPPATH\\Views\\popUserNew.php')
 3 SYSTEMPATH\View\View.php(216): CodeIgniter\View\View->CodeIgniter\View\{closure}()
 4 SYSTEMPATH\Common.php(1135): CodeIgniter\View\View->render('popUserNew', [], true)
 5 APPPATH\Controllers\Dashboard.php(274): view('popUserNew', [...])
 6 SYSTEMPATH\CodeIgniter.php(896): App\Controllers\Dashboard->fetchpatform()
 7 SYSTEMPATH\CodeIgniter.php(466): CodeIgniter\CodeIgniter->runController(Object(App\Controllers\Dashboard))
 8 SYSTEMPATH\CodeIgniter.php(349): CodeIgniter\CodeIgniter->handleRequest(null, Object(Config\Cache), false)
 9 FCPATH\index.php(57): CodeIgniter\CodeIgniter->run()
CRITICAL - 2023-05-23 06:29:26 --> Undefined variable: sesionLanguage
in APPPATH\Views\popUserNew.php on line 6.
 1 APPPATH\Views\popUserNew.php(6): CodeIgniter\Debug\Exceptions->errorHandler(8, 'Undefined variable: sesionLanguage', 'APPPATH\\Views\\popUserNew.php', 6, [...])
 2 SYSTEMPATH\View\View.php(213): include('APPPATH\\Views\\popUserNew.php')
 3 SYSTEMPATH\View\View.php(216): CodeIgniter\View\View->CodeIgniter\View\{closure}()
 4 SYSTEMPATH\Common.php(1135): CodeIgniter\View\View->render('popUserNew', [], true)
 5 APPPATH\Controllers\Dashboard.php(274): view('popUserNew', [...])
 6 SYSTEMPATH\CodeIgniter.php(896): App\Controllers\Dashboard->fetchpatform()
 7 SYSTEMPATH\CodeIgniter.php(466): CodeIgniter\CodeIgniter->runController(Object(App\Controllers\Dashboard))
 8 SYSTEMPATH\CodeIgniter.php(349): CodeIgniter\CodeIgniter->handleRequest(null, Object(Config\Cache), false)
 9 FCPATH\index.php(57): CodeIgniter\CodeIgniter->run()
CRITICAL - 2023-05-23 06:30:11 --> Undefined variable: sesionLanguage
in APPPATH\Views\popUserNew.php on line 6.
 1 APPPATH\Views\popUserNew.php(6): CodeIgniter\Debug\Exceptions->errorHandler(8, 'Undefined variable: sesionLanguage', 'APPPATH\\Views\\popUserNew.php', 6, [...])
 2 SYSTEMPATH\View\View.php(213): include('APPPATH\\Views\\popUserNew.php')
 3 SYSTEMPATH\View\View.php(216): CodeIgniter\View\View->CodeIgniter\View\{closure}()
 4 SYSTEMPATH\Common.php(1135): CodeIgniter\View\View->render('popUserNew', [], true)
 5 APPPATH\Controllers\Dashboard.php(274): view('popUserNew', [...])
 6 SYSTEMPATH\CodeIgniter.php(896): App\Controllers\Dashboard->fetchpatform()
 7 SYSTEMPATH\CodeIgniter.php(466): CodeIgniter\CodeIgniter->runController(Object(App\Controllers\Dashboard))
 8 SYSTEMPATH\CodeIgniter.php(349): CodeIgniter\CodeIgniter->handleRequest(null, Object(Config\Cache), false)
 9 FCPATH\index.php(57): CodeIgniter\CodeIgniter->run()
CRITICAL - 2023-05-23 06:30:33 --> Undefined variable: sesionLanguage
in APPPATH\Views\popUserNew.php on line 6.
 1 APPPATH\Views\popUserNew.php(6): CodeIgniter\Debug\Exceptions->errorHandler(8, 'Undefined variable: sesionLanguage', 'APPPATH\\Views\\popUserNew.php', 6, [...])
 2 SYSTEMPATH\View\View.php(213): include('APPPATH\\Views\\popUserNew.php')
 3 SYSTEMPATH\View\View.php(216): CodeIgniter\View\View->CodeIgniter\View\{closure}()
 4 SYSTEMPATH\Common.php(1135): CodeIgniter\View\View->render('popUserNew', [], true)
 5 APPPATH\Controllers\Dashboard.php(274): view('popUserNew', [...])
 6 SYSTEMPATH\CodeIgniter.php(896): App\Controllers\Dashboard->fetchpatform()
 7 SYSTEMPATH\CodeIgniter.php(466): CodeIgniter\CodeIgniter->runController(Object(App\Controllers\Dashboard))
 8 SYSTEMPATH\CodeIgniter.php(349): CodeIgniter\CodeIgniter->handleRequest(null, Object(Config\Cache), false)
 9 FCPATH\index.php(57): CodeIgniter\CodeIgniter->run()
CRITICAL - 2023-05-23 06:30:47 --> Undefined variable: sesionLanguage
in APPPATH\Views\popUserNew.php on line 6.
 1 APPPATH\Views\popUserNew.php(6): CodeIgniter\Debug\Exceptions->errorHandler(8, 'Undefined variable: sesionLanguage', 'APPPATH\\Views\\popUserNew.php', 6, [...])
 2 SYSTEMPATH\View\View.php(213): include('APPPATH\\Views\\popUserNew.php')
 3 SYSTEMPATH\View\View.php(216): CodeIgniter\View\View->CodeIgniter\View\{closure}()
 4 SYSTEMPATH\Common.php(1135): CodeIgniter\View\View->render('popUserNew', [], true)
 5 APPPATH\Controllers\Dashboard.php(274): view('popUserNew', [...])
 6 SYSTEMPATH\CodeIgniter.php(896): App\Controllers\Dashboard->fetchpatform()
 7 SYSTEMPATH\CodeIgniter.php(466): CodeIgniter\CodeIgniter->runController(Object(App\Controllers\Dashboard))
 8 SYSTEMPATH\CodeIgniter.php(349): CodeIgniter\CodeIgniter->handleRequest(null, Object(Config\Cache), false)
 9 FCPATH\index.php(57): CodeIgniter\CodeIgniter->run()
CRITICAL - 2023-05-23 06:30:49 --> Undefined variable: sesionLanguage
in APPPATH\Views\popUserNew.php on line 6.
 1 APPPATH\Views\popUserNew.php(6): CodeIgniter\Debug\Exceptions->errorHandler(8, 'Undefined variable: sesionLanguage', 'APPPATH\\Views\\popUserNew.php', 6, [...])
 2 SYSTEMPATH\View\View.php(213): include('APPPATH\\Views\\popUserNew.php')
 3 SYSTEMPATH\View\View.php(216): CodeIgniter\View\View->CodeIgniter\View\{closure}()
 4 SYSTEMPATH\Common.php(1135): CodeIgniter\View\View->render('popUserNew', [], true)
 5 APPPATH\Controllers\Dashboard.php(274): view('popUserNew', [...])
 6 SYSTEMPATH\CodeIgniter.php(896): App\Controllers\Dashboard->fetchpatform()
 7 SYSTEMPATH\CodeIgniter.php(466): CodeIgniter\CodeIgniter->runController(Object(App\Controllers\Dashboard))
 8 SYSTEMPATH\CodeIgniter.php(349): CodeIgniter\CodeIgniter->handleRequest(null, Object(Config\Cache), false)
 9 FCPATH\index.php(57): CodeIgniter\CodeIgniter->run()
CRITICAL - 2023-05-23 06:31:22 --> Undefined variable: sesionLanguage
in APPPATH\Views\popUserNew.php on line 6.
 1 APPPATH\Views\popUserNew.php(6): CodeIgniter\Debug\Exceptions->errorHandler(8, 'Undefined variable: sesionLanguage', 'APPPATH\\Views\\popUserNew.php', 6, [...])
 2 SYSTEMPATH\View\View.php(213): include('APPPATH\\Views\\popUserNew.php')
 3 SYSTEMPATH\View\View.php(216): CodeIgniter\View\View->CodeIgniter\View\{closure}()
 4 SYSTEMPATH\Common.php(1135): CodeIgniter\View\View->render('popUserNew', [], true)
 5 APPPATH\Controllers\Dashboard.php(274): view('popUserNew', [...])
 6 SYSTEMPATH\CodeIgniter.php(896): App\Controllers\Dashboard->fetchpatform()
 7 SYSTEMPATH\CodeIgniter.php(466): CodeIgniter\CodeIgniter->runController(Object(App\Controllers\Dashboard))
 8 SYSTEMPATH\CodeIgniter.php(349): CodeIgniter\CodeIgniter->handleRequest(null, Object(Config\Cache), false)
 9 FCPATH\index.php(57): CodeIgniter\CodeIgniter->run()
CRITICAL - 2023-05-23 06:31:24 --> Undefined variable: sesionLanguage
in APPPATH\Views\popUserNew.php on line 6.
 1 APPPATH\Views\popUserNew.php(6): CodeIgniter\Debug\Exceptions->errorHandler(8, 'Undefined variable: sesionLanguage', 'APPPATH\\Views\\popUserNew.php', 6, [...])
 2 SYSTEMPATH\View\View.php(213): include('APPPATH\\Views\\popUserNew.php')
 3 SYSTEMPATH\View\View.php(216): CodeIgniter\View\View->CodeIgniter\View\{closure}()
 4 SYSTEMPATH\Common.php(1135): CodeIgniter\View\View->render('popUserNew', [], true)
 5 APPPATH\Controllers\Dashboard.php(274): view('popUserNew', [...])
 6 SYSTEMPATH\CodeIgniter.php(896): App\Controllers\Dashboard->fetchpatform()
 7 SYSTEMPATH\CodeIgniter.php(466): CodeIgniter\CodeIgniter->runController(Object(App\Controllers\Dashboard))
 8 SYSTEMPATH\CodeIgniter.php(349): CodeIgniter\CodeIgniter->handleRequest(null, Object(Config\Cache), false)
 9 FCPATH\index.php(57): CodeIgniter\CodeIgniter->run()
CRITICAL - 2023-05-23 06:31:25 --> Undefined variable: sesionLanguage
in APPPATH\Views\popUserNew.php on line 6.
 1 APPPATH\Views\popUserNew.php(6): CodeIgniter\Debug\Exceptions->errorHandler(8, 'Undefined variable: sesionLanguage', 'APPPATH\\Views\\popUserNew.php', 6, [...])
 2 SYSTEMPATH\View\View.php(213): include('APPPATH\\Views\\popUserNew.php')
 3 SYSTEMPATH\View\View.php(216): CodeIgniter\View\View->CodeIgniter\View\{closure}()
 4 SYSTEMPATH\Common.php(1135): CodeIgniter\View\View->render('popUserNew', [], true)
 5 APPPATH\Controllers\Dashboard.php(274): view('popUserNew', [...])
 6 SYSTEMPATH\CodeIgniter.php(896): App\Controllers\Dashboard->fetchpatform()
 7 SYSTEMPATH\CodeIgniter.php(466): CodeIgniter\CodeIgniter->runController(Object(App\Controllers\Dashboard))
 8 SYSTEMPATH\CodeIgniter.php(349): CodeIgniter\CodeIgniter->handleRequest(null, Object(Config\Cache), false)
 9 FCPATH\index.php(57): CodeIgniter\CodeIgniter->run()
CRITICAL - 2023-05-23 06:31:44 --> Undefined variable: sesionLanguage
in APPPATH\Views\popUserNew.php on line 6.
 1 APPPATH\Views\popUserNew.php(6): CodeIgniter\Debug\Exceptions->errorHandler(8, 'Undefined variable: sesionLanguage', 'APPPATH\\Views\\popUserNew.php', 6, [...])
 2 SYSTEMPATH\View\View.php(213): include('APPPATH\\Views\\popUserNew.php')
 3 SYSTEMPATH\View\View.php(216): CodeIgniter\View\View->CodeIgniter\View\{closure}()
 4 SYSTEMPATH\Common.php(1135): CodeIgniter\View\View->render('popUserNew', [], true)
 5 APPPATH\Controllers\Dashboard.php(274): view('popUserNew', [...])
 6 SYSTEMPATH\CodeIgniter.php(896): App\Controllers\Dashboard->fetchpatform()
 7 SYSTEMPATH\CodeIgniter.php(466): CodeIgniter\CodeIgniter->runController(Object(App\Controllers\Dashboard))
 8 SYSTEMPATH\CodeIgniter.php(349): CodeIgniter\CodeIgniter->handleRequest(null, Object(Config\Cache), false)
 9 FCPATH\index.php(57): CodeIgniter\CodeIgniter->run()
CRITICAL - 2023-05-23 06:31:46 --> Undefined variable: sesionLanguage
in APPPATH\Views\popUserNew.php on line 6.
 1 APPPATH\Views\popUserNew.php(6): CodeIgniter\Debug\Exceptions->errorHandler(8, 'Undefined variable: sesionLanguage', 'APPPATH\\Views\\popUserNew.php', 6, [...])
 2 SYSTEMPATH\View\View.php(213): include('APPPATH\\Views\\popUserNew.php')
 3 SYSTEMPATH\View\View.php(216): CodeIgniter\View\View->CodeIgniter\View\{closure}()
 4 SYSTEMPATH\Common.php(1135): CodeIgniter\View\View->render('popUserNew', [], true)
 5 APPPATH\Controllers\Dashboard.php(274): view('popUserNew', [...])
 6 SYSTEMPATH\CodeIgniter.php(896): App\Controllers\Dashboard->fetchpatform()
 7 SYSTEMPATH\CodeIgniter.php(466): CodeIgniter\CodeIgniter->runController(Object(App\Controllers\Dashboard))
 8 SYSTEMPATH\CodeIgniter.php(349): CodeIgniter\CodeIgniter->handleRequest(null, Object(Config\Cache), false)
 9 FCPATH\index.php(57): CodeIgniter\CodeIgniter->run()
CRITICAL - 2023-05-23 06:32:46 --> Undefined variable: sesionLanguage
in APPPATH\Views\newPatientForm.php on line 5.
 1 APPPATH\Views\newPatientForm.php(5): CodeIgniter\Debug\Exceptions->errorHandler(8, 'Undefined variable: sesionLanguage', 'APPPATH\\Views\\newPatientForm.php', 5, [...])
 2 SYSTEMPATH\View\View.php(213): include('APPPATH\\Views\\newPatientForm.php')
 3 SYSTEMPATH\View\View.php(216): CodeIgniter\View\View->CodeIgniter\View\{closure}()
 4 SYSTEMPATH\Common.php(1135): CodeIgniter\View\View->render('newPatientForm', [], true)
 5 APPPATH\Controllers\Dashboard.php(274): view('newPatientForm', [...])
 6 SYSTEMPATH\CodeIgniter.php(896): App\Controllers\Dashboard->fetchpatform()
 7 SYSTEMPATH\CodeIgniter.php(466): CodeIgniter\CodeIgniter->runController(Object(App\Controllers\Dashboard))
 8 SYSTEMPATH\CodeIgniter.php(349): CodeIgniter\CodeIgniter->handleRequest(null, Object(Config\Cache), false)
 9 FCPATH\index.php(57): CodeIgniter\CodeIgniter->run()
CRITICAL - 2023-05-23 06:33:20 --> Undefined property: CodeIgniter\View\View::$sesionLanguage
in APPPATH\Views\newPatientForm.php on line 5.
 1 APPPATH\Views\newPatientForm.php(5): CodeIgniter\Debug\Exceptions->errorHandler(8, 'Undefined property: CodeIgniter\\View\\View::$sesionLanguage', 'APPPATH\\Views\\newPatientForm.php', 5, [...])
 2 SYSTEMPATH\View\View.php(213): include('APPPATH\\Views\\newPatientForm.php')
 3 SYSTEMPATH\View\View.php(216): CodeIgniter\View\View->CodeIgniter\View\{closure}()
 4 SYSTEMPATH\Common.php(1135): CodeIgniter\View\View->render('newPatientForm', [], true)
 5 APPPATH\Controllers\Dashboard.php(274): view('newPatientForm', [...])
 6 SYSTEMPATH\CodeIgniter.php(896): App\Controllers\Dashboard->fetchpatform()
 7 SYSTEMPATH\CodeIgniter.php(466): CodeIgniter\CodeIgniter->runController(Object(App\Controllers\Dashboard))
 8 SYSTEMPATH\CodeIgniter.php(349): CodeIgniter\CodeIgniter->handleRequest(null, Object(Config\Cache), false)
 9 FCPATH\index.php(57): CodeIgniter\CodeIgniter->run()
