CRITICAL - 2022-07-22 04:21:51 --> Cannot modify header information - headers already sent by (output started at C:\xampp\htdocs\bmc\ci\app\Config\Events.php:32)
in SYSTEMPATH\Debug\Toolbar.php on line 447.
 1 [internal function]: CodeIgniter\Debug\Exceptions->errorHandler(2, 'Cannot modify header information - headers already sent by (output started at C:\\xampp\\htdocs\\bmc\\ci\\app\\Config\\Events.php:32)', 'SYSTEMPATH\\Debug\\Toolbar.php', 447, [...])
 2 SYSTEMPATH\Debug\Toolbar.php(447): header('Content-Type: application/javascript')
 3 APPPATH\Config\Events.php(46): CodeIgniter\Debug\Toolbar->respond()
 4 SYSTEMPATH\Events\Events.php(149): CodeIgniter\Events\Events::Config\{closure}()
 5 SYSTEMPATH\CodeIgniter.php(326): CodeIgniter\Events\Events::trigger('pre_system')
 6 FCPATH\index.php(57): CodeIgniter\CodeIgniter->run()
CRITICAL - 2022-07-22 04:37:13 --> Cannot modify header information - headers already sent by (output started at C:\xampp\htdocs\bmc\ci\app\Config\Events.php:32)
in SYSTEMPATH\Debug\Toolbar.php on line 447.
 1 [internal function]: CodeIgniter\Debug\Exceptions->errorHandler(2, 'Cannot modify header information - headers already sent by (output started at C:\\xampp\\htdocs\\bmc\\ci\\app\\Config\\Events.php:32)', 'SYSTEMPATH\\Debug\\Toolbar.php', 447, [...])
 2 SYSTEMPATH\Debug\Toolbar.php(447): header('Content-Type: application/javascript')
 3 APPPATH\Config\Events.php(46): CodeIgniter\Debug\Toolbar->respond()
 4 SYSTEMPATH\Events\Events.php(149): CodeIgniter\Events\Events::Config\{closure}()
 5 SYSTEMPATH\CodeIgniter.php(326): CodeIgniter\Events\Events::trigger('pre_system')
 6 FCPATH\index.php(57): CodeIgniter\CodeIgniter->run()
CRITICAL - 2022-07-22 07:12:21 --> Cannot modify header information - headers already sent by (output started at C:\xampp\htdocs\bmc\ci\app\Config\Events.php:32)
in SYSTEMPATH\Debug\Toolbar.php on line 447.
 1 [internal function]: CodeIgniter\Debug\Exceptions->errorHandler(2, 'Cannot modify header information - headers already sent by (output started at C:\\xampp\\htdocs\\bmc\\ci\\app\\Config\\Events.php:32)', 'SYSTEMPATH\\Debug\\Toolbar.php', 447, [...])
 2 SYSTEMPATH\Debug\Toolbar.php(447): header('Content-Type: application/javascript')
 3 APPPATH\Config\Events.php(46): CodeIgniter\Debug\Toolbar->respond()
 4 SYSTEMPATH\Events\Events.php(149): CodeIgniter\Events\Events::Config\{closure}()
 5 SYSTEMPATH\CodeIgniter.php(326): CodeIgniter\Events\Events::trigger('pre_system')
 6 FCPATH\index.php(57): CodeIgniter\CodeIgniter->run()
CRITICAL - 2022-07-22 07:40:00 --> Cannot modify header information - headers already sent by (output started at C:\xampp\htdocs\bmc\ci\app\Config\Events.php:32)
in SYSTEMPATH\Debug\Toolbar.php on line 447.
 1 [internal function]: CodeIgniter\Debug\Exceptions->errorHandler(2, 'Cannot modify header information - headers already sent by (output started at C:\\xampp\\htdocs\\bmc\\ci\\app\\Config\\Events.php:32)', 'SYSTEMPATH\\Debug\\Toolbar.php', 447, [...])
 2 SYSTEMPATH\Debug\Toolbar.php(447): header('Content-Type: application/javascript')
 3 APPPATH\Config\Events.php(46): CodeIgniter\Debug\Toolbar->respond()
 4 SYSTEMPATH\Events\Events.php(149): CodeIgniter\Events\Events::Config\{closure}()
 5 SYSTEMPATH\CodeIgniter.php(326): CodeIgniter\Events\Events::trigger('pre_system')
 6 FCPATH\index.php(57): CodeIgniter\CodeIgniter->run()
CRITICAL - 2022-07-22 08:07:48 --> Cannot modify header information - headers already sent by (output started at C:\xampp\htdocs\bmc\ci\app\Config\Events.php:32)
in SYSTEMPATH\Debug\Toolbar.php on line 447.
 1 [internal function]: CodeIgniter\Debug\Exceptions->errorHandler(2, 'Cannot modify header information - headers already sent by (output started at C:\\xampp\\htdocs\\bmc\\ci\\app\\Config\\Events.php:32)', 'SYSTEMPATH\\Debug\\Toolbar.php', 447, [...])
 2 SYSTEMPATH\Debug\Toolbar.php(447): header('Content-Type: application/javascript')
 3 APPPATH\Config\Events.php(46): CodeIgniter\Debug\Toolbar->respond()
 4 SYSTEMPATH\Events\Events.php(149): CodeIgniter\Events\Events::Config\{closure}()
 5 SYSTEMPATH\CodeIgniter.php(326): CodeIgniter\Events\Events::trigger('pre_system')
 6 FCPATH\index.php(57): CodeIgniter\CodeIgniter->run()
CRITICAL - 2022-07-22 08:09:07 --> Cannot modify header information - headers already sent by (output started at C:\xampp\htdocs\bmc\ci\app\Config\Events.php:32)
in SYSTEMPATH\Debug\Toolbar.php on line 447.
 1 [internal function]: CodeIgniter\Debug\Exceptions->errorHandler(2, 'Cannot modify header information - headers already sent by (output started at C:\\xampp\\htdocs\\bmc\\ci\\app\\Config\\Events.php:32)', 'SYSTEMPATH\\Debug\\Toolbar.php', 447, [...])
 2 SYSTEMPATH\Debug\Toolbar.php(447): header('Content-Type: application/javascript')
 3 APPPATH\Config\Events.php(46): CodeIgniter\Debug\Toolbar->respond()
 4 SYSTEMPATH\Events\Events.php(149): CodeIgniter\Events\Events::Config\{closure}()
 5 SYSTEMPATH\CodeIgniter.php(326): CodeIgniter\Events\Events::trigger('pre_system')
 6 FCPATH\index.php(57): CodeIgniter\CodeIgniter->run()
CRITICAL - 2022-07-22 08:09:38 --> Failed to start the session because headers have already been sent by "C:\xampp\htdocs\bmc\ci\app\Config\Events.php" at line 32.
in C:\xampp\htdocs\bmc1\libraries\vendor\joomla\session\src\Storage\NativeStorage.php on line 473.
 1 C:\xampp\htdocs\bmc1\libraries\src\Session\Storage\JoomlaStorage.php(306): Joomla\Session\Storage\NativeStorage->start()
 2 C:\xampp\htdocs\bmc1\libraries\vendor\joomla\session\src\Session.php(406): Joomla\CMS\Session\Storage\JoomlaStorage->start()
 3 C:\xampp\htdocs\bmc1\libraries\vendor\joomla\session\src\Session.php(333): Joomla\Session\Session->start()
 4 C:\xampp\htdocs\bmc1\libraries\src\Session\Session.php(198): Joomla\Session\Session->has('user')
 5 APPPATH\Controllers\Login.php(10): Joomla\CMS\Session\Session->get('user')
 6 SYSTEMPATH\CodeIgniter.php(896): App\Controllers\Login->index()
 7 SYSTEMPATH\CodeIgniter.php(466): CodeIgniter\CodeIgniter->runController(Object(App\Controllers\Login))
 8 SYSTEMPATH\CodeIgniter.php(349): CodeIgniter\CodeIgniter->handleRequest(null, Object(Config\Cache), false)
 9 FCPATH\index.php(57): CodeIgniter\CodeIgniter->run()
CRITICAL - 2022-07-22 08:18:41 --> ini_set(): Headers already sent. You cannot change the session module's ini settings at this time
in C:\xampp\htdocs\bmc1\libraries\vendor\joomla\session\src\Storage\NativeStorage.php on line 470.
 1 [internal function]: CodeIgniter\Debug\Exceptions->errorHandler(2, 'ini_set(): Headers already sent. You cannot change the session module\'s ini settings at this time', 'C:\\xampp\\htdocs\\bmc1\\libraries\\vendor\\joomla\\session\\src\\Storage\\NativeStorage.php', 470, [])
 2 C:\xampp\htdocs\bmc1\libraries\vendor\joomla\session\src\Storage\NativeStorage.php(470): ini_set('session.use_cookies', '0')
 3 C:\xampp\htdocs\bmc1\libraries\src\Session\Storage\JoomlaStorage.php(306): Joomla\Session\Storage\NativeStorage->start()
 4 C:\xampp\htdocs\bmc1\libraries\vendor\joomla\session\src\Session.php(406): Joomla\CMS\Session\Storage\JoomlaStorage->start()
 5 C:\xampp\htdocs\bmc1\libraries\vendor\joomla\session\src\Session.php(333): Joomla\Session\Session->start()
 6 C:\xampp\htdocs\bmc1\libraries\src\Session\Session.php(198): Joomla\Session\Session->has('user')
 7 APPPATH\Controllers\Login.php(10): Joomla\CMS\Session\Session->get('user')
 8 SYSTEMPATH\CodeIgniter.php(896): App\Controllers\Login->index()
 9 SYSTEMPATH\CodeIgniter.php(466): CodeIgniter\CodeIgniter->runController(Object(App\Controllers\Login))
10 SYSTEMPATH\CodeIgniter.php(349): CodeIgniter\CodeIgniter->handleRequest(null, Object(Config\Cache), false)
11 FCPATH\index.php(57): CodeIgniter\CodeIgniter->run()
CRITICAL - 2022-07-22 08:19:20 --> session_start(): Cannot start session when headers already sent
in C:\xampp\htdocs\bmc1\libraries\vendor\joomla\session\src\Storage\NativeStorage.php on line 480.
 1 [internal function]: CodeIgniter\Debug\Exceptions->errorHandler(2, 'session_start(): Cannot start session when headers already sent', 'C:\\xampp\\htdocs\\bmc1\\libraries\\vendor\\joomla\\session\\src\\Storage\\NativeStorage.php', 480, [])
 2 C:\xampp\htdocs\bmc1\libraries\vendor\joomla\session\src\Storage\NativeStorage.php(480): session_start()
 3 C:\xampp\htdocs\bmc1\libraries\src\Session\Storage\JoomlaStorage.php(306): Joomla\Session\Storage\NativeStorage->start()
 4 C:\xampp\htdocs\bmc1\libraries\vendor\joomla\session\src\Session.php(406): Joomla\CMS\Session\Storage\JoomlaStorage->start()
 5 C:\xampp\htdocs\bmc1\libraries\vendor\joomla\session\src\Session.php(333): Joomla\Session\Session->start()
 6 C:\xampp\htdocs\bmc1\libraries\src\Session\Session.php(198): Joomla\Session\Session->has('user')
 7 APPPATH\Controllers\Login.php(10): Joomla\CMS\Session\Session->get('user')
 8 SYSTEMPATH\CodeIgniter.php(896): App\Controllers\Login->index()
 9 SYSTEMPATH\CodeIgniter.php(466): CodeIgniter\CodeIgniter->runController(Object(App\Controllers\Login))
10 SYSTEMPATH\CodeIgniter.php(349): CodeIgniter\CodeIgniter->handleRequest(null, Object(Config\Cache), false)
11 FCPATH\index.php(57): CodeIgniter\CodeIgniter->run()
CRITICAL - 2022-07-22 08:20:09 --> Cannot modify header information - headers already sent by (output started at C:\xampp\htdocs\bmc\ci\app\Config\Events.php:32)
in SYSTEMPATH\Debug\Toolbar.php on line 447.
 1 [internal function]: CodeIgniter\Debug\Exceptions->errorHandler(2, 'Cannot modify header information - headers already sent by (output started at C:\\xampp\\htdocs\\bmc\\ci\\app\\Config\\Events.php:32)', 'SYSTEMPATH\\Debug\\Toolbar.php', 447, [...])
 2 SYSTEMPATH\Debug\Toolbar.php(447): header('Content-Type: application/javascript')
 3 APPPATH\Config\Events.php(46): CodeIgniter\Debug\Toolbar->respond()
 4 SYSTEMPATH\Events\Events.php(149): CodeIgniter\Events\Events::Config\{closure}()
 5 SYSTEMPATH\CodeIgniter.php(326): CodeIgniter\Events\Events::trigger('pre_system')
 6 FCPATH\index.php(57): CodeIgniter\CodeIgniter->run()
CRITICAL - 2022-07-22 08:20:57 --> Cannot modify header information - headers already sent by (output started at C:\xampp\htdocs\bmc\ci\app\Config\Events.php:32)
in SYSTEMPATH\Debug\Toolbar.php on line 447.
 1 [internal function]: CodeIgniter\Debug\Exceptions->errorHandler(2, 'Cannot modify header information - headers already sent by (output started at C:\\xampp\\htdocs\\bmc\\ci\\app\\Config\\Events.php:32)', 'SYSTEMPATH\\Debug\\Toolbar.php', 447, [...])
 2 SYSTEMPATH\Debug\Toolbar.php(447): header('Content-Type: application/javascript')
 3 APPPATH\Config\Events.php(46): CodeIgniter\Debug\Toolbar->respond()
 4 SYSTEMPATH\Events\Events.php(149): CodeIgniter\Events\Events::Config\{closure}()
 5 SYSTEMPATH\CodeIgniter.php(326): CodeIgniter\Events\Events::trigger('pre_system')
 6 FCPATH\index.php(57): CodeIgniter\CodeIgniter->run()
CRITICAL - 2022-07-22 08:21:10 --> Cannot modify header information - headers already sent by (output started at C:\xampp\htdocs\bmc\ci\app\Config\Events.php:32)
in SYSTEMPATH\Debug\Toolbar.php on line 447.
 1 [internal function]: CodeIgniter\Debug\Exceptions->errorHandler(2, 'Cannot modify header information - headers already sent by (output started at C:\\xampp\\htdocs\\bmc\\ci\\app\\Config\\Events.php:32)', 'SYSTEMPATH\\Debug\\Toolbar.php', 447, [...])
 2 SYSTEMPATH\Debug\Toolbar.php(447): header('Content-Type: application/javascript')
 3 APPPATH\Config\Events.php(46): CodeIgniter\Debug\Toolbar->respond()
 4 SYSTEMPATH\Events\Events.php(149): CodeIgniter\Events\Events::Config\{closure}()
 5 SYSTEMPATH\CodeIgniter.php(326): CodeIgniter\Events\Events::trigger('pre_system')
 6 FCPATH\index.php(57): CodeIgniter\CodeIgniter->run()
CRITICAL - 2022-07-22 09:00:01 --> session_start(): Cannot start session when headers already sent
in C:\xampp\htdocs\bmc1\libraries\vendor\joomla\session\src\Storage\NativeStorage.php on line 481.
 1 [internal function]: CodeIgniter\Debug\Exceptions->errorHandler(2, 'session_start(): Cannot start session when headers already sent', 'C:\\xampp\\htdocs\\bmc1\\libraries\\vendor\\joomla\\session\\src\\Storage\\NativeStorage.php', 481, [])
 2 C:\xampp\htdocs\bmc1\libraries\vendor\joomla\session\src\Storage\NativeStorage.php(481): session_start()
 3 C:\xampp\htdocs\bmc1\libraries\src\Session\Storage\JoomlaStorage.php(306): Joomla\Session\Storage\NativeStorage->start()
 4 C:\xampp\htdocs\bmc1\libraries\vendor\joomla\session\src\Session.php(406): Joomla\CMS\Session\Storage\JoomlaStorage->start()
 5 C:\xampp\htdocs\bmc1\libraries\vendor\joomla\session\src\Session.php(333): Joomla\Session\Session->start()
 6 C:\xampp\htdocs\bmc1\libraries\src\Session\Session.php(198): Joomla\Session\Session->has('user')
 7 APPPATH\Controllers\Login.php(10): Joomla\CMS\Session\Session->get('user')
 8 SYSTEMPATH\CodeIgniter.php(896): App\Controllers\Login->index()
 9 SYSTEMPATH\CodeIgniter.php(466): CodeIgniter\CodeIgniter->runController(Object(App\Controllers\Login))
10 SYSTEMPATH\CodeIgniter.php(349): CodeIgniter\CodeIgniter->handleRequest(null, Object(Config\Cache), false)
11 FCPATH\index.php(57): CodeIgniter\CodeIgniter->run()
CRITICAL - 2022-07-22 09:01:07 --> session_start(): Cannot start session when headers already sent
in C:\xampp\htdocs\bmc1\libraries\vendor\joomla\session\src\Storage\NativeStorage.php on line 481.
 1 [internal function]: CodeIgniter\Debug\Exceptions->errorHandler(2, 'session_start(): Cannot start session when headers already sent', 'C:\\xampp\\htdocs\\bmc1\\libraries\\vendor\\joomla\\session\\src\\Storage\\NativeStorage.php', 481, [])
 2 C:\xampp\htdocs\bmc1\libraries\vendor\joomla\session\src\Storage\NativeStorage.php(481): session_start()
 3 C:\xampp\htdocs\bmc1\libraries\src\Session\Storage\JoomlaStorage.php(306): Joomla\Session\Storage\NativeStorage->start()
 4 C:\xampp\htdocs\bmc1\libraries\vendor\joomla\session\src\Session.php(406): Joomla\CMS\Session\Storage\JoomlaStorage->start()
 5 C:\xampp\htdocs\bmc1\libraries\vendor\joomla\session\src\Session.php(333): Joomla\Session\Session->start()
 6 C:\xampp\htdocs\bmc1\libraries\src\Session\Session.php(198): Joomla\Session\Session->has('user')
 7 APPPATH\Controllers\Login.php(10): Joomla\CMS\Session\Session->get('user')
 8 SYSTEMPATH\CodeIgniter.php(896): App\Controllers\Login->index()
 9 SYSTEMPATH\CodeIgniter.php(466): CodeIgniter\CodeIgniter->runController(Object(App\Controllers\Login))
10 SYSTEMPATH\CodeIgniter.php(349): CodeIgniter\CodeIgniter->handleRequest(null, Object(Config\Cache), false)
11 FCPATH\index.php(57): CodeIgniter\CodeIgniter->run()
CRITICAL - 2022-07-22 09:01:09 --> session_start(): Cannot start session when headers already sent
in C:\xampp\htdocs\bmc1\libraries\vendor\joomla\session\src\Storage\NativeStorage.php on line 481.
 1 [internal function]: CodeIgniter\Debug\Exceptions->errorHandler(2, 'session_start(): Cannot start session when headers already sent', 'C:\\xampp\\htdocs\\bmc1\\libraries\\vendor\\joomla\\session\\src\\Storage\\NativeStorage.php', 481, [])
 2 C:\xampp\htdocs\bmc1\libraries\vendor\joomla\session\src\Storage\NativeStorage.php(481): session_start()
 3 C:\xampp\htdocs\bmc1\libraries\src\Session\Storage\JoomlaStorage.php(306): Joomla\Session\Storage\NativeStorage->start()
 4 C:\xampp\htdocs\bmc1\libraries\vendor\joomla\session\src\Session.php(406): Joomla\CMS\Session\Storage\JoomlaStorage->start()
 5 C:\xampp\htdocs\bmc1\libraries\vendor\joomla\session\src\Session.php(333): Joomla\Session\Session->start()
 6 C:\xampp\htdocs\bmc1\libraries\src\Session\Session.php(198): Joomla\Session\Session->has('user')
 7 APPPATH\Controllers\Login.php(10): Joomla\CMS\Session\Session->get('user')
 8 SYSTEMPATH\CodeIgniter.php(896): App\Controllers\Login->index()
 9 SYSTEMPATH\CodeIgniter.php(466): CodeIgniter\CodeIgniter->runController(Object(App\Controllers\Login))
10 SYSTEMPATH\CodeIgniter.php(349): CodeIgniter\CodeIgniter->handleRequest(null, Object(Config\Cache), false)
11 FCPATH\index.php(57): CodeIgniter\CodeIgniter->run()
CRITICAL - 2022-07-22 09:02:45 --> session_start(): Cannot start session when headers already sent
in C:\xampp\htdocs\bmc1\libraries\vendor\joomla\session\src\Storage\NativeStorage.php on line 481.
 1 [internal function]: CodeIgniter\Debug\Exceptions->errorHandler(2, 'session_start(): Cannot start session when headers already sent', 'C:\\xampp\\htdocs\\bmc1\\libraries\\vendor\\joomla\\session\\src\\Storage\\NativeStorage.php', 481, [])
 2 C:\xampp\htdocs\bmc1\libraries\vendor\joomla\session\src\Storage\NativeStorage.php(481): session_start()
 3 C:\xampp\htdocs\bmc1\libraries\src\Session\Storage\JoomlaStorage.php(306): Joomla\Session\Storage\NativeStorage->start()
 4 C:\xampp\htdocs\bmc1\libraries\vendor\joomla\session\src\Session.php(406): Joomla\CMS\Session\Storage\JoomlaStorage->start()
 5 C:\xampp\htdocs\bmc1\libraries\vendor\joomla\session\src\Session.php(333): Joomla\Session\Session->start()
 6 C:\xampp\htdocs\bmc1\libraries\src\Session\Session.php(198): Joomla\Session\Session->has('user')
 7 APPPATH\Controllers\Login.php(10): Joomla\CMS\Session\Session->get('user')
 8 SYSTEMPATH\CodeIgniter.php(896): App\Controllers\Login->index()
 9 SYSTEMPATH\CodeIgniter.php(466): CodeIgniter\CodeIgniter->runController(Object(App\Controllers\Login))
10 SYSTEMPATH\CodeIgniter.php(349): CodeIgniter\CodeIgniter->handleRequest(null, Object(Config\Cache), false)
11 FCPATH\index.php(57): CodeIgniter\CodeIgniter->run()
CRITICAL - 2022-07-22 09:04:24 --> Cannot modify header information - headers already sent by (output started at C:\xampp\htdocs\bmc\ci\app\Config\Events.php:32)
in SYSTEMPATH\Debug\Toolbar.php on line 447.
 1 [internal function]: CodeIgniter\Debug\Exceptions->errorHandler(2, 'Cannot modify header information - headers already sent by (output started at C:\\xampp\\htdocs\\bmc\\ci\\app\\Config\\Events.php:32)', 'SYSTEMPATH\\Debug\\Toolbar.php', 447, [...])
 2 SYSTEMPATH\Debug\Toolbar.php(447): header('Content-Type: application/javascript')
 3 APPPATH\Config\Events.php(46): CodeIgniter\Debug\Toolbar->respond()
 4 SYSTEMPATH\Events\Events.php(149): CodeIgniter\Events\Events::Config\{closure}()
 5 SYSTEMPATH\CodeIgniter.php(326): CodeIgniter\Events\Events::trigger('pre_system')
 6 FCPATH\index.php(57): CodeIgniter\CodeIgniter->run()
CRITICAL - 2022-07-22 09:05:50 --> Cannot modify header information - headers already sent by (output started at C:\xampp\htdocs\bmc\ci\app\Config\Events.php:32)
in SYSTEMPATH\Debug\Toolbar.php on line 447.
 1 [internal function]: CodeIgniter\Debug\Exceptions->errorHandler(2, 'Cannot modify header information - headers already sent by (output started at C:\\xampp\\htdocs\\bmc\\ci\\app\\Config\\Events.php:32)', 'SYSTEMPATH\\Debug\\Toolbar.php', 447, [...])
 2 SYSTEMPATH\Debug\Toolbar.php(447): header('Content-Type: application/javascript')
 3 APPPATH\Config\Events.php(46): CodeIgniter\Debug\Toolbar->respond()
 4 SYSTEMPATH\Events\Events.php(149): CodeIgniter\Events\Events::Config\{closure}()
 5 SYSTEMPATH\CodeIgniter.php(326): CodeIgniter\Events\Events::trigger('pre_system')
 6 FCPATH\index.php(57): CodeIgniter\CodeIgniter->run()
CRITICAL - 2022-07-22 09:06:45 --> Cannot modify header information - headers already sent by (output started at C:\xampp\htdocs\bmc\ci\app\Config\Events.php:32)
in SYSTEMPATH\Debug\Toolbar.php on line 447.
 1 [internal function]: CodeIgniter\Debug\Exceptions->errorHandler(2, 'Cannot modify header information - headers already sent by (output started at C:\\xampp\\htdocs\\bmc\\ci\\app\\Config\\Events.php:32)', 'SYSTEMPATH\\Debug\\Toolbar.php', 447, [...])
 2 SYSTEMPATH\Debug\Toolbar.php(447): header('Content-Type: application/javascript')
 3 APPPATH\Config\Events.php(46): CodeIgniter\Debug\Toolbar->respond()
 4 SYSTEMPATH\Events\Events.php(149): CodeIgniter\Events\Events::Config\{closure}()
 5 SYSTEMPATH\CodeIgniter.php(326): CodeIgniter\Events\Events::trigger('pre_system')
 6 FCPATH\index.php(57): CodeIgniter\CodeIgniter->run()
CRITICAL - 2022-07-22 09:33:48 --> Class 'App\Controllers\JHtml' not found
in APPPATH\Controllers\Login.php on line 17.
 1 SYSTEMPATH\CodeIgniter.php(896): App\Controllers\Login->index()
 2 SYSTEMPATH\CodeIgniter.php(466): CodeIgniter\CodeIgniter->runController(Object(App\Controllers\Login))
 3 SYSTEMPATH\CodeIgniter.php(349): CodeIgniter\CodeIgniter->handleRequest(null, Object(Config\Cache), false)
 4 FCPATH\index.php(57): CodeIgniter\CodeIgniter->run()
CRITICAL - 2022-07-22 09:34:22 --> Class 'App\Controllers\JHtml' not found
in APPPATH\Controllers\Login.php on line 17.
 1 SYSTEMPATH\CodeIgniter.php(896): App\Controllers\Login->index()
 2 SYSTEMPATH\CodeIgniter.php(466): CodeIgniter\CodeIgniter->runController(Object(App\Controllers\Login))
 3 SYSTEMPATH\CodeIgniter.php(349): CodeIgniter\CodeIgniter->handleRequest(null, Object(Config\Cache), false)
 4 FCPATH\index.php(57): CodeIgniter\CodeIgniter->run()
CRITICAL - 2022-07-22 09:34:34 --> Class 'App\Controllers\JHtml' not found
in APPPATH\Controllers\Login.php on line 17.
 1 SYSTEMPATH\CodeIgniter.php(896): App\Controllers\Login->index()
 2 SYSTEMPATH\CodeIgniter.php(466): CodeIgniter\CodeIgniter->runController(Object(App\Controllers\Login))
 3 SYSTEMPATH\CodeIgniter.php(349): CodeIgniter\CodeIgniter->handleRequest(null, Object(Config\Cache), false)
 4 FCPATH\index.php(57): CodeIgniter\CodeIgniter->run()
CRITICAL - 2022-07-22 09:36:39 --> Class 'Joomla\CMS\JHtml' not found
in APPPATH\Controllers\Login.php on line 17.
 1 SYSTEMPATH\CodeIgniter.php(896): App\Controllers\Login->index()
 2 SYSTEMPATH\CodeIgniter.php(466): CodeIgniter\CodeIgniter->runController(Object(App\Controllers\Login))
 3 SYSTEMPATH\CodeIgniter.php(349): CodeIgniter\CodeIgniter->handleRequest(null, Object(Config\Cache), false)
 4 FCPATH\index.php(57): CodeIgniter\CodeIgniter->run()
CRITICAL - 2022-07-22 09:47:16 --> Cannot modify header information - headers already sent by (output started at C:\xampp\htdocs\bmc\ci\app\Config\Events.php:32)
in SYSTEMPATH\Debug\Toolbar.php on line 447.
 1 [internal function]: CodeIgniter\Debug\Exceptions->errorHandler(2, 'Cannot modify header information - headers already sent by (output started at C:\\xampp\\htdocs\\bmc\\ci\\app\\Config\\Events.php:32)', 'SYSTEMPATH\\Debug\\Toolbar.php', 447, [...])
 2 SYSTEMPATH\Debug\Toolbar.php(447): header('Content-Type: application/javascript')
 3 APPPATH\Config\Events.php(46): CodeIgniter\Debug\Toolbar->respond()
 4 SYSTEMPATH\Events\Events.php(149): CodeIgniter\Events\Events::Config\{closure}()
 5 SYSTEMPATH\CodeIgniter.php(326): CodeIgniter\Events\Events::trigger('pre_system')
 6 FCPATH\index.php(57): CodeIgniter\CodeIgniter->run()
CRITICAL - 2022-07-22 09:54:30 --> Class 'App\Controllers\Joomla\CMS\HTML\HTMLHelper\JHtml' not found
in APPPATH\Controllers\Login.php on line 17.
 1 SYSTEMPATH\CodeIgniter.php(896): App\Controllers\Login->index()
 2 SYSTEMPATH\CodeIgniter.php(466): CodeIgniter\CodeIgniter->runController(Object(App\Controllers\Login))
 3 SYSTEMPATH\CodeIgniter.php(349): CodeIgniter\CodeIgniter->handleRequest(null, Object(Config\Cache), false)
 4 FCPATH\index.php(57): CodeIgniter\CodeIgniter->run()
CRITICAL - 2022-07-22 09:54:55 --> Class 'App\Controllers\Joomla\CMS\HTML\JHtml' not found
in APPPATH\Controllers\Login.php on line 17.
 1 SYSTEMPATH\CodeIgniter.php(896): App\Controllers\Login->index()
 2 SYSTEMPATH\CodeIgniter.php(466): CodeIgniter\CodeIgniter->runController(Object(App\Controllers\Login))
 3 SYSTEMPATH\CodeIgniter.php(349): CodeIgniter\CodeIgniter->handleRequest(null, Object(Config\Cache), false)
 4 FCPATH\index.php(57): CodeIgniter\CodeIgniter->run()
CRITICAL - 2022-07-22 09:55:19 --> Class 'App\Controllers\Joomla\CMS\HTML\HTMLHelper' not found
in APPPATH\Controllers\Login.php on line 17.
 1 SYSTEMPATH\CodeIgniter.php(896): App\Controllers\Login->index()
 2 SYSTEMPATH\CodeIgniter.php(466): CodeIgniter\CodeIgniter->runController(Object(App\Controllers\Login))
 3 SYSTEMPATH\CodeIgniter.php(349): CodeIgniter\CodeIgniter->handleRequest(null, Object(Config\Cache), false)
 4 FCPATH\index.php(57): CodeIgniter\CodeIgniter->run()
CRITICAL - 2022-07-22 10:06:20 --> Class 'App\Controllers\Joomla\CMS\HTML\HTMLHelper' not found
in APPPATH\Controllers\Login.php on line 17.
 1 SYSTEMPATH\CodeIgniter.php(896): App\Controllers\Login->index()
 2 SYSTEMPATH\CodeIgniter.php(466): CodeIgniter\CodeIgniter->runController(Object(App\Controllers\Login))
 3 SYSTEMPATH\CodeIgniter.php(349): CodeIgniter\CodeIgniter->handleRequest(null, Object(Config\Cache), false)
 4 FCPATH\index.php(57): CodeIgniter\CodeIgniter->run()
CRITICAL - 2022-07-22 10:06:55 --> Class 'Joomla\CMS\BaseController' not found
in APPPATH\Controllers\Login.php on line 7.
 1 SYSTEMPATH\Router\AutoRouter.php(147): include_once()
 2 SYSTEMPATH\Router\Router.php(499): CodeIgniter\Router\AutoRouter->getRoute('login')
 3 SYSTEMPATH\Router\Router.php(205): CodeIgniter\Router\Router->autoRoute('login')
 4 SYSTEMPATH\CodeIgniter.php(771): CodeIgniter\Router\Router->handle('login')
 5 SYSTEMPATH\CodeIgniter.php(415): CodeIgniter\CodeIgniter->tryToRouteIt(Object(CodeIgniter\Router\RouteCollection))
 6 SYSTEMPATH\CodeIgniter.php(349): CodeIgniter\CodeIgniter->handleRequest(null, Object(Config\Cache), false)
 7 FCPATH\index.php(57): CodeIgniter\CodeIgniter->run()
CRITICAL - 2022-07-22 10:07:20 --> Call to a member function getWebAssetManager() on null
in C:\xampp\htdocs\bmc1\libraries\src\HTML\Helpers\Jquery.php on line 48.
 1 C:\xampp\htdocs\bmc1\libraries\src\HTML\HTMLHelper.php(297): Joomla\CMS\HTML\Helpers\Jquery::framework()
 2 C:\xampp\htdocs\bmc1\libraries\src\HTML\HTMLHelper.php(145): Joomla\CMS\HTML\HTMLHelper::call([...], [])
 3 APPPATH\Controllers\Login.php(17): Joomla\CMS\HTML\HTMLHelper::_('jhtml.jquery.framework')
 4 SYSTEMPATH\CodeIgniter.php(896): App\Controllers\Login->index()
 5 SYSTEMPATH\CodeIgniter.php(466): CodeIgniter\CodeIgniter->runController(Object(App\Controllers\Login))
 6 SYSTEMPATH\CodeIgniter.php(349): CodeIgniter\CodeIgniter->handleRequest(null, Object(Config\Cache), false)
 7 FCPATH\index.php(57): CodeIgniter\CodeIgniter->run()
CRITICAL - 2022-07-22 10:17:59 --> Call to a member function getPaths() on null
in C:\xampp\htdocs\bmc1\libraries\src\Dispatcher\AbstractModuleDispatcher.php on line 130.
 1 C:\xampp\htdocs\bmc1\libraries\src\Dispatcher\ModuleDispatcher.php(38): Joomla\CMS\Dispatcher\AbstractModuleDispatcher->loadLanguage()
 2 C:\xampp\htdocs\bmc1\libraries\src\Helper\ModuleHelper.php(295): Joomla\CMS\Dispatcher\ModuleDispatcher->dispatch()
 3 C:\xampp\htdocs\bmc1\libraries\src\Helper\ModuleHelper.php(167): Joomla\CMS\Helper\ModuleHelper::renderRawModule(Object(stdClass), Object(Joomla\Registry\Registry), [...])
 4 C:\xampp\htdocs\bmc1\libraries\src\Document\Renderer\Html\ModuleRenderer.php(102): Joomla\CMS\Helper\ModuleHelper::renderModule(Object(stdClass), [...])
 5 C:\xampp\htdocs\bmc1\plugins\content\loadmodule\loadmodule.php(179): Joomla\CMS\Document\Renderer\Html\ModuleRenderer->render(Object(stdClass), [...])
 6 C:\xampp\htdocs\bmc1\plugins\content\loadmodule\loadmodule.php(85): PlgContentLoadmodule->_load('sidebar-right', 'xhtml')
 7 C:\xampp\htdocs\bmc1\libraries\src\Plugin\CMSPlugin.php(285): PlgContentLoadmodule->onContentPrepare('text', Object(stdClass), Object(Joomla\CMS\Object\CMSObject), 0)
 8 C:\xampp\htdocs\bmc1\libraries\vendor\joomla\event\src\Dispatcher.php(486): Joomla\CMS\Plugin\CMSPlugin->Joomla\CMS\Plugin\{closure}(Object(Joomla\Event\Event))
 9 C:\xampp\htdocs\bmc1\libraries\src\Application\EventAware.php(111): Joomla\Event\Dispatcher->dispatch('onContentPrepare', Object(Joomla\Event\Event))
10 C:\xampp\htdocs\bmc1\libraries\src\HTML\Helpers\Content.php(48): Joomla\CMS\Application\WebApplication->triggerEvent('onContentPrepare', [...])
11 C:\xampp\htdocs\bmc1\libraries\src\HTML\HTMLHelper.php(297): Joomla\CMS\HTML\Helpers\Content::prepare('{loadposition sidebar-right}')
12 C:\xampp\htdocs\bmc1\libraries\src\HTML\HTMLHelper.php(145): Joomla\CMS\HTML\HTMLHelper::call([...], [...])
13 APPPATH\Controllers\Login.php(17): Joomla\CMS\HTML\HTMLHelper::_('jhtml.content.prepare', '{loadposition sidebar-right}')
14 SYSTEMPATH\CodeIgniter.php(896): App\Controllers\Login->index()
15 SYSTEMPATH\CodeIgniter.php(466): CodeIgniter\CodeIgniter->runController(Object(App\Controllers\Login))
16 SYSTEMPATH\CodeIgniter.php(349): CodeIgniter\CodeIgniter->handleRequest(null, Object(Config\Cache), false)
17 FCPATH\index.php(57): CodeIgniter\CodeIgniter->run()
CRITICAL - 2022-07-22 10:28:43 --> Undefined property: CodeIgniter\View\View::$language
in APPPATH\Views\login.php on line 3.
 1 APPPATH\Views\login.php(3): CodeIgniter\Debug\Exceptions->errorHandler(8, 'Undefined property: CodeIgniter\\View\\View::$language', 'APPPATH\\Views\\login.php', 3, [])
 2 SYSTEMPATH\View\View.php(213): include('APPPATH\\Views\\login.php')
 3 SYSTEMPATH\View\View.php(216): CodeIgniter\View\View->CodeIgniter\View\{closure}()
 4 SYSTEMPATH\Common.php(1135): CodeIgniter\View\View->render('login', [], true)
 5 APPPATH\Controllers\Login.php(29): view('login')
 6 SYSTEMPATH\CodeIgniter.php(896): App\Controllers\Login->index()
 7 SYSTEMPATH\CodeIgniter.php(466): CodeIgniter\CodeIgniter->runController(Object(App\Controllers\Login))
 8 SYSTEMPATH\CodeIgniter.php(349): CodeIgniter\CodeIgniter->handleRequest(null, Object(Config\Cache), false)
 9 FCPATH\index.php(57): CodeIgniter\CodeIgniter->run()
