CRITICAL - 2025-01-22 16:40:42 --> No connection could be made because the target machine actively refused it
in C:\server\htdocs\bmc1\libraries\vendor\joomla\database\src\Mysqli\MysqliDriver.php on line 269.
 1 C:\server\htdocs\bmc1\libraries\vendor\joomla\database\src\Mysqli\MysqliDriver.php(269): mysqli->real_connect('127.0.0.1', 'root', 'Napendajc@90', null, 3307, null, 0)
 2 C:\server\htdocs\bmc1\libraries\vendor\joomla\session\src\Handler\DatabaseHandler.php(233): Joomla\Database\Mysqli\MysqliDriver->connect()
 3 [internal function]: Joomla\Session\Handler\DatabaseHandler->open('C:\\server\\htdocs\\bmc\\public', '0b0bdaa5cae842ad4f8ea26d57018dd8')
 4 C:\server\htdocs\bmc1\libraries\vendor\joomla\session\src\Storage\NativeStorage.php(481): session_start()
 5 C:\server\htdocs\bmc1\libraries\src\Session\Storage\JoomlaStorage.php(306): Joomla\Session\Storage\NativeStorage->start()
 6 C:\server\htdocs\bmc1\libraries\vendor\joomla\session\src\Session.php(406): Joomla\CMS\Session\Storage\JoomlaStorage->start()
 7 C:\server\htdocs\bmc1\libraries\vendor\joomla\session\src\Session.php(333): Joomla\Session\Session->start()
 8 C:\server\htdocs\bmc1\libraries\src\Session\Session.php(198): Joomla\Session\Session->has('user')
 9 APPPATH\Controllers\BaseController.php(60): Joomla\CMS\Session\Session->get('user')
10 SYSTEMPATH\CodeIgniter.php(859): App\Controllers\BaseController->initController(Object(CodeIgniter\HTTP\IncomingRequest), Object(CodeIgniter\HTTP\Response), Object(CodeIgniter\Log\Logger))
11 SYSTEMPATH\CodeIgniter.php(457): CodeIgniter\CodeIgniter->createController()
12 SYSTEMPATH\CodeIgniter.php(349): CodeIgniter\CodeIgniter->handleRequest(null, Object(Config\Cache), false)
13 FCPATH\index.php(57): CodeIgniter\CodeIgniter->run()
ERROR - 2025-01-22 17:32:45 --> Unknown column 'entry_type' in 'field list'
CRITICAL - 2025-01-22 17:32:45 --> Unknown column 'entry_type' in 'field list'
in SYSTEMPATH\Database\MySQLi\Connection.php on line 292.
 1 SYSTEMPATH\Database\MySQLi\Connection.php(292): mysqli->query('INSERT INTO `bmc_malipo` (`pat_id`, `entry_type`, `ext_reference`, `amount`, `start_bal`, `close_bal`, `siku`) VALUES (\'323382\', \'1\', \'195101\', 2000, 0, 2000, \'2025-01-22 17:32:45\')', 0)
 2 SYSTEMPATH\Database\BaseConnection.php(695): CodeIgniter\Database\MySQLi\Connection->execute('INSERT INTO `bmc_malipo` (`pat_id`, `entry_type`, `ext_reference`, `amount`, `start_bal`, `close_bal`, `siku`) VALUES (\'323382\', \'1\', \'195101\', 2000, 0, 2000, \'2025-01-22 17:32:45\')')
 3 SYSTEMPATH\Database\BaseConnection.php(609): CodeIgniter\Database\BaseConnection->simpleQuery('INSERT INTO `bmc_malipo` (`pat_id`, `entry_type`, `ext_reference`, `amount`, `start_bal`, `close_bal`, `siku`) VALUES (\'323382\', \'1\', \'195101\', 2000, 0, 2000, \'2025-01-22 17:32:45\')')
 4 SYSTEMPATH\Database\BaseBuilder.php(1904): CodeIgniter\Database\BaseConnection->query('INSERT INTO `bmc_malipo` (`pat_id`, `entry_type`, `ext_reference`, `amount`, `start_bal`, `close_bal`, `siku`) VALUES (:pat_id:, :entry_type:, :ext_reference:, :amount:, :start_bal:, :close_bal:, :siku:)', [...], false)
 5 APPPATH\Models\Engine.php(1815): CodeIgniter\Database\BaseBuilder->insert([...])
 6 APPPATH\Controllers\Test.php(10): App\Models\Engine->saveWalletTransaction('323382', '195101', [...])
 7 SYSTEMPATH\CodeIgniter.php(896): App\Controllers\Test->index()
 8 SYSTEMPATH\CodeIgniter.php(466): CodeIgniter\CodeIgniter->runController(Object(App\Controllers\Test))
 9 SYSTEMPATH\CodeIgniter.php(349): CodeIgniter\CodeIgniter->handleRequest(null, Object(Config\Cache), false)
10 FCPATH\index.php(57): CodeIgniter\CodeIgniter->run()
CRITICAL - 2025-01-22 18:38:29 --> Undefined variable $globOpenBal
in APPPATH\Models\Engine.php on line 1846.
 1 APPPATH\Models\Engine.php(1846): CodeIgniter\Debug\Exceptions->errorHandler(2, 'Undefined variable $globOpenBal', 'APPPATH\\Models\\Engine.php', 1846)
 2 APPPATH\Controllers\Test.php(8): App\Models\Engine->doGlobalMasterUpdate()
 3 SYSTEMPATH\CodeIgniter.php(896): App\Controllers\Test->index()
 4 SYSTEMPATH\CodeIgniter.php(466): CodeIgniter\CodeIgniter->runController(Object(App\Controllers\Test))
 5 SYSTEMPATH\CodeIgniter.php(349): CodeIgniter\CodeIgniter->handleRequest(null, Object(Config\Cache), false)
 6 FCPATH\index.php(57): CodeIgniter\CodeIgniter->run()
CRITICAL - 2025-01-22 18:42:07 --> Undefined variable $siku
in APPPATH\Models\Engine.php on line 1874.
 1 APPPATH\Models\Engine.php(1874): CodeIgniter\Debug\Exceptions->errorHandler(2, 'Undefined variable $siku', 'APPPATH\\Models\\Engine.php', 1874)
 2 APPPATH\Controllers\Test.php(8): App\Models\Engine->doGlobalMasterUpdate()
 3 SYSTEMPATH\CodeIgniter.php(896): App\Controllers\Test->index()
 4 SYSTEMPATH\CodeIgniter.php(466): CodeIgniter\CodeIgniter->runController(Object(App\Controllers\Test))
 5 SYSTEMPATH\CodeIgniter.php(349): CodeIgniter\CodeIgniter->handleRequest(null, Object(Config\Cache), false)
 6 FCPATH\index.php(57): CodeIgniter\CodeIgniter->run()
CRITICAL - 2025-01-22 19:14:04 --> Undefined variable $globWalletMasterArr
in APPPATH\Views\Reports\wallet_report_wrap.php on line 13.
 1 APPPATH\Views\Reports\wallet_report_wrap.php(13): CodeIgniter\Debug\Exceptions->errorHandler(2, 'Undefined variable $globWalletMasterArr', 'APPPATH\\Views\\Reports\\wallet_report_wrap.php', 13)
 2 APPPATH\Views\Reports\report.php(33): require_once('APPPATH\\Views\\Reports\\wallet_report_wrap.php')
 3 SYSTEMPATH\View\View.php(213): include('APPPATH\\Views\\Reports\\report.php')
 4 SYSTEMPATH\View\View.php(216): CodeIgniter\View\View->CodeIgniter\View\{closure}()
 5 SYSTEMPATH\Common.php(1135): CodeIgniter\View\View->render('Reports/report', [], true)
 6 APPPATH\Controllers\Dashboard.php(26): view('Reports/report')
 7 SYSTEMPATH\CodeIgniter.php(896): App\Controllers\Dashboard->reports()
 8 SYSTEMPATH\CodeIgniter.php(466): CodeIgniter\CodeIgniter->runController(Object(App\Controllers\Dashboard))
 9 SYSTEMPATH\CodeIgniter.php(349): CodeIgniter\CodeIgniter->handleRequest(null, Object(Config\Cache), false)
10 FCPATH\index.php(57): CodeIgniter\CodeIgniter->run()
CRITICAL - 2025-01-22 21:48:09 --> Cannot access offset of type string on string
in APPPATH\Views\Reports\wallet_report_wrap.php on line 21.
 1 APPPATH\Views\Reports\report.php(35): require_once()
 2 SYSTEMPATH\View\View.php(213): include('APPPATH\\Views\\Reports\\report.php')
 3 SYSTEMPATH\View\View.php(216): CodeIgniter\View\View->CodeIgniter\View\{closure}()
 4 SYSTEMPATH\Common.php(1135): CodeIgniter\View\View->render('Reports/report', [], true)
 5 APPPATH\Controllers\Dashboard.php(26): view('Reports/report')
 6 SYSTEMPATH\CodeIgniter.php(896): App\Controllers\Dashboard->reports()
 7 SYSTEMPATH\CodeIgniter.php(466): CodeIgniter\CodeIgniter->runController(Object(App\Controllers\Dashboard))
 8 SYSTEMPATH\CodeIgniter.php(349): CodeIgniter\CodeIgniter->handleRequest(null, Object(Config\Cache), false)
 9 FCPATH\index.php(57): CodeIgniter\CodeIgniter->run()
CRITICAL - 2025-01-22 21:50:53 --> Cannot use object of type stdClass as array
in APPPATH\Models\Engine.php on line 1898.
 1 APPPATH\Views\Reports\report.php(8): App\Models\Engine->getGlobalMasterStatement(0, 0)
 2 SYSTEMPATH\View\View.php(213): include('APPPATH\\Views\\Reports\\report.php')
 3 SYSTEMPATH\View\View.php(216): CodeIgniter\View\View->CodeIgniter\View\{closure}()
 4 SYSTEMPATH\Common.php(1135): CodeIgniter\View\View->render('Reports/report', [], true)
 5 APPPATH\Controllers\Dashboard.php(26): view('Reports/report')
 6 SYSTEMPATH\CodeIgniter.php(896): App\Controllers\Dashboard->reports()
 7 SYSTEMPATH\CodeIgniter.php(466): CodeIgniter\CodeIgniter->runController(Object(App\Controllers\Dashboard))
 8 SYSTEMPATH\CodeIgniter.php(349): CodeIgniter\CodeIgniter->handleRequest(null, Object(Config\Cache), false)
 9 FCPATH\index.php(57): CodeIgniter\CodeIgniter->run()
CRITICAL - 2025-01-22 21:58:15 --> Cannot use object of type stdClass as array
in APPPATH\Views\Reports\wallet_report_wrap.php on line 20.
 1 APPPATH\Views\Reports\report.php(35): require_once()
 2 SYSTEMPATH\View\View.php(213): include('APPPATH\\Views\\Reports\\report.php')
 3 SYSTEMPATH\View\View.php(216): CodeIgniter\View\View->CodeIgniter\View\{closure}()
 4 SYSTEMPATH\Common.php(1135): CodeIgniter\View\View->render('Reports/report', [], true)
 5 APPPATH\Controllers\Dashboard.php(26): view('Reports/report')
 6 SYSTEMPATH\CodeIgniter.php(896): App\Controllers\Dashboard->reports()
 7 SYSTEMPATH\CodeIgniter.php(466): CodeIgniter\CodeIgniter->runController(Object(App\Controllers\Dashboard))
 8 SYSTEMPATH\CodeIgniter.php(349): CodeIgniter\CodeIgniter->handleRequest(null, Object(Config\Cache), false)
 9 FCPATH\index.php(57): CodeIgniter\CodeIgniter->run()
CRITICAL - 2025-01-22 22:01:09 --> number_format(): Argument #1 ($num) must be of type float, string given
in APPPATH\Views\Reports\wallet_report_wrap.php on line 25.
 1 APPPATH\Views\Reports\wallet_report_wrap.php(25): number_format('2025-01-22 18:42:37')
 2 APPPATH\Views\Reports\report.php(35): require_once('APPPATH\\Views\\Reports\\wallet_report_wrap.php')
 3 SYSTEMPATH\View\View.php(213): include('APPPATH\\Views\\Reports\\report.php')
 4 SYSTEMPATH\View\View.php(216): CodeIgniter\View\View->CodeIgniter\View\{closure}()
 5 SYSTEMPATH\Common.php(1135): CodeIgniter\View\View->render('Reports/report', [], true)
 6 APPPATH\Controllers\Dashboard.php(26): view('Reports/report')
 7 SYSTEMPATH\CodeIgniter.php(896): App\Controllers\Dashboard->reports()
 8 SYSTEMPATH\CodeIgniter.php(466): CodeIgniter\CodeIgniter->runController(Object(App\Controllers\Dashboard))
 9 SYSTEMPATH\CodeIgniter.php(349): CodeIgniter\CodeIgniter->handleRequest(null, Object(Config\Cache), false)
10 FCPATH\index.php(57): CodeIgniter\CodeIgniter->run()
