CRITICAL - 2023-08-08 08:54:28 --> String could not be parsed as XML
in APPPATH/Controllers/Malipo.php on line 29.
 1 APPPATH/Controllers/Malipo.php(29): SimpleXMLElement->__construct()
 2 SYSTEMPATH/CodeIgniter.php(896): App\Controllers\Malipo->index()
 3 SYSTEMPATH/CodeIgniter.php(466): CodeIgniter\CodeIgniter->runController()
 4 SYSTEMPATH/CodeIgniter.php(349): CodeIgniter\CodeIgniter->handleRequest()
 5 FCPATH/index.php(57): CodeIgniter\CodeIgniter->run()
CRITICAL - 2023-08-08 10:50:45 --> Attempt to read property "trans_id" on array
in APPPATH/Models/Engine.php on line 1252.
 1 APPPATH/Models/Engine.php(1252): CodeIgniter\Debug\Exceptions->errorHandler()
 2 APPPATH/Models/Engine.php(1208): App\Models\Engine->updatePatLatestMalipo()
 3 APPPATH/Helpers/global_helper.php(251): App\Models\Engine->calcPatientBalance()
 4 APPPATH/Helpers/global_helper.php(304): doProcessAITransaction()
 5 APPPATH/Controllers/Malipo.php(87): doAipros2Process()
 6 SYSTEMPATH/CodeIgniter.php(896): App\Controllers\Malipo->aipros2()
 7 SYSTEMPATH/CodeIgniter.php(466): CodeIgniter\CodeIgniter->runController()
 8 SYSTEMPATH/CodeIgniter.php(349): CodeIgniter\CodeIgniter->handleRequest()
 9 FCPATH/index.php(57): CodeIgniter\CodeIgniter->run()
CRITICAL - 2023-08-08 10:53:14 --> Attempt to read property "trans_id" on array
in APPPATH/Models/Engine.php on line 1252.
 1 APPPATH/Models/Engine.php(1252): CodeIgniter\Debug\Exceptions->errorHandler()
 2 APPPATH/Models/Engine.php(1208): App\Models\Engine->updatePatLatestMalipo()
 3 APPPATH/Helpers/global_helper.php(251): App\Models\Engine->calcPatientBalance()
 4 APPPATH/Helpers/global_helper.php(304): doProcessAITransaction()
 5 APPPATH/Controllers/Malipo.php(87): doAipros2Process()
 6 SYSTEMPATH/CodeIgniter.php(896): App\Controllers\Malipo->aipros2()
 7 SYSTEMPATH/CodeIgniter.php(466): CodeIgniter\CodeIgniter->runController()
 8 SYSTEMPATH/CodeIgniter.php(349): CodeIgniter\CodeIgniter->handleRequest()
 9 FCPATH/index.php(57): CodeIgniter\CodeIgniter->run()
ERROR - 2023-08-08 11:43:38 --> Unknown column 'tb2.log_id' in 'order clause'
CRITICAL - 2023-08-08 11:43:38 --> Unknown column 'tb2.log_id' in 'order clause'
in SYSTEMPATH/Database/MySQLi/Connection.php on line 292.
 1 SYSTEMPATH/Database/MySQLi/Connection.php(292): mysqli->query()
 2 SYSTEMPATH/Database/BaseConnection.php(695): CodeIgniter\Database\MySQLi\Connection->execute()
 3 SYSTEMPATH/Database/BaseConnection.php(609): CodeIgniter\Database\BaseConnection->simpleQuery()
 4 APPPATH/Models/Engine.php(1241): CodeIgniter\Database\BaseConnection->query()
 5 APPPATH/Models/Engine.php(1230): App\Models\Engine->getValidBalLog()
 6 APPPATH/Models/Engine.php(1200): App\Models\Engine->getPatientBalRecord()
 7 APPPATH/Helpers/global_helper.php(251): App\Models\Engine->calcPatientBalance()
 8 APPPATH/Helpers/global_helper.php(304): doProcessAITransaction()
 9 APPPATH/Controllers/Malipo.php(87): doAipros2Process()
10 SYSTEMPATH/CodeIgniter.php(896): App\Controllers\Malipo->aipros2()
11 SYSTEMPATH/CodeIgniter.php(466): CodeIgniter\CodeIgniter->runController()
12 SYSTEMPATH/CodeIgniter.php(349): CodeIgniter\CodeIgniter->handleRequest()
13 FCPATH/index.php(57): CodeIgniter\CodeIgniter->run()
ERROR - 2023-08-08 11:44:24 --> Unknown column 'tb2.log_id' in 'order clause'
CRITICAL - 2023-08-08 11:44:24 --> Unknown column 'tb2.log_id' in 'order clause'
in SYSTEMPATH/Database/MySQLi/Connection.php on line 292.
 1 SYSTEMPATH/Database/MySQLi/Connection.php(292): mysqli->query()
 2 SYSTEMPATH/Database/BaseConnection.php(695): CodeIgniter\Database\MySQLi\Connection->execute()
 3 SYSTEMPATH/Database/BaseConnection.php(609): CodeIgniter\Database\BaseConnection->simpleQuery()
 4 APPPATH/Models/Engine.php(1242): CodeIgniter\Database\BaseConnection->query()
 5 APPPATH/Models/Engine.php(1230): App\Models\Engine->getValidBalLog()
 6 APPPATH/Models/Engine.php(1200): App\Models\Engine->getPatientBalRecord()
 7 APPPATH/Helpers/global_helper.php(251): App\Models\Engine->calcPatientBalance()
 8 APPPATH/Helpers/global_helper.php(304): doProcessAITransaction()
 9 APPPATH/Controllers/Malipo.php(87): doAipros2Process()
10 SYSTEMPATH/CodeIgniter.php(896): App\Controllers\Malipo->aipros2()
11 SYSTEMPATH/CodeIgniter.php(466): CodeIgniter\CodeIgniter->runController()
12 SYSTEMPATH/CodeIgniter.php(349): CodeIgniter\CodeIgniter->handleRequest()
13 FCPATH/index.php(57): CodeIgniter\CodeIgniter->run()
ERROR - 2023-08-08 11:45:04 --> Unknown column 'tb2.log_id' in 'order clause'
CRITICAL - 2023-08-08 11:45:04 --> Unknown column 'tb2.log_id' in 'order clause'
in SYSTEMPATH/Database/MySQLi/Connection.php on line 292.
 1 SYSTEMPATH/Database/MySQLi/Connection.php(292): mysqli->query()
 2 SYSTEMPATH/Database/BaseConnection.php(695): CodeIgniter\Database\MySQLi\Connection->execute()
 3 SYSTEMPATH/Database/BaseConnection.php(609): CodeIgniter\Database\BaseConnection->simpleQuery()
 4 APPPATH/Models/Engine.php(1245): CodeIgniter\Database\BaseConnection->query()
 5 APPPATH/Models/Engine.php(1233): App\Models\Engine->getValidBalLog()
 6 APPPATH/Models/Engine.php(1200): App\Models\Engine->getPatientBalRecord()
 7 APPPATH/Helpers/global_helper.php(251): App\Models\Engine->calcPatientBalance()
 8 APPPATH/Helpers/global_helper.php(304): doProcessAITransaction()
 9 APPPATH/Controllers/Malipo.php(87): doAipros2Process()
10 SYSTEMPATH/CodeIgniter.php(896): App\Controllers\Malipo->aipros2()
11 SYSTEMPATH/CodeIgniter.php(466): CodeIgniter\CodeIgniter->runController()
12 SYSTEMPATH/CodeIgniter.php(349): CodeIgniter\CodeIgniter->handleRequest()
13 FCPATH/index.php(57): CodeIgniter\CodeIgniter->run()
ERROR - 2023-08-08 11:45:29 --> Unknown column 'tb2.log_id' in 'order clause'
CRITICAL - 2023-08-08 11:45:29 --> Unknown column 'tb2.log_id' in 'order clause'
in SYSTEMPATH/Database/MySQLi/Connection.php on line 292.
 1 SYSTEMPATH/Database/MySQLi/Connection.php(292): mysqli->query()
 2 SYSTEMPATH/Database/BaseConnection.php(695): CodeIgniter\Database\MySQLi\Connection->execute()
 3 SYSTEMPATH/Database/BaseConnection.php(609): CodeIgniter\Database\BaseConnection->simpleQuery()
 4 APPPATH/Models/Engine.php(1243): CodeIgniter\Database\BaseConnection->query()
 5 APPPATH/Models/Engine.php(1231): App\Models\Engine->getValidBalLog()
 6 APPPATH/Models/Engine.php(1200): App\Models\Engine->getPatientBalRecord()
 7 APPPATH/Helpers/global_helper.php(251): App\Models\Engine->calcPatientBalance()
 8 APPPATH/Helpers/global_helper.php(304): doProcessAITransaction()
 9 APPPATH/Controllers/Malipo.php(87): doAipros2Process()
10 SYSTEMPATH/CodeIgniter.php(896): App\Controllers\Malipo->aipros2()
11 SYSTEMPATH/CodeIgniter.php(466): CodeIgniter\CodeIgniter->runController()
12 SYSTEMPATH/CodeIgniter.php(349): CodeIgniter\CodeIgniter->handleRequest()
13 FCPATH/index.php(57): CodeIgniter\CodeIgniter->run()
ERROR - 2023-08-08 11:48:22 --> Unknown column 'tb2.log_id' in 'order clause'
CRITICAL - 2023-08-08 11:48:22 --> Unknown column 'tb2.log_id' in 'order clause'
in SYSTEMPATH/Database/MySQLi/Connection.php on line 292.
 1 SYSTEMPATH/Database/MySQLi/Connection.php(292): mysqli->query()
 2 SYSTEMPATH/Database/BaseConnection.php(695): CodeIgniter\Database\MySQLi\Connection->execute()
 3 SYSTEMPATH/Database/BaseConnection.php(609): CodeIgniter\Database\BaseConnection->simpleQuery()
 4 APPPATH/Models/Engine.php(1248): CodeIgniter\Database\BaseConnection->query()
 5 APPPATH/Models/Engine.php(1236): App\Models\Engine->getValidBalLog()
 6 APPPATH/Models/Engine.php(1201): App\Models\Engine->getPatientBalRecord()
 7 APPPATH/Helpers/global_helper.php(251): App\Models\Engine->calcPatientBalance()
 8 APPPATH/Helpers/global_helper.php(304): doProcessAITransaction()
 9 APPPATH/Controllers/Malipo.php(87): doAipros2Process()
10 SYSTEMPATH/CodeIgniter.php(896): App\Controllers\Malipo->aipros2()
11 SYSTEMPATH/CodeIgniter.php(466): CodeIgniter\CodeIgniter->runController()
12 SYSTEMPATH/CodeIgniter.php(349): CodeIgniter\CodeIgniter->handleRequest()
13 FCPATH/index.php(57): CodeIgniter\CodeIgniter->run()
ERROR - 2023-08-08 11:51:05 --> Unknown column 'tb2.log_id' in 'order clause'
CRITICAL - 2023-08-08 11:51:05 --> Unknown column 'tb2.log_id' in 'order clause'
in SYSTEMPATH/Database/MySQLi/Connection.php on line 292.
 1 SYSTEMPATH/Database/MySQLi/Connection.php(292): mysqli->query()
 2 SYSTEMPATH/Database/BaseConnection.php(695): CodeIgniter\Database\MySQLi\Connection->execute()
 3 SYSTEMPATH/Database/BaseConnection.php(609): CodeIgniter\Database\BaseConnection->simpleQuery()
 4 APPPATH/Models/Engine.php(1245): CodeIgniter\Database\BaseConnection->query()
 5 APPPATH/Models/Engine.php(1233): App\Models\Engine->getValidBalLog()
 6 APPPATH/Models/Engine.php(1201): App\Models\Engine->getPatientBalRecord()
 7 APPPATH/Helpers/global_helper.php(251): App\Models\Engine->calcPatientBalance()
 8 APPPATH/Helpers/global_helper.php(304): doProcessAITransaction()
 9 APPPATH/Controllers/Malipo.php(87): doAipros2Process()
10 SYSTEMPATH/CodeIgniter.php(896): App\Controllers\Malipo->aipros2()
11 SYSTEMPATH/CodeIgniter.php(466): CodeIgniter\CodeIgniter->runController()
12 SYSTEMPATH/CodeIgniter.php(349): CodeIgniter\CodeIgniter->handleRequest()
13 FCPATH/index.php(57): CodeIgniter\CodeIgniter->run()
ERROR - 2023-08-08 11:51:53 --> Unknown column 'tb2.log_id' in 'order clause'
CRITICAL - 2023-08-08 11:51:53 --> Unknown column 'tb2.log_id' in 'order clause'
in SYSTEMPATH/Database/MySQLi/Connection.php on line 292.
 1 SYSTEMPATH/Database/MySQLi/Connection.php(292): mysqli->query()
 2 SYSTEMPATH/Database/BaseConnection.php(695): CodeIgniter\Database\MySQLi\Connection->execute()
 3 SYSTEMPATH/Database/BaseConnection.php(609): CodeIgniter\Database\BaseConnection->simpleQuery()
 4 APPPATH/Models/Engine.php(1245): CodeIgniter\Database\BaseConnection->query()
 5 APPPATH/Models/Engine.php(1233): App\Models\Engine->getValidBalLog()
 6 APPPATH/Models/Engine.php(1201): App\Models\Engine->getPatientBalRecord()
 7 APPPATH/Helpers/global_helper.php(251): App\Models\Engine->calcPatientBalance()
 8 APPPATH/Helpers/global_helper.php(304): doProcessAITransaction()
 9 APPPATH/Controllers/Malipo.php(87): doAipros2Process()
10 SYSTEMPATH/CodeIgniter.php(896): App\Controllers\Malipo->aipros2()
11 SYSTEMPATH/CodeIgniter.php(466): CodeIgniter\CodeIgniter->runController()
12 SYSTEMPATH/CodeIgniter.php(349): CodeIgniter\CodeIgniter->handleRequest()
13 FCPATH/index.php(57): CodeIgniter\CodeIgniter->run()
ERROR - 2023-08-08 11:55:45 --> Unknown column 'tb2.log_id' in 'order clause'
CRITICAL - 2023-08-08 11:55:45 --> Unknown column 'tb2.log_id' in 'order clause'
in SYSTEMPATH/Database/MySQLi/Connection.php on line 292.
 1 SYSTEMPATH/Database/MySQLi/Connection.php(292): mysqli->query()
 2 SYSTEMPATH/Database/BaseConnection.php(695): CodeIgniter\Database\MySQLi\Connection->execute()
 3 SYSTEMPATH/Database/BaseConnection.php(609): CodeIgniter\Database\BaseConnection->simpleQuery()
 4 APPPATH/Models/Engine.php(1246): CodeIgniter\Database\BaseConnection->query()
 5 APPPATH/Models/Engine.php(1233): App\Models\Engine->getValidBalLog()
 6 APPPATH/Models/Engine.php(1201): App\Models\Engine->getPatientBalRecord()
 7 APPPATH/Helpers/global_helper.php(251): App\Models\Engine->calcPatientBalance()
 8 APPPATH/Helpers/global_helper.php(304): doProcessAITransaction()
 9 APPPATH/Controllers/Malipo.php(87): doAipros2Process()
10 SYSTEMPATH/CodeIgniter.php(896): App\Controllers\Malipo->aipros2()
11 SYSTEMPATH/CodeIgniter.php(466): CodeIgniter\CodeIgniter->runController()
12 SYSTEMPATH/CodeIgniter.php(349): CodeIgniter\CodeIgniter->handleRequest()
13 FCPATH/index.php(57): CodeIgniter\CodeIgniter->run()
ERROR - 2023-08-08 11:56:51 --> Unknown column 'tb2.log_id' in 'order clause'
CRITICAL - 2023-08-08 11:56:51 --> Unknown column 'tb2.log_id' in 'order clause'
in SYSTEMPATH/Database/MySQLi/Connection.php on line 292.
 1 SYSTEMPATH/Database/MySQLi/Connection.php(292): mysqli->query()
 2 SYSTEMPATH/Database/BaseConnection.php(695): CodeIgniter\Database\MySQLi\Connection->execute()
 3 SYSTEMPATH/Database/BaseConnection.php(609): CodeIgniter\Database\BaseConnection->simpleQuery()
 4 APPPATH/Models/Engine.php(1246): CodeIgniter\Database\BaseConnection->query()
 5 APPPATH/Models/Engine.php(1233): App\Models\Engine->getValidBalLog()
 6 APPPATH/Models/Engine.php(1201): App\Models\Engine->getPatientBalRecord()
 7 APPPATH/Helpers/global_helper.php(251): App\Models\Engine->calcPatientBalance()
 8 APPPATH/Helpers/global_helper.php(304): doProcessAITransaction()
 9 APPPATH/Controllers/Malipo.php(87): doAipros2Process()
10 SYSTEMPATH/CodeIgniter.php(896): App\Controllers\Malipo->aipros2()
11 SYSTEMPATH/CodeIgniter.php(466): CodeIgniter\CodeIgniter->runController()
12 SYSTEMPATH/CodeIgniter.php(349): CodeIgniter\CodeIgniter->handleRequest()
13 FCPATH/index.php(57): CodeIgniter\CodeIgniter->run()
CRITICAL - 2023-08-08 12:21:36 --> Undefined property: stdClass::$wallet_key
in APPPATH/Models/Engine.php on line 1252.
 1 APPPATH/Models/Engine.php(1252): CodeIgniter\Debug\Exceptions->errorHandler()
 2 APPPATH/Models/Engine.php(1229): App\Models\Engine->getValidBalLog()
 3 APPPATH/Models/Engine.php(1201): App\Models\Engine->getPatientBalRecord()
 4 APPPATH/Helpers/global_helper.php(251): App\Models\Engine->calcPatientBalance()
 5 APPPATH/Helpers/global_helper.php(304): doProcessAITransaction()
 6 APPPATH/Controllers/Malipo.php(87): doAipros2Process()
 7 SYSTEMPATH/CodeIgniter.php(896): App\Controllers\Malipo->aipros2()
 8 SYSTEMPATH/CodeIgniter.php(466): CodeIgniter\CodeIgniter->runController()
 9 SYSTEMPATH/CodeIgniter.php(349): CodeIgniter\CodeIgniter->handleRequest()
10 FCPATH/index.php(57): CodeIgniter\CodeIgniter->run()
CRITICAL - 2023-08-08 12:22:12 --> Undefined property: stdClass::$wallet_key
in APPPATH/Models/Engine.php on line 1252.
 1 APPPATH/Models/Engine.php(1252): CodeIgniter\Debug\Exceptions->errorHandler()
 2 APPPATH/Models/Engine.php(1229): App\Models\Engine->getValidBalLog()
 3 APPPATH/Models/Engine.php(1201): App\Models\Engine->getPatientBalRecord()
 4 APPPATH/Helpers/global_helper.php(251): App\Models\Engine->calcPatientBalance()
 5 APPPATH/Helpers/global_helper.php(304): doProcessAITransaction()
 6 APPPATH/Controllers/Malipo.php(87): doAipros2Process()
 7 SYSTEMPATH/CodeIgniter.php(896): App\Controllers\Malipo->aipros2()
 8 SYSTEMPATH/CodeIgniter.php(466): CodeIgniter\CodeIgniter->runController()
 9 SYSTEMPATH/CodeIgniter.php(349): CodeIgniter\CodeIgniter->handleRequest()
10 FCPATH/index.php(57): CodeIgniter\CodeIgniter->run()
CRITICAL - 2023-08-08 12:26:10 --> Undefined property: stdClass::$wallet_key
in APPPATH/Models/Engine.php on line 1251.
 1 APPPATH/Models/Engine.php(1251): CodeIgniter\Debug\Exceptions->errorHandler()
 2 APPPATH/Models/Engine.php(1229): App\Models\Engine->getValidBalLog()
 3 APPPATH/Models/Engine.php(1201): App\Models\Engine->getPatientBalRecord()
 4 APPPATH/Helpers/global_helper.php(251): App\Models\Engine->calcPatientBalance()
 5 APPPATH/Helpers/global_helper.php(304): doProcessAITransaction()
 6 APPPATH/Controllers/Malipo.php(87): doAipros2Process()
 7 SYSTEMPATH/CodeIgniter.php(896): App\Controllers\Malipo->aipros2()
 8 SYSTEMPATH/CodeIgniter.php(466): CodeIgniter\CodeIgniter->runController()
 9 SYSTEMPATH/CodeIgniter.php(349): CodeIgniter\CodeIgniter->handleRequest()
10 FCPATH/index.php(57): CodeIgniter\CodeIgniter->run()
CRITICAL - 2023-08-08 12:43:41 --> strlen(): Passing null to parameter #1 ($string) of type string is deprecated
in APPPATH/Models/Engine.php on line 1230.
 1 [internal function]: CodeIgniter\Debug\Exceptions->errorHandler()
 2 APPPATH/Models/Engine.php(1230): strlen()
 3 APPPATH/Models/Engine.php(1201): App\Models\Engine->getPatientBalRecord()
 4 APPPATH/Helpers/global_helper.php(251): App\Models\Engine->calcPatientBalance()
 5 APPPATH/Helpers/global_helper.php(304): doProcessAITransaction()
 6 APPPATH/Controllers/Malipo.php(87): doAipros2Process()
 7 SYSTEMPATH/CodeIgniter.php(896): App\Controllers\Malipo->aipros2()
 8 SYSTEMPATH/CodeIgniter.php(466): CodeIgniter\CodeIgniter->runController()
 9 SYSTEMPATH/CodeIgniter.php(349): CodeIgniter\CodeIgniter->handleRequest()
10 FCPATH/index.php(57): CodeIgniter\CodeIgniter->run()
CRITICAL - 2023-08-08 12:44:42 --> strlen(): Passing null to parameter #1 ($string) of type string is deprecated
in APPPATH/Models/Engine.php on line 1230.
 1 [internal function]: CodeIgniter\Debug\Exceptions->errorHandler()
 2 APPPATH/Models/Engine.php(1230): strlen()
 3 APPPATH/Models/Engine.php(1201): App\Models\Engine->getPatientBalRecord()
 4 APPPATH/Helpers/global_helper.php(251): App\Models\Engine->calcPatientBalance()
 5 APPPATH/Helpers/global_helper.php(304): doProcessAITransaction()
 6 APPPATH/Controllers/Malipo.php(87): doAipros2Process()
 7 SYSTEMPATH/CodeIgniter.php(896): App\Controllers\Malipo->aipros2()
 8 SYSTEMPATH/CodeIgniter.php(466): CodeIgniter\CodeIgniter->runController()
 9 SYSTEMPATH/CodeIgniter.php(349): CodeIgniter\CodeIgniter->handleRequest()
10 FCPATH/index.php(57): CodeIgniter\CodeIgniter->run()
CRITICAL - 2023-08-08 13:05:12 --> strlen(): Passing null to parameter #1 ($string) of type string is deprecated
in APPPATH/Models/Engine.php on line 1230.
 1 [internal function]: CodeIgniter\Debug\Exceptions->errorHandler()
 2 APPPATH/Models/Engine.php(1230): strlen()
 3 APPPATH/Models/Engine.php(1201): App\Models\Engine->getPatientBalRecord()
 4 APPPATH/Helpers/global_helper.php(251): App\Models\Engine->calcPatientBalance()
 5 APPPATH/Helpers/global_helper.php(304): doProcessAITransaction()
 6 APPPATH/Controllers/Malipo.php(87): doAipros2Process()
 7 SYSTEMPATH/CodeIgniter.php(896): App\Controllers\Malipo->aipros2()
 8 SYSTEMPATH/CodeIgniter.php(466): CodeIgniter\CodeIgniter->runController()
 9 SYSTEMPATH/CodeIgniter.php(349): CodeIgniter\CodeIgniter->handleRequest()
10 FCPATH/index.php(57): CodeIgniter\CodeIgniter->run()
CRITICAL - 2023-08-08 13:05:54 --> strlen(): Passing null to parameter #1 ($string) of type string is deprecated
in APPPATH/Models/Engine.php on line 1231.
 1 [internal function]: CodeIgniter\Debug\Exceptions->errorHandler()
 2 APPPATH/Models/Engine.php(1231): strlen()
 3 APPPATH/Models/Engine.php(1201): App\Models\Engine->getPatientBalRecord()
 4 APPPATH/Helpers/global_helper.php(251): App\Models\Engine->calcPatientBalance()
 5 APPPATH/Helpers/global_helper.php(304): doProcessAITransaction()
 6 APPPATH/Controllers/Malipo.php(87): doAipros2Process()
 7 SYSTEMPATH/CodeIgniter.php(896): App\Controllers\Malipo->aipros2()
 8 SYSTEMPATH/CodeIgniter.php(466): CodeIgniter\CodeIgniter->runController()
 9 SYSTEMPATH/CodeIgniter.php(349): CodeIgniter\CodeIgniter->handleRequest()
10 FCPATH/index.php(57): CodeIgniter\CodeIgniter->run()
CRITICAL - 2023-08-08 13:09:52 --> Attempt to assign property "bal_hash" on array
in APPPATH/Models/Engine.php on line 1224.
 1 APPPATH/Models/Engine.php(1201): App\Models\Engine->getPatientBalRecord()
 2 APPPATH/Helpers/global_helper.php(251): App\Models\Engine->calcPatientBalance()
 3 APPPATH/Helpers/global_helper.php(304): doProcessAITransaction()
 4 APPPATH/Controllers/Malipo.php(87): doAipros2Process()
 5 SYSTEMPATH/CodeIgniter.php(896): App\Controllers\Malipo->aipros2()
 6 SYSTEMPATH/CodeIgniter.php(466): CodeIgniter\CodeIgniter->runController()
 7 SYSTEMPATH/CodeIgniter.php(349): CodeIgniter\CodeIgniter->handleRequest()
 8 FCPATH/index.php(57): CodeIgniter\CodeIgniter->run()
CRITICAL - 2023-08-08 13:11:37 --> Attempt to assign property "bal_hash" on array
in APPPATH/Models/Engine.php on line 1224.
 1 APPPATH/Controllers/Malipo.php(10): App\Models\Engine->getPatientBalRecord()
 2 SYSTEMPATH/CodeIgniter.php(896): App\Controllers\Malipo->index()
 3 SYSTEMPATH/CodeIgniter.php(466): CodeIgniter\CodeIgniter->runController()
 4 SYSTEMPATH/CodeIgniter.php(349): CodeIgniter\CodeIgniter->handleRequest()
 5 FCPATH/index.php(57): CodeIgniter\CodeIgniter->run()
CRITICAL - 2023-08-08 13:13:18 --> strlen(): Passing null to parameter #1 ($string) of type string is deprecated
in APPPATH/Models/Engine.php on line 1236.
 1 [internal function]: CodeIgniter\Debug\Exceptions->errorHandler()
 2 APPPATH/Models/Engine.php(1236): strlen()
 3 APPPATH/Controllers/Malipo.php(10): App\Models\Engine->getPatientBalRecord()
 4 SYSTEMPATH/CodeIgniter.php(896): App\Controllers\Malipo->index()
 5 SYSTEMPATH/CodeIgniter.php(466): CodeIgniter\CodeIgniter->runController()
 6 SYSTEMPATH/CodeIgniter.php(349): CodeIgniter\CodeIgniter->handleRequest()
 7 FCPATH/index.php(57): CodeIgniter\CodeIgniter->run()
