CRITICAL - 2023-10-31 11:18:06 --> Unsupported operand types: string + int
in APPPATH/Helpers/global_helper.php on line 787.
 1 APPPATH/Helpers/global_helper.php(774): genBillNumber()
 2 APPPATH/Models/Engine.php(669): getBillNumber()
 3 APPPATH/Controllers/Billing.php(167): App\Models\Engine->saveBillDetails()
 4 SYSTEMPATH/CodeIgniter.php(896): App\Controllers\Billing->postnewbill()
 5 SYSTEMPATH/CodeIgniter.php(466): CodeIgniter\CodeIgniter->runController()
 6 SYSTEMPATH/CodeIgniter.php(349): CodeIgniter\CodeIgniter->handleRequest()
 7 FCPATH/index.php(57): CodeIgniter\CodeIgniter->run()
CRITICAL - 2023-10-31 12:18:42 --> Undefined variable $extSql
in APPPATH/Models/Engine.php on line 1397.
 1 APPPATH/Models/Engine.php(1397): CodeIgniter\Debug\Exceptions->errorHandler()
 2 APPPATH/Models/Engine.php(1320): App\Models\Engine->fetchPatUnpaidBills()
 3 APPPATH/Models/Engine.php(1305): App\Models\Engine->updatePayPatBills()
 4 APPPATH/Helpers/global_helper.php(494): App\Models\Engine->prosPatientUnpaidBills()
 5 APPPATH/Helpers/global_helper.php(449): doProcessGlobalTransaction()
 6 APPPATH/Controllers/Malipo.php(362): doProcessNMBTransaction()
 7 SYSTEMPATH/CodeIgniter.php(896): App\Controllers\Malipo->nmbprocesscallback()
 8 SYSTEMPATH/CodeIgniter.php(466): CodeIgniter\CodeIgniter->runController()
 9 SYSTEMPATH/CodeIgniter.php(349): CodeIgniter\CodeIgniter->handleRequest()
10 FCPATH/index.php(57): CodeIgniter\CodeIgniter->run()
CRITICAL - 2023-10-31 13:57:40 --> Undefined variable $extSql
in APPPATH/Models/Engine.php on line 1397.
 1 APPPATH/Models/Engine.php(1397): CodeIgniter\Debug\Exceptions->errorHandler()
 2 APPPATH/Models/Engine.php(1320): App\Models\Engine->fetchPatUnpaidBills()
 3 APPPATH/Models/Engine.php(1305): App\Models\Engine->updatePayPatBills()
 4 APPPATH/Helpers/global_helper.php(494): App\Models\Engine->prosPatientUnpaidBills()
 5 APPPATH/Helpers/global_helper.php(449): doProcessGlobalTransaction()
 6 APPPATH/Controllers/Malipo.php(362): doProcessNMBTransaction()
 7 SYSTEMPATH/CodeIgniter.php(896): App\Controllers\Malipo->nmbprocesscallback()
 8 SYSTEMPATH/CodeIgniter.php(466): CodeIgniter\CodeIgniter->runController()
 9 SYSTEMPATH/CodeIgniter.php(349): CodeIgniter\CodeIgniter->handleRequest()
10 FCPATH/index.php(57): CodeIgniter\CodeIgniter->run()
CRITICAL - 2023-10-31 14:08:38 --> Undefined variable $extSql
in APPPATH/Models/Engine.php on line 1397.
 1 APPPATH/Models/Engine.php(1397): CodeIgniter\Debug\Exceptions->errorHandler()
 2 APPPATH/Models/Engine.php(1320): App\Models\Engine->fetchPatUnpaidBills()
 3 APPPATH/Models/Engine.php(1305): App\Models\Engine->updatePayPatBills()
 4 APPPATH/Helpers/global_helper.php(494): App\Models\Engine->prosPatientUnpaidBills()
 5 APPPATH/Helpers/global_helper.php(441): doProcessGlobalTransaction()
 6 APPPATH/Controllers/Malipo.php(208): doProcessCRDBTransaction()
 7 SYSTEMPATH/CodeIgniter.php(896): App\Controllers\Malipo->crdbpost()
 8 SYSTEMPATH/CodeIgniter.php(466): CodeIgniter\CodeIgniter->runController()
 9 SYSTEMPATH/CodeIgniter.php(349): CodeIgniter\CodeIgniter->handleRequest()
10 FCPATH/index.php(57): CodeIgniter\CodeIgniter->run()
CRITICAL - 2023-10-31 14:12:30 --> Undefined variable $extSql
in APPPATH/Models/Engine.php on line 1397.
 1 APPPATH/Models/Engine.php(1397): CodeIgniter\Debug\Exceptions->errorHandler()
 2 APPPATH/Models/Engine.php(1320): App\Models\Engine->fetchPatUnpaidBills()
 3 APPPATH/Models/Engine.php(1305): App\Models\Engine->updatePayPatBills()
 4 APPPATH/Helpers/global_helper.php(494): App\Models\Engine->prosPatientUnpaidBills()
 5 APPPATH/Helpers/global_helper.php(449): doProcessGlobalTransaction()
 6 APPPATH/Controllers/Malipo.php(362): doProcessNMBTransaction()
 7 SYSTEMPATH/CodeIgniter.php(896): App\Controllers\Malipo->nmbprocesscallback()
 8 SYSTEMPATH/CodeIgniter.php(466): CodeIgniter\CodeIgniter->runController()
 9 SYSTEMPATH/CodeIgniter.php(349): CodeIgniter\CodeIgniter->handleRequest()
10 FCPATH/index.php(57): CodeIgniter\CodeIgniter->run()
CRITICAL - 2023-10-31 14:26:55 --> Undefined variable $extSql
in APPPATH/Models/Engine.php on line 1397.
 1 APPPATH/Models/Engine.php(1397): CodeIgniter\Debug\Exceptions->errorHandler()
 2 APPPATH/Models/Engine.php(1320): App\Models\Engine->fetchPatUnpaidBills()
 3 APPPATH/Models/Engine.php(1305): App\Models\Engine->updatePayPatBills()
 4 APPPATH/Helpers/global_helper.php(494): App\Models\Engine->prosPatientUnpaidBills()
 5 APPPATH/Helpers/global_helper.php(441): doProcessGlobalTransaction()
 6 APPPATH/Controllers/Malipo.php(208): doProcessCRDBTransaction()
 7 SYSTEMPATH/CodeIgniter.php(896): App\Controllers\Malipo->crdbpost()
 8 SYSTEMPATH/CodeIgniter.php(466): CodeIgniter\CodeIgniter->runController()
 9 SYSTEMPATH/CodeIgniter.php(349): CodeIgniter\CodeIgniter->handleRequest()
10 FCPATH/index.php(57): CodeIgniter\CodeIgniter->run()
CRITICAL - 2023-10-31 14:38:44 --> Undefined variable $extSql
in APPPATH/Models/Engine.php on line 1397.
 1 APPPATH/Models/Engine.php(1397): CodeIgniter\Debug\Exceptions->errorHandler()
 2 APPPATH/Models/Engine.php(1320): App\Models\Engine->fetchPatUnpaidBills()
 3 APPPATH/Models/Engine.php(1305): App\Models\Engine->updatePayPatBills()
 4 APPPATH/Helpers/global_helper.php(494): App\Models\Engine->prosPatientUnpaidBills()
 5 APPPATH/Helpers/global_helper.php(441): doProcessGlobalTransaction()
 6 APPPATH/Controllers/Malipo.php(208): doProcessCRDBTransaction()
 7 SYSTEMPATH/CodeIgniter.php(896): App\Controllers\Malipo->crdbpost()
 8 SYSTEMPATH/CodeIgniter.php(466): CodeIgniter\CodeIgniter->runController()
 9 SYSTEMPATH/CodeIgniter.php(349): CodeIgniter\CodeIgniter->handleRequest()
10 FCPATH/index.php(57): CodeIgniter\CodeIgniter->run()
CRITICAL - 2023-10-31 14:48:03 --> Undefined variable $extSql
in APPPATH/Models/Engine.php on line 1397.
 1 APPPATH/Models/Engine.php(1397): CodeIgniter\Debug\Exceptions->errorHandler()
 2 APPPATH/Models/Engine.php(1320): App\Models\Engine->fetchPatUnpaidBills()
 3 APPPATH/Models/Engine.php(1305): App\Models\Engine->updatePayPatBills()
 4 APPPATH/Helpers/global_helper.php(494): App\Models\Engine->prosPatientUnpaidBills()
 5 APPPATH/Helpers/global_helper.php(441): doProcessGlobalTransaction()
 6 APPPATH/Controllers/Malipo.php(208): doProcessCRDBTransaction()
 7 SYSTEMPATH/CodeIgniter.php(896): App\Controllers\Malipo->crdbpost()
 8 SYSTEMPATH/CodeIgniter.php(466): CodeIgniter\CodeIgniter->runController()
 9 SYSTEMPATH/CodeIgniter.php(349): CodeIgniter\CodeIgniter->handleRequest()
10 FCPATH/index.php(57): CodeIgniter\CodeIgniter->run()
CRITICAL - 2023-10-31 14:54:30 --> Undefined variable $extSql
in APPPATH/Models/Engine.php on line 1397.
 1 APPPATH/Models/Engine.php(1397): CodeIgniter\Debug\Exceptions->errorHandler()
 2 APPPATH/Models/Engine.php(1320): App\Models\Engine->fetchPatUnpaidBills()
 3 APPPATH/Models/Engine.php(1305): App\Models\Engine->updatePayPatBills()
 4 APPPATH/Helpers/global_helper.php(494): App\Models\Engine->prosPatientUnpaidBills()
 5 APPPATH/Helpers/global_helper.php(441): doProcessGlobalTransaction()
 6 APPPATH/Controllers/Malipo.php(208): doProcessCRDBTransaction()
 7 SYSTEMPATH/CodeIgniter.php(896): App\Controllers\Malipo->crdbpost()
 8 SYSTEMPATH/CodeIgniter.php(466): CodeIgniter\CodeIgniter->runController()
 9 SYSTEMPATH/CodeIgniter.php(349): CodeIgniter\CodeIgniter->handleRequest()
10 FCPATH/index.php(57): CodeIgniter\CodeIgniter->run()
CRITICAL - 2023-10-31 15:03:13 --> Undefined variable $extSql
in APPPATH/Models/Engine.php on line 1397.
 1 APPPATH/Models/Engine.php(1397): CodeIgniter\Debug\Exceptions->errorHandler()
 2 APPPATH/Models/Engine.php(1320): App\Models\Engine->fetchPatUnpaidBills()
 3 APPPATH/Models/Engine.php(1305): App\Models\Engine->updatePayPatBills()
 4 APPPATH/Helpers/global_helper.php(494): App\Models\Engine->prosPatientUnpaidBills()
 5 APPPATH/Helpers/global_helper.php(441): doProcessGlobalTransaction()
 6 APPPATH/Controllers/Malipo.php(208): doProcessCRDBTransaction()
 7 SYSTEMPATH/CodeIgniter.php(896): App\Controllers\Malipo->crdbpost()
 8 SYSTEMPATH/CodeIgniter.php(466): CodeIgniter\CodeIgniter->runController()
 9 SYSTEMPATH/CodeIgniter.php(349): CodeIgniter\CodeIgniter->handleRequest()
10 FCPATH/index.php(57): CodeIgniter\CodeIgniter->run()
CRITICAL - 2023-10-31 16:11:48 --> Undefined variable $extSql
in APPPATH/Models/Engine.php on line 1397.
 1 APPPATH/Models/Engine.php(1397): CodeIgniter\Debug\Exceptions->errorHandler()
 2 APPPATH/Models/Engine.php(1320): App\Models\Engine->fetchPatUnpaidBills()
 3 APPPATH/Models/Engine.php(1305): App\Models\Engine->updatePayPatBills()
 4 APPPATH/Helpers/global_helper.php(494): App\Models\Engine->prosPatientUnpaidBills()
 5 APPPATH/Helpers/global_helper.php(449): doProcessGlobalTransaction()
 6 APPPATH/Controllers/Malipo.php(362): doProcessNMBTransaction()
 7 SYSTEMPATH/CodeIgniter.php(896): App\Controllers\Malipo->nmbprocesscallback()
 8 SYSTEMPATH/CodeIgniter.php(466): CodeIgniter\CodeIgniter->runController()
 9 SYSTEMPATH/CodeIgniter.php(349): CodeIgniter\CodeIgniter->handleRequest()
10 FCPATH/index.php(57): CodeIgniter\CodeIgniter->run()
