CRITICAL - 2023-06-12 09:38:41 --> Cannot use object of type stdClass as array
in APPPATH\Views\billing\newbill.php on line 64.
 1 SYSTEMPATH\View\View.php(213): include()
 2 SYSTEMPATH\View\View.php(216): CodeIgniter\View\View->CodeIgniter\View\{closure}()
 3 SYSTEMPATH\Common.php(1135): CodeIgniter\View\View->render('billing/newbill', [], true)
 4 APPPATH\Controllers\Billing.php(32): view('billing/newbill', [...])
 5 SYSTEMPATH\CodeIgniter.php(896): App\Controllers\Billing->newbill(1)
 6 SYSTEMPATH\CodeIgniter.php(466): CodeIgniter\CodeIgniter->runController(Object(App\Controllers\Billing))
 7 SYSTEMPATH\CodeIgniter.php(349): CodeIgniter\CodeIgniter->handleRequest(null, Object(Config\Cache), false)
 8 FCPATH\index.php(57): CodeIgniter\CodeIgniter->run()
CRITICAL - 2023-06-12 09:39:14 --> Cannot use object of type stdClass as array
in APPPATH\Views\billing\newbill.php on line 64.
 1 SYSTEMPATH\View\View.php(213): include()
 2 SYSTEMPATH\View\View.php(216): CodeIgniter\View\View->CodeIgniter\View\{closure}()
 3 SYSTEMPATH\Common.php(1135): CodeIgniter\View\View->render('billing/newbill', [], true)
 4 APPPATH\Controllers\Billing.php(32): view('billing/newbill', [...])
 5 SYSTEMPATH\CodeIgniter.php(896): App\Controllers\Billing->newbill(1)
 6 SYSTEMPATH\CodeIgniter.php(466): CodeIgniter\CodeIgniter->runController(Object(App\Controllers\Billing))
 7 SYSTEMPATH\CodeIgniter.php(349): CodeIgniter\CodeIgniter->handleRequest(null, Object(Config\Cache), false)
 8 FCPATH\index.php(57): CodeIgniter\CodeIgniter->run()
