CRITICAL - 2023-10-25 10:22:11 --> include(/var/www/html/bmc/ci/app/Views/report.php): Failed to open stream: Permission denied
in SYSTEMPATH/View/View.php on line 213.
 1 SYSTEMPATH/View/View.php(213): CodeIgniter\Debug\Exceptions->errorHandler()
 2 SYSTEMPATH/View/View.php(213): include()
 3 SYSTEMPATH/View/View.php(216): CodeIgniter\View\View->CodeIgniter\View\{closure}()
 4 SYSTEMPATH/Common.php(1135): CodeIgniter\View\View->render()
 5 APPPATH/Controllers/Dashboard.php(24): view()
 6 SYSTEMPATH/CodeIgniter.php(896): App\Controllers\Dashboard->reports()
 7 SYSTEMPATH/CodeIgniter.php(466): CodeIgniter\CodeIgniter->runController()
 8 SYSTEMPATH/CodeIgniter.php(349): CodeIgniter\CodeIgniter->handleRequest()
 9 FCPATH/index.php(57): CodeIgniter\CodeIgniter->run()
CRITICAL - 2023-10-25 10:22:15 --> include(/var/www/html/bmc/ci/app/Views/report.php): Failed to open stream: Permission denied
in SYSTEMPATH/View/View.php on line 213.
 1 SYSTEMPATH/View/View.php(213): CodeIgniter\Debug\Exceptions->errorHandler()
 2 SYSTEMPATH/View/View.php(213): include()
 3 SYSTEMPATH/View/View.php(216): CodeIgniter\View\View->CodeIgniter\View\{closure}()
 4 SYSTEMPATH/Common.php(1135): CodeIgniter\View\View->render()
 5 APPPATH/Controllers/Dashboard.php(24): view()
 6 SYSTEMPATH/CodeIgniter.php(896): App\Controllers\Dashboard->reports()
 7 SYSTEMPATH/CodeIgniter.php(466): CodeIgniter\CodeIgniter->runController()
 8 SYSTEMPATH/CodeIgniter.php(349): CodeIgniter\CodeIgniter->handleRequest()
 9 FCPATH/index.php(57): CodeIgniter\CodeIgniter->run()
CRITICAL - 2023-10-25 10:24:02 --> include(/var/www/html/bmc/ci/app/Views/report.php): Failed to open stream: Permission denied
in SYSTEMPATH/View/View.php on line 213.
 1 SYSTEMPATH/View/View.php(213): CodeIgniter\Debug\Exceptions->errorHandler()
 2 SYSTEMPATH/View/View.php(213): include()
 3 SYSTEMPATH/View/View.php(216): CodeIgniter\View\View->CodeIgniter\View\{closure}()
 4 SYSTEMPATH/Common.php(1135): CodeIgniter\View\View->render()
 5 APPPATH/Controllers/Dashboard.php(24): view()
 6 SYSTEMPATH/CodeIgniter.php(896): App\Controllers\Dashboard->reports()
 7 SYSTEMPATH/CodeIgniter.php(466): CodeIgniter\CodeIgniter->runController()
 8 SYSTEMPATH/CodeIgniter.php(349): CodeIgniter\CodeIgniter->handleRequest()
 9 FCPATH/index.php(57): CodeIgniter\CodeIgniter->run()
CRITICAL - 2023-10-25 10:24:13 --> include(/var/www/html/bmc/ci/app/Views/report.php): Failed to open stream: Permission denied
in SYSTEMPATH/View/View.php on line 213.
 1 SYSTEMPATH/View/View.php(213): CodeIgniter\Debug\Exceptions->errorHandler()
 2 SYSTEMPATH/View/View.php(213): include()
 3 SYSTEMPATH/View/View.php(216): CodeIgniter\View\View->CodeIgniter\View\{closure}()
 4 SYSTEMPATH/Common.php(1135): CodeIgniter\View\View->render()
 5 APPPATH/Controllers/Dashboard.php(24): view()
 6 SYSTEMPATH/CodeIgniter.php(896): App\Controllers\Dashboard->reports()
 7 SYSTEMPATH/CodeIgniter.php(466): CodeIgniter\CodeIgniter->runController()
 8 SYSTEMPATH/CodeIgniter.php(349): CodeIgniter\CodeIgniter->handleRequest()
 9 FCPATH/index.php(57): CodeIgniter\CodeIgniter->run()
CRITICAL - 2023-10-25 11:03:08 --> Undefined property: stdClass::$reference
in APPPATH/Helpers/global_helper.php on line 865.
 1 APPPATH/Helpers/global_helper.php(865): CodeIgniter\Debug\Exceptions->errorHandler()
 2 APPPATH/Controllers/Malipo.php(330): nmbGenSubmitJson()
 3 SYSTEMPATH/CodeIgniter.php(896): App\Controllers\Malipo->nmbbillrequest()
 4 SYSTEMPATH/CodeIgniter.php(466): CodeIgniter\CodeIgniter->runController()
 5 SYSTEMPATH/CodeIgniter.php(349): CodeIgniter\CodeIgniter->handleRequest()
 6 FCPATH/index.php(57): CodeIgniter\CodeIgniter->run()
CRITICAL - 2023-10-25 11:03:15 --> Undefined property: stdClass::$reference
in APPPATH/Helpers/global_helper.php on line 865.
 1 APPPATH/Helpers/global_helper.php(865): CodeIgniter\Debug\Exceptions->errorHandler()
 2 APPPATH/Controllers/Malipo.php(330): nmbGenSubmitJson()
 3 SYSTEMPATH/CodeIgniter.php(896): App\Controllers\Malipo->nmbbillrequest()
 4 SYSTEMPATH/CodeIgniter.php(466): CodeIgniter\CodeIgniter->runController()
 5 SYSTEMPATH/CodeIgniter.php(349): CodeIgniter\CodeIgniter->handleRequest()
 6 FCPATH/index.php(57): CodeIgniter\CodeIgniter->run()
CRITICAL - 2023-10-25 11:03:24 --> Undefined property: stdClass::$reference
in APPPATH/Helpers/global_helper.php on line 865.
 1 APPPATH/Helpers/global_helper.php(865): CodeIgniter\Debug\Exceptions->errorHandler()
 2 APPPATH/Controllers/Malipo.php(330): nmbGenSubmitJson()
 3 SYSTEMPATH/CodeIgniter.php(896): App\Controllers\Malipo->nmbbillrequest()
 4 SYSTEMPATH/CodeIgniter.php(466): CodeIgniter\CodeIgniter->runController()
 5 SYSTEMPATH/CodeIgniter.php(349): CodeIgniter\CodeIgniter->handleRequest()
 6 FCPATH/index.php(57): CodeIgniter\CodeIgniter->run()
CRITICAL - 2023-10-25 14:44:07 --> include(/var/www/html/bmc/ci/app/Views/report.php): Failed to open stream: Permission denied
in SYSTEMPATH/View/View.php on line 213.
 1 SYSTEMPATH/View/View.php(213): CodeIgniter\Debug\Exceptions->errorHandler()
 2 SYSTEMPATH/View/View.php(213): include()
 3 SYSTEMPATH/View/View.php(216): CodeIgniter\View\View->CodeIgniter\View\{closure}()
 4 SYSTEMPATH/Common.php(1135): CodeIgniter\View\View->render()
 5 APPPATH/Controllers/Dashboard.php(24): view()
 6 SYSTEMPATH/CodeIgniter.php(896): App\Controllers\Dashboard->reports()
 7 SYSTEMPATH/CodeIgniter.php(466): CodeIgniter\CodeIgniter->runController()
 8 SYSTEMPATH/CodeIgniter.php(349): CodeIgniter\CodeIgniter->handleRequest()
 9 FCPATH/index.php(57): CodeIgniter\CodeIgniter->run()
CRITICAL - 2023-10-25 14:44:14 --> include(/var/www/html/bmc/ci/app/Views/report.php): Failed to open stream: Permission denied
in SYSTEMPATH/View/View.php on line 213.
 1 SYSTEMPATH/View/View.php(213): CodeIgniter\Debug\Exceptions->errorHandler()
 2 SYSTEMPATH/View/View.php(213): include()
 3 SYSTEMPATH/View/View.php(216): CodeIgniter\View\View->CodeIgniter\View\{closure}()
 4 SYSTEMPATH/Common.php(1135): CodeIgniter\View\View->render()
 5 APPPATH/Controllers/Dashboard.php(24): view()
 6 SYSTEMPATH/CodeIgniter.php(896): App\Controllers\Dashboard->reports()
 7 SYSTEMPATH/CodeIgniter.php(466): CodeIgniter\CodeIgniter->runController()
 8 SYSTEMPATH/CodeIgniter.php(349): CodeIgniter\CodeIgniter->handleRequest()
 9 FCPATH/index.php(57): CodeIgniter\CodeIgniter->run()
