CRITICAL - 2023-10-07 14:52:33 --> Undefined variable $afMy
in APPPATH/Controllers/Malipo.php on line 256.
 1 APPPATH/Controllers/Malipo.php(256): CodeIgniter\Debug\Exceptions->errorHandler()
 2 SYSTEMPATH/CodeIgniter.php(896): App\Controllers\Malipo->nmbtokenrequest()
 3 SYSTEMPATH/CodeIgniter.php(466): CodeIgniter\CodeIgniter->runController()
 4 SYSTEMPATH/CodeIgniter.php(349): CodeIgniter\CodeIgniter->handleRequest()
 5 FCPATH/index.php(57): CodeIgniter\CodeIgniter->run()
CRITICAL - 2023-10-07 15:07:26 --> Undefined constant "App\Controllers\NMB"
in APPPATH/Controllers/Malipo.php on line 258.
 1 SYSTEMPATH/CodeIgniter.php(896): App\Controllers\Malipo->nmbtokenrequest()
 2 SYSTEMPATH/CodeIgniter.php(466): CodeIgniter\CodeIgniter->runController()
 3 SYSTEMPATH/CodeIgniter.php(349): CodeIgniter\CodeIgniter->handleRequest()
 4 FCPATH/index.php(57): CodeIgniter\CodeIgniter->run()
CRITICAL - 2023-10-07 15:08:24 --> Undefined constant "App\Controllers\NMBUSERNAME"
in APPPATH/Controllers/Malipo.php on line 258.
 1 SYSTEMPATH/CodeIgniter.php(896): App\Controllers\Malipo->nmbtokenrequest()
 2 SYSTEMPATH/CodeIgniter.php(466): CodeIgniter\CodeIgniter->runController()
 3 SYSTEMPATH/CodeIgniter.php(349): CodeIgniter\CodeIgniter->handleRequest()
 4 FCPATH/index.php(57): CodeIgniter\CodeIgniter->run()
CRITICAL - 2023-10-07 15:10:49 --> Undefined constant "App\Controllers\NMBUSERNAME"
in APPPATH/Controllers/Malipo.php on line 259.
 1 SYSTEMPATH/CodeIgniter.php(896): App\Controllers\Malipo->nmbtokenrequest()
 2 SYSTEMPATH/CodeIgniter.php(466): CodeIgniter\CodeIgniter->runController()
 3 SYSTEMPATH/CodeIgniter.php(349): CodeIgniter\CodeIgniter->handleRequest()
 4 FCPATH/index.php(57): CodeIgniter\CodeIgniter->run()
