CRITICAL - 2024-01-05 13:57:06 --> Undefined property: stdClass::$controlNum
in APPPATH/Helpers/global_helper.php on line 944.
 1 APPPATH/Helpers/global_helper.php(944): CodeIgniter\Debug\Exceptions->errorHandler()
 2 APPPATH/Controllers/Api.php(129): genApiBillPostResponse()
 3 SYSTEMPATH/CodeIgniter.php(896): App\Controllers\Api->postpatbills()
 4 SYSTEMPATH/CodeIgniter.php(466): CodeIgniter\CodeIgniter->runController()
 5 SYSTEMPATH/CodeIgniter.php(349): CodeIgniter\CodeIgniter->handleRequest()
 6 FCPATH/index.php(57): CodeIgniter\CodeIgniter->run()
CRITICAL - 2024-01-05 13:57:38 --> Undefined property: stdClass::$controlNum
in APPPATH/Helpers/global_helper.php on line 944.
 1 APPPATH/Helpers/global_helper.php(944): CodeIgniter\Debug\Exceptions->errorHandler()
 2 APPPATH/Controllers/Api.php(129): genApiBillPostResponse()
 3 SYSTEMPATH/CodeIgniter.php(896): App\Controllers\Api->postpatbills()
 4 SYSTEMPATH/CodeIgniter.php(466): CodeIgniter\CodeIgniter->runController()
 5 SYSTEMPATH/CodeIgniter.php(349): CodeIgniter\CodeIgniter->handleRequest()
 6 FCPATH/index.php(57): CodeIgniter\CodeIgniter->run()
CRITICAL - 2024-01-05 13:58:25 --> Undefined property: stdClass::$controlNum
in APPPATH/Helpers/global_helper.php on line 944.
 1 APPPATH/Helpers/global_helper.php(944): CodeIgniter\Debug\Exceptions->errorHandler()
 2 APPPATH/Controllers/Api.php(129): genApiBillPostResponse()
 3 SYSTEMPATH/CodeIgniter.php(896): App\Controllers\Api->postpatbills()
 4 SYSTEMPATH/CodeIgniter.php(466): CodeIgniter\CodeIgniter->runController()
 5 SYSTEMPATH/CodeIgniter.php(349): CodeIgniter\CodeIgniter->handleRequest()
 6 FCPATH/index.php(57): CodeIgniter\CodeIgniter->run()
CRITICAL - 2024-01-05 14:00:36 --> Undefined property: stdClass::$controlNum
in APPPATH/Helpers/global_helper.php on line 944.
 1 APPPATH/Helpers/global_helper.php(944): CodeIgniter\Debug\Exceptions->errorHandler()
 2 APPPATH/Controllers/Api.php(129): genApiBillPostResponse()
 3 SYSTEMPATH/CodeIgniter.php(896): App\Controllers\Api->postpatbills()
 4 SYSTEMPATH/CodeIgniter.php(466): CodeIgniter\CodeIgniter->runController()
 5 SYSTEMPATH/CodeIgniter.php(349): CodeIgniter\CodeIgniter->handleRequest()
 6 FCPATH/index.php(57): CodeIgniter\CodeIgniter->run()
CRITICAL - 2024-01-05 14:01:47 --> Undefined property: stdClass::$controlNum
in APPPATH/Helpers/global_helper.php on line 944.
 1 APPPATH/Helpers/global_helper.php(944): CodeIgniter\Debug\Exceptions->errorHandler()
 2 APPPATH/Controllers/Api.php(129): genApiBillPostResponse()
 3 SYSTEMPATH/CodeIgniter.php(896): App\Controllers\Api->postpatbills()
 4 SYSTEMPATH/CodeIgniter.php(466): CodeIgniter\CodeIgniter->runController()
 5 SYSTEMPATH/CodeIgniter.php(349): CodeIgniter\CodeIgniter->handleRequest()
 6 FCPATH/index.php(57): CodeIgniter\CodeIgniter->run()
CRITICAL - 2024-01-05 14:32:00 --> Undefined property: stdClass::$controlNum
in APPPATH/Helpers/global_helper.php on line 944.
 1 APPPATH/Helpers/global_helper.php(944): CodeIgniter\Debug\Exceptions->errorHandler()
 2 APPPATH/Controllers/Api.php(129): genApiBillPostResponse()
 3 SYSTEMPATH/CodeIgniter.php(896): App\Controllers\Api->postpatbills()
 4 SYSTEMPATH/CodeIgniter.php(466): CodeIgniter\CodeIgniter->runController()
 5 SYSTEMPATH/CodeIgniter.php(349): CodeIgniter\CodeIgniter->handleRequest()
 6 FCPATH/index.php(57): CodeIgniter\CodeIgniter->run()
CRITICAL - 2024-01-05 14:36:39 --> Undefined property: stdClass::$controlNum
in APPPATH/Helpers/global_helper.php on line 944.
 1 APPPATH/Helpers/global_helper.php(944): CodeIgniter\Debug\Exceptions->errorHandler()
 2 APPPATH/Controllers/Api.php(129): genApiBillPostResponse()
 3 SYSTEMPATH/CodeIgniter.php(896): App\Controllers\Api->postpatbills()
 4 SYSTEMPATH/CodeIgniter.php(466): CodeIgniter\CodeIgniter->runController()
 5 SYSTEMPATH/CodeIgniter.php(349): CodeIgniter\CodeIgniter->handleRequest()
 6 FCPATH/index.php(57): CodeIgniter\CodeIgniter->run()
CRITICAL - 2024-01-05 15:43:07 --> Undefined array key 1
in APPPATH/Controllers/Api.php on line 59.
 1 APPPATH/Controllers/Api.php(59): CodeIgniter\Debug\Exceptions->errorHandler()
 2 SYSTEMPATH/CodeIgniter.php(896): App\Controllers\Api->postpatbills()
 3 SYSTEMPATH/CodeIgniter.php(466): CodeIgniter\CodeIgniter->runController()
 4 SYSTEMPATH/CodeIgniter.php(349): CodeIgniter\CodeIgniter->handleRequest()
 5 FCPATH/index.php(57): CodeIgniter\CodeIgniter->run()
CRITICAL - 2024-01-05 15:43:37 --> Undefined array key 1
in APPPATH/Controllers/Api.php on line 59.
 1 APPPATH/Controllers/Api.php(59): CodeIgniter\Debug\Exceptions->errorHandler()
 2 SYSTEMPATH/CodeIgniter.php(896): App\Controllers\Api->postpatbills()
 3 SYSTEMPATH/CodeIgniter.php(466): CodeIgniter\CodeIgniter->runController()
 4 SYSTEMPATH/CodeIgniter.php(349): CodeIgniter\CodeIgniter->handleRequest()
 5 FCPATH/index.php(57): CodeIgniter\CodeIgniter->run()
CRITICAL - 2024-01-05 15:44:05 --> Undefined array key 1
in APPPATH/Controllers/Api.php on line 59.
 1 APPPATH/Controllers/Api.php(59): CodeIgniter\Debug\Exceptions->errorHandler()
 2 SYSTEMPATH/CodeIgniter.php(896): App\Controllers\Api->postpatbills()
 3 SYSTEMPATH/CodeIgniter.php(466): CodeIgniter\CodeIgniter->runController()
 4 SYSTEMPATH/CodeIgniter.php(349): CodeIgniter\CodeIgniter->handleRequest()
 5 FCPATH/index.php(57): CodeIgniter\CodeIgniter->run()
CRITICAL - 2024-01-05 15:44:37 --> Undefined array key 1
in APPPATH/Controllers/Api.php on line 59.
 1 APPPATH/Controllers/Api.php(59): CodeIgniter\Debug\Exceptions->errorHandler()
 2 SYSTEMPATH/CodeIgniter.php(896): App\Controllers\Api->postpatbills()
 3 SYSTEMPATH/CodeIgniter.php(466): CodeIgniter\CodeIgniter->runController()
 4 SYSTEMPATH/CodeIgniter.php(349): CodeIgniter\CodeIgniter->handleRequest()
 5 FCPATH/index.php(57): CodeIgniter\CodeIgniter->run()
CRITICAL - 2024-01-05 15:49:12 --> Undefined array key 1
in APPPATH/Controllers/Api.php on line 59.
 1 APPPATH/Controllers/Api.php(59): CodeIgniter\Debug\Exceptions->errorHandler()
 2 SYSTEMPATH/CodeIgniter.php(896): App\Controllers\Api->postpatbills()
 3 SYSTEMPATH/CodeIgniter.php(466): CodeIgniter\CodeIgniter->runController()
 4 SYSTEMPATH/CodeIgniter.php(349): CodeIgniter\CodeIgniter->handleRequest()
 5 FCPATH/index.php(57): CodeIgniter\CodeIgniter->run()
CRITICAL - 2024-01-05 15:50:05 --> Undefined array key 1
in APPPATH/Controllers/Api.php on line 59.
 1 APPPATH/Controllers/Api.php(59): CodeIgniter\Debug\Exceptions->errorHandler()
 2 SYSTEMPATH/CodeIgniter.php(896): App\Controllers\Api->postpatbills()
 3 SYSTEMPATH/CodeIgniter.php(466): CodeIgniter\CodeIgniter->runController()
 4 SYSTEMPATH/CodeIgniter.php(349): CodeIgniter\CodeIgniter->handleRequest()
 5 FCPATH/index.php(57): CodeIgniter\CodeIgniter->run()
CRITICAL - 2024-01-05 15:51:11 --> Undefined array key 1
in APPPATH/Controllers/Api.php on line 59.
 1 APPPATH/Controllers/Api.php(59): CodeIgniter\Debug\Exceptions->errorHandler()
 2 SYSTEMPATH/CodeIgniter.php(896): App\Controllers\Api->postpatbills()
 3 SYSTEMPATH/CodeIgniter.php(466): CodeIgniter\CodeIgniter->runController()
 4 SYSTEMPATH/CodeIgniter.php(349): CodeIgniter\CodeIgniter->handleRequest()
 5 FCPATH/index.php(57): CodeIgniter\CodeIgniter->run()
CRITICAL - 2024-01-05 15:51:59 --> Undefined array key 1
in APPPATH/Controllers/Api.php on line 59.
 1 APPPATH/Controllers/Api.php(59): CodeIgniter\Debug\Exceptions->errorHandler()
 2 SYSTEMPATH/CodeIgniter.php(896): App\Controllers\Api->postpatbills()
 3 SYSTEMPATH/CodeIgniter.php(466): CodeIgniter\CodeIgniter->runController()
 4 SYSTEMPATH/CodeIgniter.php(349): CodeIgniter\CodeIgniter->handleRequest()
 5 FCPATH/index.php(57): CodeIgniter\CodeIgniter->run()
CRITICAL - 2024-01-05 15:52:52 --> Undefined array key 1
in APPPATH/Controllers/Api.php on line 59.
 1 APPPATH/Controllers/Api.php(59): CodeIgniter\Debug\Exceptions->errorHandler()
 2 SYSTEMPATH/CodeIgniter.php(896): App\Controllers\Api->postpatbills()
 3 SYSTEMPATH/CodeIgniter.php(466): CodeIgniter\CodeIgniter->runController()
 4 SYSTEMPATH/CodeIgniter.php(349): CodeIgniter\CodeIgniter->handleRequest()
 5 FCPATH/index.php(57): CodeIgniter\CodeIgniter->run()
CRITICAL - 2024-01-05 15:53:34 --> Undefined array key 1
in APPPATH/Controllers/Api.php on line 59.
 1 APPPATH/Controllers/Api.php(59): CodeIgniter\Debug\Exceptions->errorHandler()
 2 SYSTEMPATH/CodeIgniter.php(896): App\Controllers\Api->postpatbills()
 3 SYSTEMPATH/CodeIgniter.php(466): CodeIgniter\CodeIgniter->runController()
 4 SYSTEMPATH/CodeIgniter.php(349): CodeIgniter\CodeIgniter->handleRequest()
 5 FCPATH/index.php(57): CodeIgniter\CodeIgniter->run()
CRITICAL - 2024-01-05 15:57:37 --> Undefined array key 1
in APPPATH/Controllers/Api.php on line 59.
 1 APPPATH/Controllers/Api.php(59): CodeIgniter\Debug\Exceptions->errorHandler()
 2 SYSTEMPATH/CodeIgniter.php(896): App\Controllers\Api->postpatbills()
 3 SYSTEMPATH/CodeIgniter.php(466): CodeIgniter\CodeIgniter->runController()
 4 SYSTEMPATH/CodeIgniter.php(349): CodeIgniter\CodeIgniter->handleRequest()
 5 FCPATH/index.php(57): CodeIgniter\CodeIgniter->run()
CRITICAL - 2024-01-05 18:58:45 --> Undefined variable $pat_name2
in APPPATH/Controllers/Api.php on line 68.
 1 APPPATH/Controllers/Api.php(68): CodeIgniter\Debug\Exceptions->errorHandler()
 2 SYSTEMPATH/CodeIgniter.php(896): App\Controllers\Api->postpatbills()
 3 SYSTEMPATH/CodeIgniter.php(466): CodeIgniter\CodeIgniter->runController()
 4 SYSTEMPATH/CodeIgniter.php(349): CodeIgniter\CodeIgniter->handleRequest()
 5 FCPATH/index.php(57): CodeIgniter\CodeIgniter->run()
CRITICAL - 2024-01-05 19:02:48 --> Undefined variable $pat_name2
in APPPATH/Controllers/Api.php on line 68.
 1 APPPATH/Controllers/Api.php(68): CodeIgniter\Debug\Exceptions->errorHandler()
 2 SYSTEMPATH/CodeIgniter.php(896): App\Controllers\Api->postpatbills()
 3 SYSTEMPATH/CodeIgniter.php(466): CodeIgniter\CodeIgniter->runController()
 4 SYSTEMPATH/CodeIgniter.php(349): CodeIgniter\CodeIgniter->handleRequest()
 5 FCPATH/index.php(57): CodeIgniter\CodeIgniter->run()
CRITICAL - 2024-01-05 19:03:50 --> Undefined variable $pat_name2
in APPPATH/Controllers/Api.php on line 68.
 1 APPPATH/Controllers/Api.php(68): CodeIgniter\Debug\Exceptions->errorHandler()
 2 SYSTEMPATH/CodeIgniter.php(896): App\Controllers\Api->postpatbills()
 3 SYSTEMPATH/CodeIgniter.php(466): CodeIgniter\CodeIgniter->runController()
 4 SYSTEMPATH/CodeIgniter.php(349): CodeIgniter\CodeIgniter->handleRequest()
 5 FCPATH/index.php(57): CodeIgniter\CodeIgniter->run()
CRITICAL - 2024-01-05 19:05:48 --> Undefined variable $pat_name2
in APPPATH/Controllers/Api.php on line 68.
 1 APPPATH/Controllers/Api.php(68): CodeIgniter\Debug\Exceptions->errorHandler()
 2 SYSTEMPATH/CodeIgniter.php(896): App\Controllers\Api->postpatbills()
 3 SYSTEMPATH/CodeIgniter.php(466): CodeIgniter\CodeIgniter->runController()
 4 SYSTEMPATH/CodeIgniter.php(349): CodeIgniter\CodeIgniter->handleRequest()
 5 FCPATH/index.php(57): CodeIgniter\CodeIgniter->run()
CRITICAL - 2024-01-05 20:53:07 --> Cannot use object of type stdClass as array
in APPPATH/Models/Engine.php on line 1892.
 1 APPPATH/Controllers/Api.php(139): App\Models\Engine->getBillToSynch()
 2 SYSTEMPATH/CodeIgniter.php(896): App\Controllers\Api->postbillpayment()
 3 SYSTEMPATH/CodeIgniter.php(466): CodeIgniter\CodeIgniter->runController()
 4 SYSTEMPATH/CodeIgniter.php(349): CodeIgniter\CodeIgniter->handleRequest()
 5 FCPATH/index.php(57): CodeIgniter\CodeIgniter->run()
CRITICAL - 2024-01-05 21:19:15 --> Undefined variable $billArray
in APPPATH/Models/Engine.php on line 1900.
 1 APPPATH/Models/Engine.php(1900): CodeIgniter\Debug\Exceptions->errorHandler()
 2 APPPATH/Controllers/Api.php(139): App\Models\Engine->getBillToSynch()
 3 SYSTEMPATH/CodeIgniter.php(896): App\Controllers\Api->postbillpayment()
 4 SYSTEMPATH/CodeIgniter.php(466): CodeIgniter\CodeIgniter->runController()
 5 SYSTEMPATH/CodeIgniter.php(349): CodeIgniter\CodeIgniter->handleRequest()
 6 FCPATH/index.php(57): CodeIgniter\CodeIgniter->run()
CRITICAL - 2024-01-05 21:21:51 --> Attempt to read property "control_num" on array
in APPPATH/Controllers/Api.php on line 141.
 1 APPPATH/Controllers/Api.php(141): CodeIgniter\Debug\Exceptions->errorHandler()
 2 SYSTEMPATH/CodeIgniter.php(896): App\Controllers\Api->postbillpayment()
 3 SYSTEMPATH/CodeIgniter.php(466): CodeIgniter\CodeIgniter->runController()
 4 SYSTEMPATH/CodeIgniter.php(349): CodeIgniter\CodeIgniter->handleRequest()
 5 FCPATH/index.php(57): CodeIgniter\CodeIgniter->run()
CRITICAL - 2024-01-05 21:26:44 --> sizeof(): Argument #1 ($value) must be of type Countable|array, stdClass given
in APPPATH/Controllers/Api.php on line 141.
 1 APPPATH/Controllers/Api.php(141): sizeof()
 2 SYSTEMPATH/CodeIgniter.php(896): App\Controllers\Api->postbillpayment()
 3 SYSTEMPATH/CodeIgniter.php(466): CodeIgniter\CodeIgniter->runController()
 4 SYSTEMPATH/CodeIgniter.php(349): CodeIgniter\CodeIgniter->handleRequest()
 5 FCPATH/index.php(57): CodeIgniter\CodeIgniter->run()
CRITICAL - 2024-01-05 21:27:19 --> sizeof(): Argument #1 ($value) must be of type Countable|array, stdClass given
in APPPATH/Controllers/Api.php on line 141.
 1 APPPATH/Controllers/Api.php(141): sizeof()
 2 SYSTEMPATH/CodeIgniter.php(896): App\Controllers\Api->postbillpayment()
 3 SYSTEMPATH/CodeIgniter.php(466): CodeIgniter\CodeIgniter->runController()
 4 SYSTEMPATH/CodeIgniter.php(349): CodeIgniter\CodeIgniter->handleRequest()
 5 FCPATH/index.php(57): CodeIgniter\CodeIgniter->run()
CRITICAL - 2024-01-05 23:32:10 --> Undefined array key "StatusCode"
in APPPATH/Controllers/Api.php on line 269.
 1 APPPATH/Controllers/Api.php(269): CodeIgniter\Debug\Exceptions->errorHandler()
 2 SYSTEMPATH/CodeIgniter.php(896): App\Controllers\Api->getbatchpatbill()
 3 SYSTEMPATH/CodeIgniter.php(466): CodeIgniter\CodeIgniter->runController()
 4 SYSTEMPATH/CodeIgniter.php(349): CodeIgniter\CodeIgniter->handleRequest()
 5 FCPATH/index.php(57): CodeIgniter\CodeIgniter->run()
CRITICAL - 2024-01-05 23:33:59 --> Undefined array key "StatusCode"
in APPPATH/Controllers/Api.php on line 227.
 1 APPPATH/Controllers/Api.php(227): CodeIgniter\Debug\Exceptions->errorHandler()
 2 SYSTEMPATH/CodeIgniter.php(896): App\Controllers\Api->getsinglepatbill()
 3 SYSTEMPATH/CodeIgniter.php(466): CodeIgniter\CodeIgniter->runController()
 4 SYSTEMPATH/CodeIgniter.php(349): CodeIgniter\CodeIgniter->handleRequest()
 5 FCPATH/index.php(57): CodeIgniter\CodeIgniter->run()
CRITICAL - 2024-01-05 15:43:03 --> Error: Uncaught CodeIgniter\Format\Exceptions\FormatException: Failed to parse json string, error: "Malformed UTF-8 characters, possibly incorrectly encoded". in /var/www/html/bmc/ci/system/Format/JSONFormatter.php:41
Stack trace:
#0 /var/www/html/bmc/ci/system/Format/JSONFormatter.php(41): CodeIgniter\Format\Exceptions\FormatException::forInvalidJSON()
#1 /var/www/html/bmc/ci/system/API/ResponseTrait.php(341): CodeIgniter\Format\JSONFormatter->format()
#2 /var/www/html/bmc/ci/system/API/ResponseTrait.php(99): CodeIgniter\Debug\Exceptions->format()
#3 /var/www/html/bmc/ci/system/Debug/Exceptions.php(120): CodeIgniter\Debug\Exceptions->respond()
#4 [internal function]: CodeIgniter\Debug\Exceptions->exceptionHandler()
#5 {main}
  thrown
in SYSTEMPATH/Format/JSONFormatter.php on line 41.

CRITICAL - 2024-01-05 15:43:06 --> Error: Uncaught CodeIgniter\Format\Exceptions\FormatException: Failed to parse json string, error: "Malformed UTF-8 characters, possibly incorrectly encoded". in /var/www/html/bmc/ci/system/Format/JSONFormatter.php:41
Stack trace:
#0 /var/www/html/bmc/ci/system/Format/JSONFormatter.php(41): CodeIgniter\Format\Exceptions\FormatException::forInvalidJSON()
#1 /var/www/html/bmc/ci/system/API/ResponseTrait.php(341): CodeIgniter\Format\JSONFormatter->format()
#2 /var/www/html/bmc/ci/system/API/ResponseTrait.php(99): CodeIgniter\Debug\Exceptions->format()
#3 /var/www/html/bmc/ci/system/Debug/Exceptions.php(120): CodeIgniter\Debug\Exceptions->respond()
#4 [internal function]: CodeIgniter\Debug\Exceptions->exceptionHandler()
#5 {main}
  thrown
in SYSTEMPATH/Format/JSONFormatter.php on line 41.

