CRITICAL - 2022-08-24 04:33:16 --> Illegal string offset 'start'
in APPPATH\Views\dashboard.php on line 78.
 1 APPPATH\Views\dashboard.php(78): CodeIgniter\Debug\Exceptions->errorHandler(2, 'Illegal string offset \'start\'', 'APPPATH\\Views\\dashboard.php', 78, [...])
 2 SYSTEMPATH\View\View.php(213): include('APPPATH\\Views\\dashboard.php')
 3 SYSTEMPATH\View\View.php(216): CodeIgniter\View\View->CodeIgniter\View\{closure}()
 4 SYSTEMPATH\Common.php(1135): CodeIgniter\View\View->render('dashboard', [], true)
 5 APPPATH\Controllers\Dashboard.php(24): view('dashboard', [...])
 6 SYSTEMPATH\CodeIgniter.php(896): App\Controllers\Dashboard->index()
 7 SYSTEMPATH\CodeIgniter.php(466): CodeIgniter\CodeIgniter->runController(Object(App\Controllers\Dashboard))
 8 SYSTEMPATH\CodeIgniter.php(349): CodeIgniter\CodeIgniter->handleRequest(null, Object(Config\Cache), false)
 9 FCPATH\index.php(57): CodeIgniter\CodeIgniter->run()
CRITICAL - 2022-08-24 04:33:22 --> Illegal string offset 'start'
in APPPATH\Views\dashboard.php on line 78.
 1 APPPATH\Views\dashboard.php(78): CodeIgniter\Debug\Exceptions->errorHandler(2, 'Illegal string offset \'start\'', 'APPPATH\\Views\\dashboard.php', 78, [...])
 2 SYSTEMPATH\View\View.php(213): include('APPPATH\\Views\\dashboard.php')
 3 SYSTEMPATH\View\View.php(216): CodeIgniter\View\View->CodeIgniter\View\{closure}()
 4 SYSTEMPATH\Common.php(1135): CodeIgniter\View\View->render('dashboard', [], true)
 5 APPPATH\Controllers\Dashboard.php(24): view('dashboard', [...])
 6 SYSTEMPATH\CodeIgniter.php(896): App\Controllers\Dashboard->index()
 7 SYSTEMPATH\CodeIgniter.php(466): CodeIgniter\CodeIgniter->runController(Object(App\Controllers\Dashboard))
 8 SYSTEMPATH\CodeIgniter.php(349): CodeIgniter\CodeIgniter->handleRequest(null, Object(Config\Cache), false)
 9 FCPATH\index.php(57): CodeIgniter\CodeIgniter->run()
CRITICAL - 2022-08-24 06:36:21 --> Illegal string offset 'start'
in APPPATH\Views\dashboard.php on line 78.
 1 APPPATH\Views\dashboard.php(78): CodeIgniter\Debug\Exceptions->errorHandler(2, 'Illegal string offset \'start\'', 'APPPATH\\Views\\dashboard.php', 78, [...])
 2 SYSTEMPATH\View\View.php(213): include('APPPATH\\Views\\dashboard.php')
 3 SYSTEMPATH\View\View.php(216): CodeIgniter\View\View->CodeIgniter\View\{closure}()
 4 SYSTEMPATH\Common.php(1135): CodeIgniter\View\View->render('dashboard', [], true)
 5 APPPATH\Controllers\Dashboard.php(25): view('dashboard', [...])
 6 SYSTEMPATH\CodeIgniter.php(896): App\Controllers\Dashboard->index()
 7 SYSTEMPATH\CodeIgniter.php(466): CodeIgniter\CodeIgniter->runController(Object(App\Controllers\Dashboard))
 8 SYSTEMPATH\CodeIgniter.php(349): CodeIgniter\CodeIgniter->handleRequest(null, Object(Config\Cache), false)
 9 FCPATH\index.php(57): CodeIgniter\CodeIgniter->run()
CRITICAL - 2022-08-24 06:37:00 --> Illegal string offset 'start'
in APPPATH\Views\dashboard.php on line 78.
 1 APPPATH\Views\dashboard.php(78): CodeIgniter\Debug\Exceptions->errorHandler(2, 'Illegal string offset \'start\'', 'APPPATH\\Views\\dashboard.php', 78, [...])
 2 SYSTEMPATH\View\View.php(213): include('APPPATH\\Views\\dashboard.php')
 3 SYSTEMPATH\View\View.php(216): CodeIgniter\View\View->CodeIgniter\View\{closure}()
 4 SYSTEMPATH\Common.php(1135): CodeIgniter\View\View->render('dashboard', [], true)
 5 APPPATH\Controllers\Dashboard.php(25): view('dashboard', [...])
 6 SYSTEMPATH\CodeIgniter.php(896): App\Controllers\Dashboard->index()
 7 SYSTEMPATH\CodeIgniter.php(466): CodeIgniter\CodeIgniter->runController(Object(App\Controllers\Dashboard))
 8 SYSTEMPATH\CodeIgniter.php(349): CodeIgniter\CodeIgniter->handleRequest(null, Object(Config\Cache), false)
 9 FCPATH\index.php(57): CodeIgniter\CodeIgniter->run()
CRITICAL - 2022-08-24 06:37:58 --> Illegal string offset 'start'
in APPPATH\Views\dashboard.php on line 78.
 1 APPPATH\Views\dashboard.php(78): CodeIgniter\Debug\Exceptions->errorHandler(2, 'Illegal string offset \'start\'', 'APPPATH\\Views\\dashboard.php', 78, [...])
 2 SYSTEMPATH\View\View.php(213): include('APPPATH\\Views\\dashboard.php')
 3 SYSTEMPATH\View\View.php(216): CodeIgniter\View\View->CodeIgniter\View\{closure}()
 4 SYSTEMPATH\Common.php(1135): CodeIgniter\View\View->render('dashboard', [], true)
 5 APPPATH\Controllers\Dashboard.php(27): view('dashboard', [...])
 6 SYSTEMPATH\CodeIgniter.php(896): App\Controllers\Dashboard->index()
 7 SYSTEMPATH\CodeIgniter.php(466): CodeIgniter\CodeIgniter->runController(Object(App\Controllers\Dashboard))
 8 SYSTEMPATH\CodeIgniter.php(349): CodeIgniter\CodeIgniter->handleRequest(null, Object(Config\Cache), false)
 9 FCPATH\index.php(57): CodeIgniter\CodeIgniter->run()
CRITICAL - 2022-08-24 06:39:01 --> Illegal string offset 'start'
in APPPATH\Views\dashboard.php on line 78.
 1 APPPATH\Views\dashboard.php(78): CodeIgniter\Debug\Exceptions->errorHandler(2, 'Illegal string offset \'start\'', 'APPPATH\\Views\\dashboard.php', 78, [...])
 2 SYSTEMPATH\View\View.php(213): include('APPPATH\\Views\\dashboard.php')
 3 SYSTEMPATH\View\View.php(216): CodeIgniter\View\View->CodeIgniter\View\{closure}()
 4 SYSTEMPATH\Common.php(1135): CodeIgniter\View\View->render('dashboard', [], true)
 5 APPPATH\Controllers\Dashboard.php(27): view('dashboard', [...])
 6 SYSTEMPATH\CodeIgniter.php(896): App\Controllers\Dashboard->index()
 7 SYSTEMPATH\CodeIgniter.php(466): CodeIgniter\CodeIgniter->runController(Object(App\Controllers\Dashboard))
 8 SYSTEMPATH\CodeIgniter.php(349): CodeIgniter\CodeIgniter->handleRequest(null, Object(Config\Cache), false)
 9 FCPATH\index.php(57): CodeIgniter\CodeIgniter->run()
CRITICAL - 2022-08-24 06:40:29 --> Undefined variable: refDataView
in APPPATH\Views\dashboard.php on line 115.
 1 APPPATH\Views\dashboard.php(115): CodeIgniter\Debug\Exceptions->errorHandler(8, 'Undefined variable: refDataView', 'APPPATH\\Views\\dashboard.php', 115, [...])
 2 SYSTEMPATH\View\View.php(213): include('APPPATH\\Views\\dashboard.php')
 3 SYSTEMPATH\View\View.php(216): CodeIgniter\View\View->CodeIgniter\View\{closure}()
 4 SYSTEMPATH\Common.php(1135): CodeIgniter\View\View->render('dashboard', [], true)
 5 APPPATH\Controllers\Dashboard.php(27): view('dashboard', [...])
 6 SYSTEMPATH\CodeIgniter.php(896): App\Controllers\Dashboard->index()
 7 SYSTEMPATH\CodeIgniter.php(466): CodeIgniter\CodeIgniter->runController(Object(App\Controllers\Dashboard))
 8 SYSTEMPATH\CodeIgniter.php(349): CodeIgniter\CodeIgniter->handleRequest(null, Object(Config\Cache), false)
 9 FCPATH\index.php(57): CodeIgniter\CodeIgniter->run()
