CRITICAL - 2025-11-07 12:23:07 --> You must set the database table to be used with your query.
in SYSTEMPATH\Database\BaseConnection.php on line 874.
 1 SYSTEMPATH\Model.php(586): CodeIgniter\Database\BaseConnection->table(null)
 2 SYSTEMPATH\Model.php(763): CodeIgniter\Model->builder()
 3 APPPATH\Controllers\Test.php(175): CodeIgniter\Model->__call('doGlobalUpdate', [...])
 4 SYSTEMPATH\CodeIgniter.php(896): App\Controllers\Test->lsp()
 5 SYSTEMPATH\CodeIgniter.php(466): CodeIgniter\CodeIgniter->runController(Object(App\Controllers\Test))
 6 SYSTEMPATH\CodeIgniter.php(349): CodeIgniter\CodeIgniter->handleRequest(null, Object(Config\Cache), false)
 7 FCPATH\index.php(60): CodeIgniter\CodeIgniter->run()
CRITICAL - 2025-11-07 12:51:26 --> Undefined variable $dataUpdate
in APPPATH\Models\Engine.php on line 435.
 1 APPPATH\Models\Engine.php(435): CodeIgniter\Debug\Exceptions->errorHandler(2, 'Undefined variable $dataUpdate', 'APPPATH\\Models\\Engine.php', 435)
 2 APPPATH\Controllers\Test.php(175): App\Models\Engine->doGlobalUpdate('{"act_key":1778169600,"act_type":"1"}')
 3 SYSTEMPATH\CodeIgniter.php(896): App\Controllers\Test->lsp()
 4 SYSTEMPATH\CodeIgniter.php(466): CodeIgniter\CodeIgniter->runController(Object(App\Controllers\Test))
 5 SYSTEMPATH\CodeIgniter.php(349): CodeIgniter\CodeIgniter->handleRequest(null, Object(Config\Cache), false)
 6 FCPATH\index.php(60): CodeIgniter\CodeIgniter->run()
CRITICAL - 2025-11-07 12:51:48 --> CodeIgniter\Database\BaseBuilder::update(): Argument #1 ($set) must be of type ?array, string given, called in C:\server\htdocs\bmc\ci\app\Models\Engine.php on line 435
in SYSTEMPATH\Database\BaseBuilder.php on line 2019.
 1 APPPATH\Models\Engine.php(435): CodeIgniter\Database\BaseBuilder->update('{"act_key":1778169600,"act_type":"1"}')
 2 APPPATH\Controllers\Test.php(175): App\Models\Engine->doGlobalUpdate('{"act_key":1778169600,"act_type":"1"}')
 3 SYSTEMPATH\CodeIgniter.php(896): App\Controllers\Test->lsp()
 4 SYSTEMPATH\CodeIgniter.php(466): CodeIgniter\CodeIgniter->runController(Object(App\Controllers\Test))
 5 SYSTEMPATH\CodeIgniter.php(349): CodeIgniter\CodeIgniter->handleRequest(null, Object(Config\Cache), false)
 6 FCPATH\index.php(60): CodeIgniter\CodeIgniter->run()
ERROR - 2025-11-07 12:52:58 --> Unknown column 'act_key' in 'field list'
CRITICAL - 2025-11-07 12:52:58 --> Unknown column 'act_key' in 'field list'
in SYSTEMPATH\Database\MySQLi\Connection.php on line 292.
 1 SYSTEMPATH\Database\MySQLi\Connection.php(292): mysqli->query('UPDATE `bmc_users` SET `act_key` = 1778169600, `act_type` = \'1\'
WHERE `id` = \'967\'', 0)
 2 SYSTEMPATH\Database\BaseConnection.php(695): CodeIgniter\Database\MySQLi\Connection->execute('UPDATE `bmc_users` SET `act_key` = 1778169600, `act_type` = \'1\'
WHERE `id` = \'967\'')
 3 SYSTEMPATH\Database\BaseConnection.php(609): CodeIgniter\Database\BaseConnection->simpleQuery('UPDATE `bmc_users` SET `act_key` = 1778169600, `act_type` = \'1\'
WHERE `id` = \'967\'')
 4 SYSTEMPATH\Database\BaseBuilder.php(2046): CodeIgniter\Database\BaseConnection->query('UPDATE `bmc_users` SET `act_key` = :act_key:, `act_type` = :act_type:
WHERE `id` = :id:', [...], false)
 5 APPPATH\Models\Engine.php(435): CodeIgniter\Database\BaseBuilder->update([...])
 6 APPPATH\Controllers\Test.php(176): App\Models\Engine->doGlobalUpdate([...])
 7 SYSTEMPATH\CodeIgniter.php(896): App\Controllers\Test->lsp()
 8 SYSTEMPATH\CodeIgniter.php(466): CodeIgniter\CodeIgniter->runController(Object(App\Controllers\Test))
 9 SYSTEMPATH\CodeIgniter.php(349): CodeIgniter\CodeIgniter->handleRequest(null, Object(Config\Cache), false)
10 FCPATH\index.php(60): CodeIgniter\CodeIgniter->run()
CRITICAL - 2025-11-07 13:35:38 --> Undefined property: Joomla\CMS\User\User::$otpKey
in APPPATH\Helpers\global_cache.php on line 9.
 1 APPPATH\Helpers\global_cache.php(9): CodeIgniter\Debug\Exceptions->errorHandler(2, 'Undefined property: Joomla\\CMS\\User\\User::$otpKey', 'APPPATH\\Helpers\\global_cache.php', 9)
 2 APPPATH\Controllers\BaseController.php(64): require('APPPATH\\Helpers\\global_cache.php')
 3 SYSTEMPATH\CodeIgniter.php(859): App\Controllers\BaseController->initController(Object(CodeIgniter\HTTP\IncomingRequest), Object(CodeIgniter\HTTP\Response), Object(CodeIgniter\Log\Logger))
 4 SYSTEMPATH\CodeIgniter.php(457): CodeIgniter\CodeIgniter->createController()
 5 SYSTEMPATH\CodeIgniter.php(349): CodeIgniter\CodeIgniter->handleRequest(null, Object(Config\Cache), false)
 6 FCPATH\index.php(60): CodeIgniter\CodeIgniter->run()
CRITICAL - 2025-11-07 14:58:36 --> Undefined array key "amount"
in APPPATH\Helpers\global_helper.php on line 549.
 1 APPPATH\Helpers\global_helper.php(549): CodeIgniter\Debug\Exceptions->errorHandler(2, 'Undefined array key "amount"', 'APPPATH\\Helpers\\global_helper.php', 549)
 2 APPPATH\Helpers\global_helper.php(538): doProcessGlobalTransaction('5', [...])
 3 APPPATH\Controllers\Malipo.php(508): doProcessNMBTransaction('C:\\server\\htdocs\\bmc\\public')
 4 SYSTEMPATH\CodeIgniter.php(896): App\Controllers\Malipo->nmbprocesscallback()
 5 SYSTEMPATH\CodeIgniter.php(466): CodeIgniter\CodeIgniter->runController(Object(App\Controllers\Malipo))
 6 SYSTEMPATH\CodeIgniter.php(349): CodeIgniter\CodeIgniter->handleRequest(null, Object(Config\Cache), false)
 7 FCPATH\index.php(60): CodeIgniter\CodeIgniter->run()
CRITICAL - 2025-11-07 15:01:15 --> Undefined array key "amount"
in APPPATH\Helpers\global_helper.php on line 549.
 1 APPPATH\Helpers\global_helper.php(549): CodeIgniter\Debug\Exceptions->errorHandler(2, 'Undefined array key "amount"', 'APPPATH\\Helpers\\global_helper.php', 549)
 2 APPPATH\Helpers\global_helper.php(538): doProcessGlobalTransaction('5', [...])
 3 APPPATH\Controllers\Malipo.php(508): doProcessNMBTransaction('C:\\server\\htdocs\\bmc\\public')
 4 SYSTEMPATH\CodeIgniter.php(896): App\Controllers\Malipo->nmbprocesscallback()
 5 SYSTEMPATH\CodeIgniter.php(466): CodeIgniter\CodeIgniter->runController(Object(App\Controllers\Malipo))
 6 SYSTEMPATH\CodeIgniter.php(349): CodeIgniter\CodeIgniter->handleRequest(null, Object(Config\Cache), false)
 7 FCPATH\index.php(60): CodeIgniter\CodeIgniter->run()
CRITICAL - 2025-11-07 15:01:35 --> Undefined array key "amount"
in APPPATH\Helpers\global_helper.php on line 549.
 1 APPPATH\Helpers\global_helper.php(549): CodeIgniter\Debug\Exceptions->errorHandler(2, 'Undefined array key "amount"', 'APPPATH\\Helpers\\global_helper.php', 549)
 2 APPPATH\Helpers\global_helper.php(538): doProcessGlobalTransaction('5', [...])
 3 APPPATH\Controllers\Malipo.php(508): doProcessNMBTransaction('C:\\server\\htdocs\\bmc\\public')
 4 SYSTEMPATH\CodeIgniter.php(896): App\Controllers\Malipo->nmbprocesscallback()
 5 SYSTEMPATH\CodeIgniter.php(466): CodeIgniter\CodeIgniter->runController(Object(App\Controllers\Malipo))
 6 SYSTEMPATH\CodeIgniter.php(349): CodeIgniter\CodeIgniter->handleRequest(null, Object(Config\Cache), false)
 7 FCPATH\index.php(60): CodeIgniter\CodeIgniter->run()
CRITICAL - 2025-11-07 15:01:50 --> Undefined array key "amount"
in APPPATH\Helpers\global_helper.php on line 549.
 1 APPPATH\Helpers\global_helper.php(549): CodeIgniter\Debug\Exceptions->errorHandler(2, 'Undefined array key "amount"', 'APPPATH\\Helpers\\global_helper.php', 549)
 2 APPPATH\Helpers\global_helper.php(538): doProcessGlobalTransaction('5', [...])
 3 APPPATH\Controllers\Malipo.php(508): doProcessNMBTransaction('C:\\server\\htdocs\\bmc\\public')
 4 SYSTEMPATH\CodeIgniter.php(896): App\Controllers\Malipo->nmbprocesscallback()
 5 SYSTEMPATH\CodeIgniter.php(466): CodeIgniter\CodeIgniter->runController(Object(App\Controllers\Malipo))
 6 SYSTEMPATH\CodeIgniter.php(349): CodeIgniter\CodeIgniter->handleRequest(null, Object(Config\Cache), false)
 7 FCPATH\index.php(60): CodeIgniter\CodeIgniter->run()
CRITICAL - 2025-11-07 15:17:23 --> Undefined array key "amount"
in APPPATH\Helpers\global_helper.php on line 549.
 1 APPPATH\Helpers\global_helper.php(549): CodeIgniter\Debug\Exceptions->errorHandler(2, 'Undefined array key "amount"', 'APPPATH\\Helpers\\global_helper.php', 549)
 2 APPPATH\Helpers\global_helper.php(538): doProcessGlobalTransaction('5', [...])
 3 APPPATH\Controllers\Malipo.php(508): doProcessNMBTransaction('C:\\server\\htdocs\\bmc\\public')
 4 SYSTEMPATH\CodeIgniter.php(896): App\Controllers\Malipo->nmbprocesscallback()
 5 SYSTEMPATH\CodeIgniter.php(466): CodeIgniter\CodeIgniter->runController(Object(App\Controllers\Malipo))
 6 SYSTEMPATH\CodeIgniter.php(349): CodeIgniter\CodeIgniter->handleRequest(null, Object(Config\Cache), false)
 7 FCPATH\index.php(60): CodeIgniter\CodeIgniter->run()
CRITICAL - 2025-11-07 15:17:26 --> Undefined array key "amount"
in APPPATH\Helpers\global_helper.php on line 549.
 1 APPPATH\Helpers\global_helper.php(549): CodeIgniter\Debug\Exceptions->errorHandler(2, 'Undefined array key "amount"', 'APPPATH\\Helpers\\global_helper.php', 549)
 2 APPPATH\Helpers\global_helper.php(538): doProcessGlobalTransaction('5', [...])
 3 APPPATH\Controllers\Malipo.php(508): doProcessNMBTransaction('C:\\server\\htdocs\\bmc\\public')
 4 SYSTEMPATH\CodeIgniter.php(896): App\Controllers\Malipo->nmbprocesscallback()
 5 SYSTEMPATH\CodeIgniter.php(466): CodeIgniter\CodeIgniter->runController(Object(App\Controllers\Malipo))
 6 SYSTEMPATH\CodeIgniter.php(349): CodeIgniter\CodeIgniter->handleRequest(null, Object(Config\Cache), false)
 7 FCPATH\index.php(60): CodeIgniter\CodeIgniter->run()
CRITICAL - 2025-11-07 15:32:24 --> Undefined variable $dataLogArr
in APPPATH\Controllers\Login.php on line 60.
 1 APPPATH\Controllers\Login.php(60): CodeIgniter\Debug\Exceptions->errorHandler(2, 'Undefined variable $dataLogArr', 'APPPATH\\Controllers\\Login.php', 60)
 2 SYSTEMPATH\CodeIgniter.php(896): App\Controllers\Login->process()
 3 SYSTEMPATH\CodeIgniter.php(466): CodeIgniter\CodeIgniter->runController(Object(App\Controllers\Login))
 4 SYSTEMPATH\CodeIgniter.php(349): CodeIgniter\CodeIgniter->handleRequest(null, Object(Config\Cache), false)
 5 FCPATH\index.php(60): CodeIgniter\CodeIgniter->run()
CRITICAL - 2025-11-07 15:37:28 --> Undefined variable $dataLogArr
in APPPATH\Controllers\Login.php on line 60.
 1 APPPATH\Controllers\Login.php(60): CodeIgniter\Debug\Exceptions->errorHandler(2, 'Undefined variable $dataLogArr', 'APPPATH\\Controllers\\Login.php', 60)
 2 SYSTEMPATH\CodeIgniter.php(896): App\Controllers\Login->process()
 3 SYSTEMPATH\CodeIgniter.php(466): CodeIgniter\CodeIgniter->runController(Object(App\Controllers\Login))
 4 SYSTEMPATH\CodeIgniter.php(349): CodeIgniter\CodeIgniter->handleRequest(null, Object(Config\Cache), false)
 5 FCPATH\index.php(60): CodeIgniter\CodeIgniter->run()
CRITICAL - 2025-11-07 15:39:05 --> Undefined variable $dataLogArr
in APPPATH\Controllers\Login.php on line 60.
 1 APPPATH\Controllers\Login.php(60): CodeIgniter\Debug\Exceptions->errorHandler(2, 'Undefined variable $dataLogArr', 'APPPATH\\Controllers\\Login.php', 60)
 2 SYSTEMPATH\CodeIgniter.php(896): App\Controllers\Login->process()
 3 SYSTEMPATH\CodeIgniter.php(466): CodeIgniter\CodeIgniter->runController(Object(App\Controllers\Login))
 4 SYSTEMPATH\CodeIgniter.php(349): CodeIgniter\CodeIgniter->handleRequest(null, Object(Config\Cache), false)
 5 FCPATH\index.php(60): CodeIgniter\CodeIgniter->run()
CRITICAL - 2025-11-07 15:39:34 --> Undefined variable $dataLogArr
in APPPATH\Controllers\Login.php on line 60.
 1 APPPATH\Controllers\Login.php(60): CodeIgniter\Debug\Exceptions->errorHandler(2, 'Undefined variable $dataLogArr', 'APPPATH\\Controllers\\Login.php', 60)
 2 SYSTEMPATH\CodeIgniter.php(896): App\Controllers\Login->process()
 3 SYSTEMPATH\CodeIgniter.php(466): CodeIgniter\CodeIgniter->runController(Object(App\Controllers\Login))
 4 SYSTEMPATH\CodeIgniter.php(349): CodeIgniter\CodeIgniter->handleRequest(null, Object(Config\Cache), false)
 5 FCPATH\index.php(60): CodeIgniter\CodeIgniter->run()
