CRITICAL - 2023-05-11 07:40:56 --> Trying to get property 'trans_date' of non-object
in APPPATH\Views\popPaymentDataItem.php on line 3.
 1 APPPATH\Views\popPaymentDataItem.php(3): CodeIgniter\Debug\Exceptions->errorHandler(8, 'Trying to get property \'trans_date\' of non-object', 'APPPATH\\Views\\popPaymentDataItem.php', 3, [...])
 2 SYSTEMPATH\View\View.php(213): include('APPPATH\\Views\\popPaymentDataItem.php')
 3 SYSTEMPATH\View\View.php(216): CodeIgniter\View\View->CodeIgniter\View\{closure}()
 4 SYSTEMPATH\Common.php(1135): CodeIgniter\View\View->render('popPaymentDataItem', [], true)
 5 APPPATH\Controllers\Dashboard.php(191): view('popPaymentDataItem', [...])
 6 SYSTEMPATH\CodeIgniter.php(896): App\Controllers\Dashboard->fetchpopitems()
 7 SYSTEMPATH\CodeIgniter.php(466): CodeIgniter\CodeIgniter->runController(Object(App\Controllers\Dashboard))
 8 SYSTEMPATH\CodeIgniter.php(349): CodeIgniter\CodeIgniter->handleRequest(null, Object(Config\Cache), false)
 9 FCPATH\index.php(57): CodeIgniter\CodeIgniter->run()
CRITICAL - 2023-05-11 08:30:50 --> Undefined variable: sesionLanguage
in APPPATH\Views\reception.php on line 71.
 1 APPPATH\Views\reception.php(71): CodeIgniter\Debug\Exceptions->errorHandler(8, 'Undefined variable: sesionLanguage', 'APPPATH\\Views\\reception.php', 71, [...])
 2 SYSTEMPATH\View\View.php(213): include('APPPATH\\Views\\reception.php')
 3 SYSTEMPATH\View\View.php(216): CodeIgniter\View\View->CodeIgniter\View\{closure}()
 4 SYSTEMPATH\Common.php(1135): CodeIgniter\View\View->render('reception', [], true)
 5 APPPATH\Controllers\Dashboard.php(109): view('reception', [...])
 6 SYSTEMPATH\CodeIgniter.php(896): App\Controllers\Dashboard->reception()
 7 SYSTEMPATH\CodeIgniter.php(466): CodeIgniter\CodeIgniter->runController(Object(App\Controllers\Dashboard))
 8 SYSTEMPATH\CodeIgniter.php(349): CodeIgniter\CodeIgniter->handleRequest(null, Object(Config\Cache), false)
 9 FCPATH\index.php(57): CodeIgniter\CodeIgniter->run()
CRITICAL - 2023-05-11 08:30:51 --> Undefined variable: sesionLanguage
in APPPATH\Views\reception.php on line 71.
 1 APPPATH\Views\reception.php(71): CodeIgniter\Debug\Exceptions->errorHandler(8, 'Undefined variable: sesionLanguage', 'APPPATH\\Views\\reception.php', 71, [...])
 2 SYSTEMPATH\View\View.php(213): include('APPPATH\\Views\\reception.php')
 3 SYSTEMPATH\View\View.php(216): CodeIgniter\View\View->CodeIgniter\View\{closure}()
 4 SYSTEMPATH\Common.php(1135): CodeIgniter\View\View->render('reception', [], true)
 5 APPPATH\Controllers\Dashboard.php(109): view('reception', [...])
 6 SYSTEMPATH\CodeIgniter.php(896): App\Controllers\Dashboard->reception()
 7 SYSTEMPATH\CodeIgniter.php(466): CodeIgniter\CodeIgniter->runController(Object(App\Controllers\Dashboard))
 8 SYSTEMPATH\CodeIgniter.php(349): CodeIgniter\CodeIgniter->handleRequest(null, Object(Config\Cache), false)
 9 FCPATH\index.php(57): CodeIgniter\CodeIgniter->run()
CRITICAL - 2023-05-11 08:30:52 --> Undefined variable: sesionLanguage
in APPPATH\Views\reception.php on line 71.
 1 APPPATH\Views\reception.php(71): CodeIgniter\Debug\Exceptions->errorHandler(8, 'Undefined variable: sesionLanguage', 'APPPATH\\Views\\reception.php', 71, [...])
 2 SYSTEMPATH\View\View.php(213): include('APPPATH\\Views\\reception.php')
 3 SYSTEMPATH\View\View.php(216): CodeIgniter\View\View->CodeIgniter\View\{closure}()
 4 SYSTEMPATH\Common.php(1135): CodeIgniter\View\View->render('reception', [], true)
 5 APPPATH\Controllers\Dashboard.php(109): view('reception', [...])
 6 SYSTEMPATH\CodeIgniter.php(896): App\Controllers\Dashboard->reception()
 7 SYSTEMPATH\CodeIgniter.php(466): CodeIgniter\CodeIgniter->runController(Object(App\Controllers\Dashboard))
 8 SYSTEMPATH\CodeIgniter.php(349): CodeIgniter\CodeIgniter->handleRequest(null, Object(Config\Cache), false)
 9 FCPATH\index.php(57): CodeIgniter\CodeIgniter->run()
CRITICAL - 2023-05-11 08:30:53 --> Undefined variable: sesionLanguage
in APPPATH\Views\reception.php on line 71.
 1 APPPATH\Views\reception.php(71): CodeIgniter\Debug\Exceptions->errorHandler(8, 'Undefined variable: sesionLanguage', 'APPPATH\\Views\\reception.php', 71, [...])
 2 SYSTEMPATH\View\View.php(213): include('APPPATH\\Views\\reception.php')
 3 SYSTEMPATH\View\View.php(216): CodeIgniter\View\View->CodeIgniter\View\{closure}()
 4 SYSTEMPATH\Common.php(1135): CodeIgniter\View\View->render('reception', [], true)
 5 APPPATH\Controllers\Dashboard.php(109): view('reception', [...])
 6 SYSTEMPATH\CodeIgniter.php(896): App\Controllers\Dashboard->reception()
 7 SYSTEMPATH\CodeIgniter.php(466): CodeIgniter\CodeIgniter->runController(Object(App\Controllers\Dashboard))
 8 SYSTEMPATH\CodeIgniter.php(349): CodeIgniter\CodeIgniter->handleRequest(null, Object(Config\Cache), false)
 9 FCPATH\index.php(57): CodeIgniter\CodeIgniter->run()
CRITICAL - 2023-05-11 08:30:56 --> Undefined variable: sesionLanguage
in APPPATH\Views\reception.php on line 71.
 1 APPPATH\Views\reception.php(71): CodeIgniter\Debug\Exceptions->errorHandler(8, 'Undefined variable: sesionLanguage', 'APPPATH\\Views\\reception.php', 71, [...])
 2 SYSTEMPATH\View\View.php(213): include('APPPATH\\Views\\reception.php')
 3 SYSTEMPATH\View\View.php(216): CodeIgniter\View\View->CodeIgniter\View\{closure}()
 4 SYSTEMPATH\Common.php(1135): CodeIgniter\View\View->render('reception', [], true)
 5 APPPATH\Controllers\Dashboard.php(109): view('reception', [...])
 6 SYSTEMPATH\CodeIgniter.php(896): App\Controllers\Dashboard->reception()
 7 SYSTEMPATH\CodeIgniter.php(466): CodeIgniter\CodeIgniter->runController(Object(App\Controllers\Dashboard))
 8 SYSTEMPATH\CodeIgniter.php(349): CodeIgniter\CodeIgniter->handleRequest(null, Object(Config\Cache), false)
 9 FCPATH\index.php(57): CodeIgniter\CodeIgniter->run()
CRITICAL - 2023-05-11 08:30:57 --> Undefined variable: sesionLanguage
in APPPATH\Views\reception.php on line 71.
 1 APPPATH\Views\reception.php(71): CodeIgniter\Debug\Exceptions->errorHandler(8, 'Undefined variable: sesionLanguage', 'APPPATH\\Views\\reception.php', 71, [...])
 2 SYSTEMPATH\View\View.php(213): include('APPPATH\\Views\\reception.php')
 3 SYSTEMPATH\View\View.php(216): CodeIgniter\View\View->CodeIgniter\View\{closure}()
 4 SYSTEMPATH\Common.php(1135): CodeIgniter\View\View->render('reception', [], true)
 5 APPPATH\Controllers\Dashboard.php(109): view('reception', [...])
 6 SYSTEMPATH\CodeIgniter.php(896): App\Controllers\Dashboard->reception()
 7 SYSTEMPATH\CodeIgniter.php(466): CodeIgniter\CodeIgniter->runController(Object(App\Controllers\Dashboard))
 8 SYSTEMPATH\CodeIgniter.php(349): CodeIgniter\CodeIgniter->handleRequest(null, Object(Config\Cache), false)
 9 FCPATH\index.php(57): CodeIgniter\CodeIgniter->run()
CRITICAL - 2023-05-11 08:33:31 --> Undefined variable: sesionLanguage
in APPPATH\Views\reception.php on line 22.
 1 APPPATH\Views\reception.php(22): CodeIgniter\Debug\Exceptions->errorHandler(8, 'Undefined variable: sesionLanguage', 'APPPATH\\Views\\reception.php', 22, [...])
 2 SYSTEMPATH\View\View.php(213): include('APPPATH\\Views\\reception.php')
 3 SYSTEMPATH\View\View.php(216): CodeIgniter\View\View->CodeIgniter\View\{closure}()
 4 SYSTEMPATH\Common.php(1135): CodeIgniter\View\View->render('reception', [], true)
 5 APPPATH\Controllers\Dashboard.php(109): view('reception', [...])
 6 SYSTEMPATH\CodeIgniter.php(896): App\Controllers\Dashboard->reception()
 7 SYSTEMPATH\CodeIgniter.php(466): CodeIgniter\CodeIgniter->runController(Object(App\Controllers\Dashboard))
 8 SYSTEMPATH\CodeIgniter.php(349): CodeIgniter\CodeIgniter->handleRequest(null, Object(Config\Cache), false)
 9 FCPATH\index.php(57): CodeIgniter\CodeIgniter->run()
CRITICAL - 2023-05-11 08:39:27 --> Undefined variable: sesionLanguage
in APPPATH\Views\reception.php on line 22.
 1 APPPATH\Views\reception.php(22): CodeIgniter\Debug\Exceptions->errorHandler(8, 'Undefined variable: sesionLanguage', 'APPPATH\\Views\\reception.php', 22, [...])
 2 SYSTEMPATH\View\View.php(213): include('APPPATH\\Views\\reception.php')
 3 SYSTEMPATH\View\View.php(216): CodeIgniter\View\View->CodeIgniter\View\{closure}()
 4 SYSTEMPATH\Common.php(1135): CodeIgniter\View\View->render('reception', [], true)
 5 APPPATH\Controllers\Dashboard.php(109): view('reception', [...])
 6 SYSTEMPATH\CodeIgniter.php(896): App\Controllers\Dashboard->reception()
 7 SYSTEMPATH\CodeIgniter.php(466): CodeIgniter\CodeIgniter->runController(Object(App\Controllers\Dashboard))
 8 SYSTEMPATH\CodeIgniter.php(349): CodeIgniter\CodeIgniter->handleRequest(null, Object(Config\Cache), false)
 9 FCPATH\index.php(57): CodeIgniter\CodeIgniter->run()
