CRITICAL - 2023-12-14 08:42:25 --> You must set the database table to be used with your query.
in SYSTEMPATH/Database/BaseConnection.php on line 874.
 1 SYSTEMPATH/Model.php(586): CodeIgniter\Database\BaseConnection->table()
 2 SYSTEMPATH/Model.php(763): CodeIgniter\Model->builder()
 3 APPPATH/Controllers/BaseController.php(78): CodeIgniter\Model->__call()
 4 SYSTEMPATH/CodeIgniter.php(859): App\Controllers\BaseController->initController()
 5 SYSTEMPATH/CodeIgniter.php(457): CodeIgniter\CodeIgniter->createController()
 6 SYSTEMPATH/CodeIgniter.php(349): CodeIgniter\CodeIgniter->handleRequest()
 7 FCPATH/index.php(57): CodeIgniter\CodeIgniter->run()
CRITICAL - 2023-12-14 08:42:26 --> You must set the database table to be used with your query.
in SYSTEMPATH/Database/BaseConnection.php on line 874.
 1 SYSTEMPATH/Model.php(586): CodeIgniter\Database\BaseConnection->table()
 2 SYSTEMPATH/Model.php(763): CodeIgniter\Model->builder()
 3 APPPATH/Controllers/BaseController.php(78): CodeIgniter\Model->__call()
 4 SYSTEMPATH/CodeIgniter.php(859): App\Controllers\BaseController->initController()
 5 SYSTEMPATH/CodeIgniter.php(457): CodeIgniter\CodeIgniter->createController()
 6 SYSTEMPATH/CodeIgniter.php(349): CodeIgniter\CodeIgniter->handleRequest()
 7 FCPATH/index.php(57): CodeIgniter\CodeIgniter->run()
CRITICAL - 2023-12-14 10:06:28 --> You must set the database table to be used with your query.
in SYSTEMPATH/Database/BaseConnection.php on line 874.
 1 SYSTEMPATH/Model.php(586): CodeIgniter\Database\BaseConnection->table()
 2 SYSTEMPATH/Model.php(763): CodeIgniter\Model->builder()
 3 APPPATH/Controllers/BaseController.php(78): CodeIgniter\Model->__call()
 4 SYSTEMPATH/CodeIgniter.php(859): App\Controllers\BaseController->initController()
 5 SYSTEMPATH/CodeIgniter.php(457): CodeIgniter\CodeIgniter->createController()
 6 SYSTEMPATH/CodeIgniter.php(349): CodeIgniter\CodeIgniter->handleRequest()
 7 FCPATH/index.php(57): CodeIgniter\CodeIgniter->run()
CRITICAL - 2023-12-14 01:48:19 --> include_once(/var/www/html/bmc/ci/app/Controllers/Refund.php): Failed to open stream: Permission denied
in SYSTEMPATH/Router/AutoRouter.php on line 147.
 1 SYSTEMPATH/Router/AutoRouter.php(147): CodeIgniter\Debug\Exceptions->errorHandler()
 2 SYSTEMPATH/Router/AutoRouter.php(147): include_once()
 3 SYSTEMPATH/Router/Router.php(499): CodeIgniter\Router\AutoRouter->getRoute()
 4 SYSTEMPATH/Router/Router.php(205): CodeIgniter\Router\Router->autoRoute()
 5 SYSTEMPATH/CodeIgniter.php(771): CodeIgniter\Router\Router->handle()
 6 SYSTEMPATH/CodeIgniter.php(415): CodeIgniter\CodeIgniter->tryToRouteIt()
 7 SYSTEMPATH/CodeIgniter.php(349): CodeIgniter\CodeIgniter->handleRequest()
 8 FCPATH/index.php(57): CodeIgniter\CodeIgniter->run()
CRITICAL - 2023-12-14 10:49:12 --> Invalid file: Refund/refund.php
in SYSTEMPATH/Exceptions/FrameworkException.php on line 33.
 1 SYSTEMPATH/View/View.php(201): CodeIgniter\Exceptions\FrameworkException::forInvalidFile()
 2 SYSTEMPATH/Common.php(1135): CodeIgniter\View\View->render()
 3 APPPATH/Controllers/Refund.php(20): view()
 4 SYSTEMPATH/CodeIgniter.php(896): App\Controllers\Refund->index()
 5 SYSTEMPATH/CodeIgniter.php(466): CodeIgniter\CodeIgniter->runController()
 6 SYSTEMPATH/CodeIgniter.php(349): CodeIgniter\CodeIgniter->handleRequest()
 7 FCPATH/index.php(57): CodeIgniter\CodeIgniter->run()
CRITICAL - 2023-12-14 10:51:16 --> Invalid file: Refund/refund.php
in SYSTEMPATH/Exceptions/FrameworkException.php on line 33.
 1 SYSTEMPATH/View/View.php(201): CodeIgniter\Exceptions\FrameworkException::forInvalidFile()
 2 SYSTEMPATH/Common.php(1135): CodeIgniter\View\View->render()
 3 APPPATH/Controllers/Refund.php(20): view()
 4 SYSTEMPATH/CodeIgniter.php(896): App\Controllers\Refund->index()
 5 SYSTEMPATH/CodeIgniter.php(466): CodeIgniter\CodeIgniter->runController()
 6 SYSTEMPATH/CodeIgniter.php(349): CodeIgniter\CodeIgniter->handleRequest()
 7 FCPATH/index.php(57): CodeIgniter\CodeIgniter->run()
ERROR - 2023-12-14 10:52:49 --> Unknown column 'tb2.is_refund' in 'where clause'
CRITICAL - 2023-12-14 10:52:49 --> Unknown column 'tb2.is_refund' in 'where clause'
in SYSTEMPATH/Database/MySQLi/Connection.php on line 292.
 1 SYSTEMPATH/Database/MySQLi/Connection.php(292): mysqli->query()
 2 SYSTEMPATH/Database/BaseConnection.php(695): CodeIgniter\Database\MySQLi\Connection->execute()
 3 SYSTEMPATH/Database/BaseConnection.php(609): CodeIgniter\Database\BaseConnection->simpleQuery()
 4 APPPATH/Models/Engine.php(1820): CodeIgniter\Database\BaseConnection->query()
 5 APPPATH/Controllers/Refund.php(29): App\Models\Engine->searchRefundBills()
 6 SYSTEMPATH/CodeIgniter.php(896): App\Controllers\Refund->searchrefundbills()
 7 SYSTEMPATH/CodeIgniter.php(466): CodeIgniter\CodeIgniter->runController()
 8 SYSTEMPATH/CodeIgniter.php(349): CodeIgniter\CodeIgniter->handleRequest()
 9 FCPATH/index.php(57): CodeIgniter\CodeIgniter->run()
ERROR - 2023-12-14 10:52:51 --> Unknown column 'tb2.is_refund' in 'where clause'
CRITICAL - 2023-12-14 10:52:51 --> Unknown column 'tb2.is_refund' in 'where clause'
in SYSTEMPATH/Database/MySQLi/Connection.php on line 292.
 1 SYSTEMPATH/Database/MySQLi/Connection.php(292): mysqli->query()
 2 SYSTEMPATH/Database/BaseConnection.php(695): CodeIgniter\Database\MySQLi\Connection->execute()
 3 SYSTEMPATH/Database/BaseConnection.php(609): CodeIgniter\Database\BaseConnection->simpleQuery()
 4 APPPATH/Models/Engine.php(1820): CodeIgniter\Database\BaseConnection->query()
 5 APPPATH/Controllers/Refund.php(29): App\Models\Engine->searchRefundBills()
 6 SYSTEMPATH/CodeIgniter.php(896): App\Controllers\Refund->searchrefundbills()
 7 SYSTEMPATH/CodeIgniter.php(466): CodeIgniter\CodeIgniter->runController()
 8 SYSTEMPATH/CodeIgniter.php(349): CodeIgniter\CodeIgniter->handleRequest()
 9 FCPATH/index.php(57): CodeIgniter\CodeIgniter->run()
ERROR - 2023-12-14 10:54:06 --> Unknown column 'tb2.is_refund' in 'where clause'
CRITICAL - 2023-12-14 10:54:06 --> Unknown column 'tb2.is_refund' in 'where clause'
in SYSTEMPATH/Database/MySQLi/Connection.php on line 292.
 1 SYSTEMPATH/Database/MySQLi/Connection.php(292): mysqli->query()
 2 SYSTEMPATH/Database/BaseConnection.php(695): CodeIgniter\Database\MySQLi\Connection->execute()
 3 SYSTEMPATH/Database/BaseConnection.php(609): CodeIgniter\Database\BaseConnection->simpleQuery()
 4 APPPATH/Models/Engine.php(1820): CodeIgniter\Database\BaseConnection->query()
 5 APPPATH/Controllers/Refund.php(29): App\Models\Engine->searchRefundBills()
 6 SYSTEMPATH/CodeIgniter.php(896): App\Controllers\Refund->searchrefundbills()
 7 SYSTEMPATH/CodeIgniter.php(466): CodeIgniter\CodeIgniter->runController()
 8 SYSTEMPATH/CodeIgniter.php(349): CodeIgniter\CodeIgniter->handleRequest()
 9 FCPATH/index.php(57): CodeIgniter\CodeIgniter->run()
ERROR - 2023-12-14 10:54:10 --> Unknown column 'tb2.is_refund' in 'where clause'
CRITICAL - 2023-12-14 10:54:10 --> Unknown column 'tb2.is_refund' in 'where clause'
in SYSTEMPATH/Database/MySQLi/Connection.php on line 292.
 1 SYSTEMPATH/Database/MySQLi/Connection.php(292): mysqli->query()
 2 SYSTEMPATH/Database/BaseConnection.php(695): CodeIgniter\Database\MySQLi\Connection->execute()
 3 SYSTEMPATH/Database/BaseConnection.php(609): CodeIgniter\Database\BaseConnection->simpleQuery()
 4 APPPATH/Models/Engine.php(1820): CodeIgniter\Database\BaseConnection->query()
 5 APPPATH/Controllers/Refund.php(29): App\Models\Engine->searchRefundBills()
 6 SYSTEMPATH/CodeIgniter.php(896): App\Controllers\Refund->searchrefundbills()
 7 SYSTEMPATH/CodeIgniter.php(466): CodeIgniter\CodeIgniter->runController()
 8 SYSTEMPATH/CodeIgniter.php(349): CodeIgniter\CodeIgniter->handleRequest()
 9 FCPATH/index.php(57): CodeIgniter\CodeIgniter->run()
ERROR - 2023-12-14 10:54:24 --> Unknown column 'tb2.is_refund' in 'where clause'
CRITICAL - 2023-12-14 10:54:24 --> Unknown column 'tb2.is_refund' in 'where clause'
in SYSTEMPATH/Database/MySQLi/Connection.php on line 292.
 1 SYSTEMPATH/Database/MySQLi/Connection.php(292): mysqli->query()
 2 SYSTEMPATH/Database/BaseConnection.php(695): CodeIgniter\Database\MySQLi\Connection->execute()
 3 SYSTEMPATH/Database/BaseConnection.php(609): CodeIgniter\Database\BaseConnection->simpleQuery()
 4 APPPATH/Models/Engine.php(1820): CodeIgniter\Database\BaseConnection->query()
 5 APPPATH/Controllers/Refund.php(29): App\Models\Engine->searchRefundBills()
 6 SYSTEMPATH/CodeIgniter.php(896): App\Controllers\Refund->searchrefundbills()
 7 SYSTEMPATH/CodeIgniter.php(466): CodeIgniter\CodeIgniter->runController()
 8 SYSTEMPATH/CodeIgniter.php(349): CodeIgniter\CodeIgniter->handleRequest()
 9 FCPATH/index.php(57): CodeIgniter\CodeIgniter->run()
ERROR - 2023-12-14 10:54:26 --> Unknown column 'tb2.is_refund' in 'where clause'
CRITICAL - 2023-12-14 10:54:26 --> Unknown column 'tb2.is_refund' in 'where clause'
in SYSTEMPATH/Database/MySQLi/Connection.php on line 292.
 1 SYSTEMPATH/Database/MySQLi/Connection.php(292): mysqli->query()
 2 SYSTEMPATH/Database/BaseConnection.php(695): CodeIgniter\Database\MySQLi\Connection->execute()
 3 SYSTEMPATH/Database/BaseConnection.php(609): CodeIgniter\Database\BaseConnection->simpleQuery()
 4 APPPATH/Models/Engine.php(1820): CodeIgniter\Database\BaseConnection->query()
 5 APPPATH/Controllers/Refund.php(29): App\Models\Engine->searchRefundBills()
 6 SYSTEMPATH/CodeIgniter.php(896): App\Controllers\Refund->searchrefundbills()
 7 SYSTEMPATH/CodeIgniter.php(466): CodeIgniter\CodeIgniter->runController()
 8 SYSTEMPATH/CodeIgniter.php(349): CodeIgniter\CodeIgniter->handleRequest()
 9 FCPATH/index.php(57): CodeIgniter\CodeIgniter->run()
ERROR - 2023-12-14 10:54:26 --> Unknown column 'tb2.is_refund' in 'where clause'
CRITICAL - 2023-12-14 10:54:26 --> Unknown column 'tb2.is_refund' in 'where clause'
in SYSTEMPATH/Database/MySQLi/Connection.php on line 292.
 1 SYSTEMPATH/Database/MySQLi/Connection.php(292): mysqli->query()
 2 SYSTEMPATH/Database/BaseConnection.php(695): CodeIgniter\Database\MySQLi\Connection->execute()
 3 SYSTEMPATH/Database/BaseConnection.php(609): CodeIgniter\Database\BaseConnection->simpleQuery()
 4 APPPATH/Models/Engine.php(1820): CodeIgniter\Database\BaseConnection->query()
 5 APPPATH/Controllers/Refund.php(29): App\Models\Engine->searchRefundBills()
 6 SYSTEMPATH/CodeIgniter.php(896): App\Controllers\Refund->searchrefundbills()
 7 SYSTEMPATH/CodeIgniter.php(466): CodeIgniter\CodeIgniter->runController()
 8 SYSTEMPATH/CodeIgniter.php(349): CodeIgniter\CodeIgniter->handleRequest()
 9 FCPATH/index.php(57): CodeIgniter\CodeIgniter->run()
ERROR - 2023-12-14 10:54:26 --> Unknown column 'tb2.is_refund' in 'where clause'
CRITICAL - 2023-12-14 10:54:26 --> Unknown column 'tb2.is_refund' in 'where clause'
in SYSTEMPATH/Database/MySQLi/Connection.php on line 292.
 1 SYSTEMPATH/Database/MySQLi/Connection.php(292): mysqli->query()
 2 SYSTEMPATH/Database/BaseConnection.php(695): CodeIgniter\Database\MySQLi\Connection->execute()
 3 SYSTEMPATH/Database/BaseConnection.php(609): CodeIgniter\Database\BaseConnection->simpleQuery()
 4 APPPATH/Models/Engine.php(1820): CodeIgniter\Database\BaseConnection->query()
 5 APPPATH/Controllers/Refund.php(29): App\Models\Engine->searchRefundBills()
 6 SYSTEMPATH/CodeIgniter.php(896): App\Controllers\Refund->searchrefundbills()
 7 SYSTEMPATH/CodeIgniter.php(466): CodeIgniter\CodeIgniter->runController()
 8 SYSTEMPATH/CodeIgniter.php(349): CodeIgniter\CodeIgniter->handleRequest()
 9 FCPATH/index.php(57): CodeIgniter\CodeIgniter->run()
CRITICAL - 2023-12-14 10:54:43 --> strlen(): Passing null to parameter #1 ($string) of type string is deprecated
in APPPATH/Models/Engine.php on line 1813.
 1 [internal function]: CodeIgniter\Debug\Exceptions->errorHandler()
 2 APPPATH/Models/Engine.php(1813): strlen()
 3 APPPATH/Controllers/Refund.php(29): App\Models\Engine->searchRefundBills()
 4 SYSTEMPATH/CodeIgniter.php(896): App\Controllers\Refund->searchrefundbills()
 5 SYSTEMPATH/CodeIgniter.php(466): CodeIgniter\CodeIgniter->runController()
 6 SYSTEMPATH/CodeIgniter.php(349): CodeIgniter\CodeIgniter->handleRequest()
 7 FCPATH/index.php(57): CodeIgniter\CodeIgniter->run()
ERROR - 2023-12-14 10:56:53 --> Unknown column 'tb2.is_refund' in 'where clause'
CRITICAL - 2023-12-14 10:56:53 --> Unknown column 'tb2.is_refund' in 'where clause'
in SYSTEMPATH/Database/MySQLi/Connection.php on line 292.
 1 SYSTEMPATH/Database/MySQLi/Connection.php(292): mysqli->query()
 2 SYSTEMPATH/Database/BaseConnection.php(695): CodeIgniter\Database\MySQLi\Connection->execute()
 3 SYSTEMPATH/Database/BaseConnection.php(609): CodeIgniter\Database\BaseConnection->simpleQuery()
 4 APPPATH/Models/Engine.php(1820): CodeIgniter\Database\BaseConnection->query()
 5 APPPATH/Controllers/Refund.php(33): App\Models\Engine->searchRefundBills()
 6 SYSTEMPATH/CodeIgniter.php(896): App\Controllers\Refund->searchrefundbills()
 7 SYSTEMPATH/CodeIgniter.php(466): CodeIgniter\CodeIgniter->runController()
 8 SYSTEMPATH/CodeIgniter.php(349): CodeIgniter\CodeIgniter->handleRequest()
 9 FCPATH/index.php(57): CodeIgniter\CodeIgniter->run()
ERROR - 2023-12-14 10:56:55 --> Unknown column 'tb2.is_refund' in 'where clause'
CRITICAL - 2023-12-14 10:56:55 --> Unknown column 'tb2.is_refund' in 'where clause'
in SYSTEMPATH/Database/MySQLi/Connection.php on line 292.
 1 SYSTEMPATH/Database/MySQLi/Connection.php(292): mysqli->query()
 2 SYSTEMPATH/Database/BaseConnection.php(695): CodeIgniter\Database\MySQLi\Connection->execute()
 3 SYSTEMPATH/Database/BaseConnection.php(609): CodeIgniter\Database\BaseConnection->simpleQuery()
 4 APPPATH/Models/Engine.php(1820): CodeIgniter\Database\BaseConnection->query()
 5 APPPATH/Controllers/Refund.php(33): App\Models\Engine->searchRefundBills()
 6 SYSTEMPATH/CodeIgniter.php(896): App\Controllers\Refund->searchrefundbills()
 7 SYSTEMPATH/CodeIgniter.php(466): CodeIgniter\CodeIgniter->runController()
 8 SYSTEMPATH/CodeIgniter.php(349): CodeIgniter\CodeIgniter->handleRequest()
 9 FCPATH/index.php(57): CodeIgniter\CodeIgniter->run()
CRITICAL - 2023-12-14 10:57:08 --> foreach() argument must be of type array|object, null given
in APPPATH/Controllers/Refund.php on line 47.
 1 APPPATH/Controllers/Refund.php(47): CodeIgniter\Debug\Exceptions->errorHandler()
 2 SYSTEMPATH/CodeIgniter.php(896): App\Controllers\Refund->savenewrefund()
 3 SYSTEMPATH/CodeIgniter.php(466): CodeIgniter\CodeIgniter->runController()
 4 SYSTEMPATH/CodeIgniter.php(349): CodeIgniter\CodeIgniter->handleRequest()
 5 FCPATH/index.php(57): CodeIgniter\CodeIgniter->run()
ERROR - 2023-12-14 10:57:18 --> Unknown column 'tb2.is_refund' in 'where clause'
CRITICAL - 2023-12-14 10:57:18 --> Unknown column 'tb2.is_refund' in 'where clause'
in SYSTEMPATH/Database/MySQLi/Connection.php on line 292.
 1 SYSTEMPATH/Database/MySQLi/Connection.php(292): mysqli->query()
 2 SYSTEMPATH/Database/BaseConnection.php(695): CodeIgniter\Database\MySQLi\Connection->execute()
 3 SYSTEMPATH/Database/BaseConnection.php(609): CodeIgniter\Database\BaseConnection->simpleQuery()
 4 APPPATH/Models/Engine.php(1820): CodeIgniter\Database\BaseConnection->query()
 5 APPPATH/Controllers/Refund.php(33): App\Models\Engine->searchRefundBills()
 6 SYSTEMPATH/CodeIgniter.php(896): App\Controllers\Refund->searchrefundbills()
 7 SYSTEMPATH/CodeIgniter.php(466): CodeIgniter\CodeIgniter->runController()
 8 SYSTEMPATH/CodeIgniter.php(349): CodeIgniter\CodeIgniter->handleRequest()
 9 FCPATH/index.php(57): CodeIgniter\CodeIgniter->run()
ERROR - 2023-12-14 10:57:20 --> Unknown column 'tb2.is_refund' in 'where clause'
CRITICAL - 2023-12-14 10:57:20 --> Unknown column 'tb2.is_refund' in 'where clause'
in SYSTEMPATH/Database/MySQLi/Connection.php on line 292.
 1 SYSTEMPATH/Database/MySQLi/Connection.php(292): mysqli->query()
 2 SYSTEMPATH/Database/BaseConnection.php(695): CodeIgniter\Database\MySQLi\Connection->execute()
 3 SYSTEMPATH/Database/BaseConnection.php(609): CodeIgniter\Database\BaseConnection->simpleQuery()
 4 APPPATH/Models/Engine.php(1820): CodeIgniter\Database\BaseConnection->query()
 5 APPPATH/Controllers/Refund.php(33): App\Models\Engine->searchRefundBills()
 6 SYSTEMPATH/CodeIgniter.php(896): App\Controllers\Refund->searchrefundbills()
 7 SYSTEMPATH/CodeIgniter.php(466): CodeIgniter\CodeIgniter->runController()
 8 SYSTEMPATH/CodeIgniter.php(349): CodeIgniter\CodeIgniter->handleRequest()
 9 FCPATH/index.php(57): CodeIgniter\CodeIgniter->run()
ERROR - 2023-12-14 10:57:31 --> Unknown column 'tb2.is_refund' in 'where clause'
CRITICAL - 2023-12-14 10:57:31 --> Unknown column 'tb2.is_refund' in 'where clause'
in SYSTEMPATH/Database/MySQLi/Connection.php on line 292.
 1 SYSTEMPATH/Database/MySQLi/Connection.php(292): mysqli->query()
 2 SYSTEMPATH/Database/BaseConnection.php(695): CodeIgniter\Database\MySQLi\Connection->execute()
 3 SYSTEMPATH/Database/BaseConnection.php(609): CodeIgniter\Database\BaseConnection->simpleQuery()
 4 APPPATH/Models/Engine.php(1820): CodeIgniter\Database\BaseConnection->query()
 5 APPPATH/Controllers/Refund.php(33): App\Models\Engine->searchRefundBills()
 6 SYSTEMPATH/CodeIgniter.php(896): App\Controllers\Refund->searchrefundbills()
 7 SYSTEMPATH/CodeIgniter.php(466): CodeIgniter\CodeIgniter->runController()
 8 SYSTEMPATH/CodeIgniter.php(349): CodeIgniter\CodeIgniter->handleRequest()
 9 FCPATH/index.php(57): CodeIgniter\CodeIgniter->run()
CRITICAL - 2023-12-14 12:27:00 --> Invalid file: Reports/report.php
in SYSTEMPATH/Exceptions/FrameworkException.php on line 33.
 1 SYSTEMPATH/View/View.php(201): CodeIgniter\Exceptions\FrameworkException::forInvalidFile()
 2 SYSTEMPATH/Common.php(1135): CodeIgniter\View\View->render()
 3 APPPATH/Controllers/Dashboard.php(24): view()
 4 SYSTEMPATH/CodeIgniter.php(896): App\Controllers\Dashboard->reports()
 5 SYSTEMPATH/CodeIgniter.php(466): CodeIgniter\CodeIgniter->runController()
 6 SYSTEMPATH/CodeIgniter.php(349): CodeIgniter\CodeIgniter->handleRequest()
 7 FCPATH/index.php(57): CodeIgniter\CodeIgniter->run()
CRITICAL - 2023-12-14 12:27:59 --> Invalid file: Reports/report.php
in SYSTEMPATH/Exceptions/FrameworkException.php on line 33.
 1 SYSTEMPATH/View/View.php(201): CodeIgniter\Exceptions\FrameworkException::forInvalidFile()
 2 SYSTEMPATH/Common.php(1135): CodeIgniter\View\View->render()
 3 APPPATH/Controllers/Dashboard.php(24): view()
 4 SYSTEMPATH/CodeIgniter.php(896): App\Controllers\Dashboard->reports()
 5 SYSTEMPATH/CodeIgniter.php(466): CodeIgniter\CodeIgniter->runController()
 6 SYSTEMPATH/CodeIgniter.php(349): CodeIgniter\CodeIgniter->handleRequest()
 7 FCPATH/index.php(57): CodeIgniter\CodeIgniter->run()
CRITICAL - 2023-12-14 12:30:44 --> Invalid file: Reports/report.php
in SYSTEMPATH/Exceptions/FrameworkException.php on line 33.
 1 SYSTEMPATH/View/View.php(201): CodeIgniter\Exceptions\FrameworkException::forInvalidFile()
 2 SYSTEMPATH/Common.php(1135): CodeIgniter\View\View->render()
 3 APPPATH/Controllers/Dashboard.php(24): view()
 4 SYSTEMPATH/CodeIgniter.php(896): App\Controllers\Dashboard->reports()
 5 SYSTEMPATH/CodeIgniter.php(466): CodeIgniter\CodeIgniter->runController()
 6 SYSTEMPATH/CodeIgniter.php(349): CodeIgniter\CodeIgniter->handleRequest()
 7 FCPATH/index.php(57): CodeIgniter\CodeIgniter->run()
CRITICAL - 2023-12-14 12:33:39 --> Invalid file: Reports/report.php
in SYSTEMPATH/Exceptions/FrameworkException.php on line 33.
 1 SYSTEMPATH/View/View.php(201): CodeIgniter\Exceptions\FrameworkException::forInvalidFile()
 2 SYSTEMPATH/Common.php(1135): CodeIgniter\View\View->render()
 3 APPPATH/Controllers/Dashboard.php(24): view()
 4 SYSTEMPATH/CodeIgniter.php(896): App\Controllers\Dashboard->reports()
 5 SYSTEMPATH/CodeIgniter.php(466): CodeIgniter\CodeIgniter->runController()
 6 SYSTEMPATH/CodeIgniter.php(349): CodeIgniter\CodeIgniter->handleRequest()
 7 FCPATH/index.php(57): CodeIgniter\CodeIgniter->run()
CRITICAL - 2023-12-14 14:51:28 --> Invalid file: Reports/report.php
in SYSTEMPATH/Exceptions/FrameworkException.php on line 33.
 1 SYSTEMPATH/View/View.php(201): CodeIgniter\Exceptions\FrameworkException::forInvalidFile()
 2 SYSTEMPATH/Common.php(1135): CodeIgniter\View\View->render()
 3 APPPATH/Controllers/Dashboard.php(24): view()
 4 SYSTEMPATH/CodeIgniter.php(896): App\Controllers\Dashboard->reports()
 5 SYSTEMPATH/CodeIgniter.php(466): CodeIgniter\CodeIgniter->runController()
 6 SYSTEMPATH/CodeIgniter.php(349): CodeIgniter\CodeIgniter->handleRequest()
 7 FCPATH/index.php(57): CodeIgniter\CodeIgniter->run()
CRITICAL - 2023-12-14 14:56:34 --> Invalid file: Reports/report.php
in SYSTEMPATH/Exceptions/FrameworkException.php on line 33.
 1 SYSTEMPATH/View/View.php(201): CodeIgniter\Exceptions\FrameworkException::forInvalidFile()
 2 SYSTEMPATH/Common.php(1135): CodeIgniter\View\View->render()
 3 APPPATH/Controllers/Dashboard.php(24): view()
 4 SYSTEMPATH/CodeIgniter.php(896): App\Controllers\Dashboard->reports()
 5 SYSTEMPATH/CodeIgniter.php(466): CodeIgniter\CodeIgniter->runController()
 6 SYSTEMPATH/CodeIgniter.php(349): CodeIgniter\CodeIgniter->handleRequest()
 7 FCPATH/index.php(57): CodeIgniter\CodeIgniter->run()
CRITICAL - 2023-12-14 15:03:13 --> Invalid file: Reports/report.php
in SYSTEMPATH/Exceptions/FrameworkException.php on line 33.
 1 SYSTEMPATH/View/View.php(201): CodeIgniter\Exceptions\FrameworkException::forInvalidFile()
 2 SYSTEMPATH/Common.php(1135): CodeIgniter\View\View->render()
 3 APPPATH/Controllers/Dashboard.php(24): view()
 4 SYSTEMPATH/CodeIgniter.php(896): App\Controllers\Dashboard->reports()
 5 SYSTEMPATH/CodeIgniter.php(466): CodeIgniter\CodeIgniter->runController()
 6 SYSTEMPATH/CodeIgniter.php(349): CodeIgniter\CodeIgniter->handleRequest()
 7 FCPATH/index.php(57): CodeIgniter\CodeIgniter->run()
CRITICAL - 2023-12-14 15:09:08 --> Invalid file: Reports/report.php
in SYSTEMPATH/Exceptions/FrameworkException.php on line 33.
 1 SYSTEMPATH/View/View.php(201): CodeIgniter\Exceptions\FrameworkException::forInvalidFile()
 2 SYSTEMPATH/Common.php(1135): CodeIgniter\View\View->render()
 3 APPPATH/Controllers/Dashboard.php(24): view()
 4 SYSTEMPATH/CodeIgniter.php(896): App\Controllers\Dashboard->reports()
 5 SYSTEMPATH/CodeIgniter.php(466): CodeIgniter\CodeIgniter->runController()
 6 SYSTEMPATH/CodeIgniter.php(349): CodeIgniter\CodeIgniter->handleRequest()
 7 FCPATH/index.php(57): CodeIgniter\CodeIgniter->run()
CRITICAL - 2023-12-14 16:21:12 --> Invalid file: Reports/report.php
in SYSTEMPATH/Exceptions/FrameworkException.php on line 33.
 1 SYSTEMPATH/View/View.php(201): CodeIgniter\Exceptions\FrameworkException::forInvalidFile()
 2 SYSTEMPATH/Common.php(1135): CodeIgniter\View\View->render()
 3 APPPATH/Controllers/Dashboard.php(24): view()
 4 SYSTEMPATH/CodeIgniter.php(896): App\Controllers\Dashboard->reports()
 5 SYSTEMPATH/CodeIgniter.php(466): CodeIgniter\CodeIgniter->runController()
 6 SYSTEMPATH/CodeIgniter.php(349): CodeIgniter\CodeIgniter->handleRequest()
 7 FCPATH/index.php(57): CodeIgniter\CodeIgniter->run()
CRITICAL - 2023-12-14 17:42:11 --> Invalid file: Reports/report.php
in SYSTEMPATH/Exceptions/FrameworkException.php on line 33.
 1 SYSTEMPATH/View/View.php(201): CodeIgniter\Exceptions\FrameworkException::forInvalidFile()
 2 SYSTEMPATH/Common.php(1135): CodeIgniter\View\View->render()
 3 APPPATH/Controllers/Dashboard.php(24): view()
 4 SYSTEMPATH/CodeIgniter.php(896): App\Controllers\Dashboard->reports()
 5 SYSTEMPATH/CodeIgniter.php(466): CodeIgniter\CodeIgniter->runController()
 6 SYSTEMPATH/CodeIgniter.php(349): CodeIgniter\CodeIgniter->handleRequest()
 7 FCPATH/index.php(57): CodeIgniter\CodeIgniter->run()
CRITICAL - 2023-12-14 17:48:35 --> Invalid file: Reports/report.php
in SYSTEMPATH/Exceptions/FrameworkException.php on line 33.
 1 SYSTEMPATH/View/View.php(201): CodeIgniter\Exceptions\FrameworkException::forInvalidFile()
 2 SYSTEMPATH/Common.php(1135): CodeIgniter\View\View->render()
 3 APPPATH/Controllers/Dashboard.php(24): view()
 4 SYSTEMPATH/CodeIgniter.php(896): App\Controllers\Dashboard->reports()
 5 SYSTEMPATH/CodeIgniter.php(466): CodeIgniter\CodeIgniter->runController()
 6 SYSTEMPATH/CodeIgniter.php(349): CodeIgniter\CodeIgniter->handleRequest()
 7 FCPATH/index.php(57): CodeIgniter\CodeIgniter->run()
