CRITICAL - 2023-08-02 04:47:17 --> sizeof(): Argument #1 ($value) must be of type Countable|array, stdClass given
in APPPATH/Helpers/global_helper.php on line 352.
 1 APPPATH/Controllers/Malipo.php(94): doAipros3Fetch()
 2 SYSTEMPATH/CodeIgniter.php(896): App\Controllers\Malipo->aipros4()
 3 SYSTEMPATH/CodeIgniter.php(466): CodeIgniter\CodeIgniter->runController()
 4 SYSTEMPATH/CodeIgniter.php(349): CodeIgniter\CodeIgniter->handleRequest()
 5 FCPATH/index.php(57): CodeIgniter\CodeIgniter->run()
CRITICAL - 2023-08-02 04:48:11 --> sizeof(): Argument #1 ($value) must be of type Countable|array, stdClass given
in APPPATH/Helpers/global_helper.php on line 352.
 1 APPPATH/Controllers/Malipo.php(94): doAipros3Fetch()
 2 SYSTEMPATH/CodeIgniter.php(896): App\Controllers\Malipo->aipros4()
 3 SYSTEMPATH/CodeIgniter.php(466): CodeIgniter\CodeIgniter->runController()
 4 SYSTEMPATH/CodeIgniter.php(349): CodeIgniter\CodeIgniter->handleRequest()
 5 FCPATH/index.php(57): CodeIgniter\CodeIgniter->run()
CRITICAL - 2023-08-02 04:49:04 --> sizeof(): Argument #1 ($value) must be of type Countable|array, stdClass given
in APPPATH/Helpers/global_helper.php on line 352.
 1 APPPATH/Controllers/Malipo.php(94): doAipros3Fetch()
 2 SYSTEMPATH/CodeIgniter.php(896): App\Controllers\Malipo->aipros4()
 3 SYSTEMPATH/CodeIgniter.php(466): CodeIgniter\CodeIgniter->runController()
 4 SYSTEMPATH/CodeIgniter.php(349): CodeIgniter\CodeIgniter->handleRequest()
 5 FCPATH/index.php(57): CodeIgniter\CodeIgniter->run()
CRITICAL - 2023-08-02 04:50:24 --> sizeof(): Argument #1 ($value) must be of type Countable|array, stdClass given
in APPPATH/Helpers/global_helper.php on line 352.
 1 APPPATH/Controllers/Malipo.php(94): doAipros3Fetch()
 2 SYSTEMPATH/CodeIgniter.php(896): App\Controllers\Malipo->aipros4()
 3 SYSTEMPATH/CodeIgniter.php(466): CodeIgniter\CodeIgniter->runController()
 4 SYSTEMPATH/CodeIgniter.php(349): CodeIgniter\CodeIgniter->handleRequest()
 5 FCPATH/index.php(57): CodeIgniter\CodeIgniter->run()
CRITICAL - 2023-08-02 04:55:10 --> sizeof(): Argument #1 ($value) must be of type Countable|array, stdClass given
in APPPATH/Helpers/global_helper.php on line 354.
 1 APPPATH/Controllers/Malipo.php(94): doAipros3Fetch()
 2 SYSTEMPATH/CodeIgniter.php(896): App\Controllers\Malipo->aipros4()
 3 SYSTEMPATH/CodeIgniter.php(466): CodeIgniter\CodeIgniter->runController()
 4 SYSTEMPATH/CodeIgniter.php(349): CodeIgniter\CodeIgniter->handleRequest()
 5 FCPATH/index.php(57): CodeIgniter\CodeIgniter->run()
CRITICAL - 2023-08-02 04:55:39 --> sizeof(): Argument #1 ($value) must be of type Countable|array, stdClass given
in APPPATH/Helpers/global_helper.php on line 354.
 1 APPPATH/Controllers/Malipo.php(94): doAipros3Fetch()
 2 SYSTEMPATH/CodeIgniter.php(896): App\Controllers\Malipo->aipros4()
 3 SYSTEMPATH/CodeIgniter.php(466): CodeIgniter\CodeIgniter->runController()
 4 SYSTEMPATH/CodeIgniter.php(349): CodeIgniter\CodeIgniter->handleRequest()
 5 FCPATH/index.php(57): CodeIgniter\CodeIgniter->run()
CRITICAL - 2023-08-02 05:01:22 --> Cannot use object of type stdClass as array
in APPPATH/Helpers/xml/aivalidate.php on line 17.
 1 APPPATH/Helpers/global_helper.php(115): require()
 2 APPPATH/Helpers/global_helper.php(362): genRequestAiValidate()
 3 APPPATH/Controllers/Malipo.php(94): doAipros3Fetch()
 4 SYSTEMPATH/CodeIgniter.php(896): App\Controllers\Malipo->aipros4()
 5 SYSTEMPATH/CodeIgniter.php(466): CodeIgniter\CodeIgniter->runController()
 6 SYSTEMPATH/CodeIgniter.php(349): CodeIgniter\CodeIgniter->handleRequest()
 7 FCPATH/index.php(57): CodeIgniter\CodeIgniter->run()
CRITICAL - 2023-08-02 05:02:43 --> Cannot use object of type stdClass as array
in APPPATH/Helpers/xml/aivalidate.php on line 17.
 1 APPPATH/Helpers/global_helper.php(115): require()
 2 APPPATH/Helpers/global_helper.php(362): genRequestAiValidate()
 3 APPPATH/Controllers/Malipo.php(94): doAipros3Fetch()
 4 SYSTEMPATH/CodeIgniter.php(896): App\Controllers\Malipo->aipros4()
 5 SYSTEMPATH/CodeIgniter.php(466): CodeIgniter\CodeIgniter->runController()
 6 SYSTEMPATH/CodeIgniter.php(349): CodeIgniter\CodeIgniter->handleRequest()
 7 FCPATH/index.php(57): CodeIgniter\CodeIgniter->run()
CRITICAL - 2023-08-02 05:25:26 --> Undefined variable $billArray
in APPPATH/Helpers/xml/aivalidate.php on line 31.
 1 APPPATH/Helpers/xml/aivalidate.php(31): CodeIgniter\Debug\Exceptions->errorHandler()
 2 APPPATH/Helpers/global_helper.php(115): require('APPPATH/Helpers/xml/aivalidate.php')
 3 APPPATH/Helpers/global_helper.php(393): genRequestAiValidate()
 4 APPPATH/Controllers/Malipo.php(98): doAipros5Lookup()
 5 SYSTEMPATH/CodeIgniter.php(896): App\Controllers\Malipo->aipros5()
 6 SYSTEMPATH/CodeIgniter.php(466): CodeIgniter\CodeIgniter->runController()
 7 SYSTEMPATH/CodeIgniter.php(349): CodeIgniter\CodeIgniter->handleRequest()
 8 FCPATH/index.php(57): CodeIgniter\CodeIgniter->run()
CRITICAL - 2023-08-02 08:48:20 --> Undefined property: stdClass::$trans_reference
in APPPATH/Views/popPaymentDataItem.php on line 7.
 1 APPPATH/Views/popPaymentDataItem.php(7): CodeIgniter\Debug\Exceptions->errorHandler()
 2 SYSTEMPATH/View/View.php(213): include('APPPATH/Views/popPaymentDataItem.php')
 3 SYSTEMPATH/View/View.php(216): CodeIgniter\View\View->CodeIgniter\View\{closure}()
 4 SYSTEMPATH/Common.php(1135): CodeIgniter\View\View->render()
 5 APPPATH/Controllers/Transactions.php(104): view()
 6 SYSTEMPATH/CodeIgniter.php(896): App\Controllers\Transactions->fetchpopitems()
 7 SYSTEMPATH/CodeIgniter.php(466): CodeIgniter\CodeIgniter->runController()
 8 SYSTEMPATH/CodeIgniter.php(349): CodeIgniter\CodeIgniter->handleRequest()
 9 FCPATH/index.php(57): CodeIgniter\CodeIgniter->run()
