CRITICAL - 2024-08-12 14:09:10 --> Too few arguments to function App\Controllers\Billing::dobillsearch(), 0 passed in /var/www/html/bmc/ci/system/CodeIgniter.php on line 896 and exactly 2 expected
in APPPATH/Controllers/Billing.php on line 245.
 1 SYSTEMPATH/CodeIgniter.php(896): App\Controllers\Billing->dobillsearch()
 2 SYSTEMPATH/CodeIgniter.php(466): CodeIgniter\CodeIgniter->runController()
 3 SYSTEMPATH/CodeIgniter.php(349): CodeIgniter\CodeIgniter->handleRequest()
 4 FCPATH/index.php(57): CodeIgniter\CodeIgniter->run()
CRITICAL - 2024-08-12 14:10:57 --> Too few arguments to function App\Controllers\Billing::dobillsearch(), 0 passed in /var/www/html/bmc/ci/system/CodeIgniter.php on line 896 and exactly 2 expected
in APPPATH/Controllers/Billing.php on line 245.
 1 SYSTEMPATH/CodeIgniter.php(896): App\Controllers\Billing->dobillsearch()
 2 SYSTEMPATH/CodeIgniter.php(466): CodeIgniter\CodeIgniter->runController()
 3 SYSTEMPATH/CodeIgniter.php(349): CodeIgniter\CodeIgniter->handleRequest()
 4 FCPATH/index.php(57): CodeIgniter\CodeIgniter->run()
CRITICAL - 2024-08-12 14:12:41 --> Too few arguments to function App\Controllers\Billing::dobillsearch(), 0 passed in /var/www/html/bmc/ci/system/CodeIgniter.php on line 896 and exactly 2 expected
in APPPATH/Controllers/Billing.php on line 245.
 1 SYSTEMPATH/CodeIgniter.php(896): App\Controllers\Billing->dobillsearch()
 2 SYSTEMPATH/CodeIgniter.php(466): CodeIgniter\CodeIgniter->runController()
 3 SYSTEMPATH/CodeIgniter.php(349): CodeIgniter\CodeIgniter->handleRequest()
 4 FCPATH/index.php(57): CodeIgniter\CodeIgniter->run()
ERROR - 2024-08-12 14:13:06 --> You have an error in your SQL syntax; check the manual that corresponds to your MySQL server version for the right syntax to use near ', 50' at line 11
CRITICAL - 2024-08-12 14:13:06 --> You have an error in your SQL syntax; check the manual that corresponds to your MySQL server version for the right syntax to use near ', 50' at line 11
in SYSTEMPATH/Database/MySQLi/Connection.php on line 292.
 1 SYSTEMPATH/Database/MySQLi/Connection.php(292): mysqli->query()
 2 SYSTEMPATH/Database/BaseConnection.php(695): CodeIgniter\Database\MySQLi\Connection->execute()
 3 SYSTEMPATH/Database/BaseConnection.php(609): CodeIgniter\Database\BaseConnection->simpleQuery()
 4 APPPATH/Models/Engine.php(252): CodeIgniter\Database\BaseConnection->query()
 5 APPPATH/Controllers/Transactions.php(183): App\Models\Engine->srchPaymentData()
 6 SYSTEMPATH/CodeIgniter.php(896): App\Controllers\Transactions->searchdata()
 7 SYSTEMPATH/CodeIgniter.php(466): CodeIgniter\CodeIgniter->runController()
 8 SYSTEMPATH/CodeIgniter.php(349): CodeIgniter\CodeIgniter->handleRequest()
 9 FCPATH/index.php(57): CodeIgniter\CodeIgniter->run()
ERROR - 2024-08-12 14:17:04 --> You have an error in your SQL syntax; check the manual that corresponds to your MySQL server version for the right syntax to use near ', 50' at line 11
CRITICAL - 2024-08-12 14:17:04 --> You have an error in your SQL syntax; check the manual that corresponds to your MySQL server version for the right syntax to use near ', 50' at line 11
in SYSTEMPATH/Database/MySQLi/Connection.php on line 292.
 1 SYSTEMPATH/Database/MySQLi/Connection.php(292): mysqli->query()
 2 SYSTEMPATH/Database/BaseConnection.php(695): CodeIgniter\Database\MySQLi\Connection->execute()
 3 SYSTEMPATH/Database/BaseConnection.php(609): CodeIgniter\Database\BaseConnection->simpleQuery()
 4 APPPATH/Models/Engine.php(252): CodeIgniter\Database\BaseConnection->query()
 5 APPPATH/Controllers/Transactions.php(183): App\Models\Engine->srchPaymentData()
 6 SYSTEMPATH/CodeIgniter.php(896): App\Controllers\Transactions->searchdata()
 7 SYSTEMPATH/CodeIgniter.php(466): CodeIgniter\CodeIgniter->runController()
 8 SYSTEMPATH/CodeIgniter.php(349): CodeIgniter\CodeIgniter->handleRequest()
 9 FCPATH/index.php(57): CodeIgniter\CodeIgniter->run()
CRITICAL - 2024-08-12 14:21:37 --> Too few arguments to function App\Controllers\Billing::dobillsearch(), 0 passed in /var/www/html/bmc/ci/system/CodeIgniter.php on line 896 and exactly 2 expected
in APPPATH/Controllers/Billing.php on line 245.
 1 SYSTEMPATH/CodeIgniter.php(896): App\Controllers\Billing->dobillsearch()
 2 SYSTEMPATH/CodeIgniter.php(466): CodeIgniter\CodeIgniter->runController()
 3 SYSTEMPATH/CodeIgniter.php(349): CodeIgniter\CodeIgniter->handleRequest()
 4 FCPATH/index.php(57): CodeIgniter\CodeIgniter->run()
CRITICAL - 2024-08-12 15:06:54 --> No route to host
in /var/www/html/bmc1/libraries/vendor/joomla/database/src/Mysqli/MysqliDriver.php on line 269.
 1 /var/www/html/bmc1/libraries/vendor/joomla/database/src/Mysqli/MysqliDriver.php(269): mysqli->real_connect()
 2 /var/www/html/bmc1/libraries/vendor/joomla/session/src/Handler/DatabaseHandler.php(233): Joomla\Database\Mysqli\MysqliDriver->connect()
 3 [internal function]: Joomla\Session\Handler\DatabaseHandler->open()
 4 /var/www/html/bmc1/libraries/vendor/joomla/session/src/Storage/NativeStorage.php(481): session_start()
 5 /var/www/html/bmc1/libraries/src/Session/Storage/JoomlaStorage.php(306): Joomla\Session\Storage\NativeStorage->start()
 6 /var/www/html/bmc1/libraries/vendor/joomla/session/src/Session.php(406): Joomla\CMS\Session\Storage\JoomlaStorage->start()
 7 /var/www/html/bmc1/libraries/vendor/joomla/session/src/Session.php(333): Joomla\Session\Session->start()
 8 /var/www/html/bmc1/libraries/src/Session/Session.php(198): Joomla\Session\Session->has()
 9 APPPATH/Controllers/BaseController.php(60): Joomla\CMS\Session\Session->get()
10 SYSTEMPATH/CodeIgniter.php(859): App\Controllers\BaseController->initController()
11 SYSTEMPATH/CodeIgniter.php(457): CodeIgniter\CodeIgniter->createController()
12 SYSTEMPATH/CodeIgniter.php(349): CodeIgniter\CodeIgniter->handleRequest()
13 FCPATH/index.php(57): CodeIgniter\CodeIgniter->run()
CRITICAL - 2024-08-12 15:07:16 --> Connection timed out
in /var/www/html/bmc1/libraries/vendor/joomla/database/src/Mysqli/MysqliDriver.php on line 269.
 1 /var/www/html/bmc1/libraries/vendor/joomla/database/src/Mysqli/MysqliDriver.php(269): mysqli->real_connect()
 2 /var/www/html/bmc1/libraries/vendor/joomla/session/src/Handler/DatabaseHandler.php(233): Joomla\Database\Mysqli\MysqliDriver->connect()
 3 [internal function]: Joomla\Session\Handler\DatabaseHandler->open()
 4 /var/www/html/bmc1/libraries/vendor/joomla/session/src/Storage/NativeStorage.php(481): session_start()
 5 /var/www/html/bmc1/libraries/src/Session/Storage/JoomlaStorage.php(306): Joomla\Session\Storage\NativeStorage->start()
 6 /var/www/html/bmc1/libraries/vendor/joomla/session/src/Session.php(406): Joomla\CMS\Session\Storage\JoomlaStorage->start()
 7 /var/www/html/bmc1/libraries/vendor/joomla/session/src/Session.php(333): Joomla\Session\Session->start()
 8 /var/www/html/bmc1/libraries/src/Session/Session.php(198): Joomla\Session\Session->has()
 9 APPPATH/Controllers/BaseController.php(60): Joomla\CMS\Session\Session->get()
10 SYSTEMPATH/CodeIgniter.php(859): App\Controllers\BaseController->initController()
11 SYSTEMPATH/CodeIgniter.php(457): CodeIgniter\CodeIgniter->createController()
12 SYSTEMPATH/CodeIgniter.php(349): CodeIgniter\CodeIgniter->handleRequest()
13 FCPATH/index.php(57): CodeIgniter\CodeIgniter->run()
ERROR - 2024-08-12 15:07:26 --> Got error 4009 'Cluster Failure' from NDBCLUSTER
CRITICAL - 2024-08-12 15:07:26 --> Got error 4009 'Cluster Failure' from NDBCLUSTER
in SYSTEMPATH/Database/MySQLi/Connection.php on line 292.
 1 SYSTEMPATH/Database/MySQLi/Connection.php(292): mysqli->query()
 2 SYSTEMPATH/Database/BaseConnection.php(695): CodeIgniter\Database\MySQLi\Connection->execute()
 3 SYSTEMPATH/Database/BaseConnection.php(609): CodeIgniter\Database\BaseConnection->simpleQuery()
 4 APPPATH/Models/Engine.php(554): CodeIgniter\Database\BaseConnection->query()
 5 APPPATH/Controllers/BaseController.php(77): App\Models\Engine->getLanguages()
 6 SYSTEMPATH/CodeIgniter.php(859): App\Controllers\BaseController->initController()
 7 SYSTEMPATH/CodeIgniter.php(457): CodeIgniter\CodeIgniter->createController()
 8 SYSTEMPATH/CodeIgniter.php(349): CodeIgniter\CodeIgniter->handleRequest()
 9 FCPATH/index.php(57): CodeIgniter\CodeIgniter->run()
ERROR - 2024-08-12 15:11:18 --> Got error 4009 'Cluster Failure' from NDBCLUSTER
CRITICAL - 2024-08-12 15:11:18 --> Got error 4009 'Cluster Failure' from NDBCLUSTER
in SYSTEMPATH/Database/MySQLi/Connection.php on line 292.
 1 SYSTEMPATH/Database/MySQLi/Connection.php(292): mysqli->query()
 2 SYSTEMPATH/Database/BaseConnection.php(695): CodeIgniter\Database\MySQLi\Connection->execute()
 3 SYSTEMPATH/Database/BaseConnection.php(609): CodeIgniter\Database\BaseConnection->simpleQuery()
 4 APPPATH/Models/Engine.php(554): CodeIgniter\Database\BaseConnection->query()
 5 APPPATH/Controllers/BaseController.php(77): App\Models\Engine->getLanguages()
 6 SYSTEMPATH/CodeIgniter.php(859): App\Controllers\BaseController->initController()
 7 SYSTEMPATH/CodeIgniter.php(457): CodeIgniter\CodeIgniter->createController()
 8 SYSTEMPATH/CodeIgniter.php(349): CodeIgniter\CodeIgniter->handleRequest()
 9 FCPATH/index.php(57): CodeIgniter\CodeIgniter->run()
ERROR - 2024-08-12 15:11:19 --> Got error 4009 'Cluster Failure' from NDBCLUSTER
CRITICAL - 2024-08-12 15:11:19 --> Got error 4009 'Cluster Failure' from NDBCLUSTER
in SYSTEMPATH/Database/MySQLi/Connection.php on line 292.
 1 SYSTEMPATH/Database/MySQLi/Connection.php(292): mysqli->query()
 2 SYSTEMPATH/Database/BaseConnection.php(695): CodeIgniter\Database\MySQLi\Connection->execute()
 3 SYSTEMPATH/Database/BaseConnection.php(609): CodeIgniter\Database\BaseConnection->simpleQuery()
 4 APPPATH/Models/Engine.php(554): CodeIgniter\Database\BaseConnection->query()
 5 APPPATH/Controllers/BaseController.php(77): App\Models\Engine->getLanguages()
 6 SYSTEMPATH/CodeIgniter.php(859): App\Controllers\BaseController->initController()
 7 SYSTEMPATH/CodeIgniter.php(457): CodeIgniter\CodeIgniter->createController()
 8 SYSTEMPATH/CodeIgniter.php(349): CodeIgniter\CodeIgniter->handleRequest()
 9 FCPATH/index.php(57): CodeIgniter\CodeIgniter->run()
CRITICAL - 2024-08-12 15:13:09 --> No route to host
in /var/www/html/bmc1/libraries/vendor/joomla/database/src/Mysqli/MysqliDriver.php on line 269.
 1 /var/www/html/bmc1/libraries/vendor/joomla/database/src/Mysqli/MysqliDriver.php(269): mysqli->real_connect()
 2 /var/www/html/bmc1/libraries/vendor/joomla/session/src/Handler/DatabaseHandler.php(233): Joomla\Database\Mysqli\MysqliDriver->connect()
 3 [internal function]: Joomla\Session\Handler\DatabaseHandler->open()
 4 /var/www/html/bmc1/libraries/vendor/joomla/session/src/Storage/NativeStorage.php(481): session_start()
 5 /var/www/html/bmc1/libraries/src/Session/Storage/JoomlaStorage.php(306): Joomla\Session\Storage\NativeStorage->start()
 6 /var/www/html/bmc1/libraries/vendor/joomla/session/src/Session.php(406): Joomla\CMS\Session\Storage\JoomlaStorage->start()
 7 /var/www/html/bmc1/libraries/vendor/joomla/session/src/Session.php(333): Joomla\Session\Session->start()
 8 /var/www/html/bmc1/libraries/src/Session/Session.php(198): Joomla\Session\Session->has()
 9 APPPATH/Controllers/BaseController.php(60): Joomla\CMS\Session\Session->get()
10 SYSTEMPATH/CodeIgniter.php(859): App\Controllers\BaseController->initController()
11 SYSTEMPATH/CodeIgniter.php(457): CodeIgniter\CodeIgniter->createController()
12 SYSTEMPATH/CodeIgniter.php(349): CodeIgniter\CodeIgniter->handleRequest()
13 FCPATH/index.php(57): CodeIgniter\CodeIgniter->run()
CRITICAL - 2024-08-12 15:13:16 --> No route to host
in /var/www/html/bmc1/libraries/vendor/joomla/database/src/Mysqli/MysqliDriver.php on line 269.
 1 /var/www/html/bmc1/libraries/vendor/joomla/database/src/Mysqli/MysqliDriver.php(269): mysqli->real_connect()
 2 /var/www/html/bmc1/libraries/vendor/joomla/session/src/Handler/DatabaseHandler.php(233): Joomla\Database\Mysqli\MysqliDriver->connect()
 3 [internal function]: Joomla\Session\Handler\DatabaseHandler->open()
 4 /var/www/html/bmc1/libraries/vendor/joomla/session/src/Storage/NativeStorage.php(481): session_start()
 5 /var/www/html/bmc1/libraries/src/Session/Storage/JoomlaStorage.php(306): Joomla\Session\Storage\NativeStorage->start()
 6 /var/www/html/bmc1/libraries/vendor/joomla/session/src/Session.php(406): Joomla\CMS\Session\Storage\JoomlaStorage->start()
 7 /var/www/html/bmc1/libraries/vendor/joomla/session/src/Session.php(333): Joomla\Session\Session->start()
 8 /var/www/html/bmc1/libraries/src/Session/Session.php(198): Joomla\Session\Session->has()
 9 APPPATH/Controllers/BaseController.php(60): Joomla\CMS\Session\Session->get()
10 SYSTEMPATH/CodeIgniter.php(859): App\Controllers\BaseController->initController()
11 SYSTEMPATH/CodeIgniter.php(457): CodeIgniter\CodeIgniter->createController()
12 SYSTEMPATH/CodeIgniter.php(349): CodeIgniter\CodeIgniter->handleRequest()
13 FCPATH/index.php(57): CodeIgniter\CodeIgniter->run()
CRITICAL - 2024-08-12 15:13:19 --> No route to host
in /var/www/html/bmc1/libraries/vendor/joomla/database/src/Mysqli/MysqliDriver.php on line 269.
 1 /var/www/html/bmc1/libraries/vendor/joomla/database/src/Mysqli/MysqliDriver.php(269): mysqli->real_connect()
 2 /var/www/html/bmc1/libraries/vendor/joomla/session/src/Handler/DatabaseHandler.php(233): Joomla\Database\Mysqli\MysqliDriver->connect()
 3 [internal function]: Joomla\Session\Handler\DatabaseHandler->open()
 4 /var/www/html/bmc1/libraries/vendor/joomla/session/src/Storage/NativeStorage.php(481): session_start()
 5 /var/www/html/bmc1/libraries/src/Session/Storage/JoomlaStorage.php(306): Joomla\Session\Storage\NativeStorage->start()
 6 /var/www/html/bmc1/libraries/vendor/joomla/session/src/Session.php(406): Joomla\CMS\Session\Storage\JoomlaStorage->start()
 7 /var/www/html/bmc1/libraries/vendor/joomla/session/src/Session.php(333): Joomla\Session\Session->start()
 8 /var/www/html/bmc1/libraries/src/Session/Session.php(198): Joomla\Session\Session->has()
 9 APPPATH/Controllers/BaseController.php(60): Joomla\CMS\Session\Session->get()
10 SYSTEMPATH/CodeIgniter.php(859): App\Controllers\BaseController->initController()
11 SYSTEMPATH/CodeIgniter.php(457): CodeIgniter\CodeIgniter->createController()
12 SYSTEMPATH/CodeIgniter.php(349): CodeIgniter\CodeIgniter->handleRequest()
13 FCPATH/index.php(57): CodeIgniter\CodeIgniter->run()
CRITICAL - 2024-08-12 15:13:26 --> Connection timed out
in /var/www/html/bmc1/libraries/vendor/joomla/database/src/Mysqli/MysqliDriver.php on line 269.
 1 /var/www/html/bmc1/libraries/vendor/joomla/database/src/Mysqli/MysqliDriver.php(269): mysqli->real_connect()
 2 /var/www/html/bmc1/libraries/vendor/joomla/session/src/Handler/DatabaseHandler.php(233): Joomla\Database\Mysqli\MysqliDriver->connect()
 3 [internal function]: Joomla\Session\Handler\DatabaseHandler->open()
 4 /var/www/html/bmc1/libraries/vendor/joomla/session/src/Storage/NativeStorage.php(481): session_start()
 5 /var/www/html/bmc1/libraries/src/Session/Storage/JoomlaStorage.php(306): Joomla\Session\Storage\NativeStorage->start()
 6 /var/www/html/bmc1/libraries/vendor/joomla/session/src/Session.php(406): Joomla\CMS\Session\Storage\JoomlaStorage->start()
 7 /var/www/html/bmc1/libraries/vendor/joomla/session/src/Session.php(333): Joomla\Session\Session->start()
 8 /var/www/html/bmc1/libraries/src/Session/Session.php(198): Joomla\Session\Session->has()
 9 APPPATH/Controllers/BaseController.php(60): Joomla\CMS\Session\Session->get()
10 SYSTEMPATH/CodeIgniter.php(859): App\Controllers\BaseController->initController()
11 SYSTEMPATH/CodeIgniter.php(457): CodeIgniter\CodeIgniter->createController()
12 SYSTEMPATH/CodeIgniter.php(349): CodeIgniter\CodeIgniter->handleRequest()
13 FCPATH/index.php(57): CodeIgniter\CodeIgniter->run()
CRITICAL - 2024-08-12 15:13:31 --> Connection timed out
in /var/www/html/bmc1/libraries/vendor/joomla/database/src/Mysqli/MysqliDriver.php on line 269.
 1 /var/www/html/bmc1/libraries/vendor/joomla/database/src/Mysqli/MysqliDriver.php(269): mysqli->real_connect()
 2 /var/www/html/bmc1/libraries/vendor/joomla/session/src/Handler/DatabaseHandler.php(233): Joomla\Database\Mysqli\MysqliDriver->connect()
 3 [internal function]: Joomla\Session\Handler\DatabaseHandler->open()
 4 /var/www/html/bmc1/libraries/vendor/joomla/session/src/Storage/NativeStorage.php(481): session_start()
 5 /var/www/html/bmc1/libraries/src/Session/Storage/JoomlaStorage.php(306): Joomla\Session\Storage\NativeStorage->start()
 6 /var/www/html/bmc1/libraries/vendor/joomla/session/src/Session.php(406): Joomla\CMS\Session\Storage\JoomlaStorage->start()
 7 /var/www/html/bmc1/libraries/vendor/joomla/session/src/Session.php(333): Joomla\Session\Session->start()
 8 /var/www/html/bmc1/libraries/src/Session/Session.php(198): Joomla\Session\Session->has()
 9 APPPATH/Controllers/BaseController.php(60): Joomla\CMS\Session\Session->get()
10 SYSTEMPATH/CodeIgniter.php(859): App\Controllers\BaseController->initController()
11 SYSTEMPATH/CodeIgniter.php(457): CodeIgniter\CodeIgniter->createController()
12 SYSTEMPATH/CodeIgniter.php(349): CodeIgniter\CodeIgniter->handleRequest()
13 FCPATH/index.php(57): CodeIgniter\CodeIgniter->run()
CRITICAL - 2024-08-12 15:13:31 --> Connection timed out
in /var/www/html/bmc1/libraries/vendor/joomla/database/src/Mysqli/MysqliDriver.php on line 269.
 1 /var/www/html/bmc1/libraries/vendor/joomla/database/src/Mysqli/MysqliDriver.php(269): mysqli->real_connect()
 2 /var/www/html/bmc1/libraries/vendor/joomla/session/src/Handler/DatabaseHandler.php(233): Joomla\Database\Mysqli\MysqliDriver->connect()
 3 [internal function]: Joomla\Session\Handler\DatabaseHandler->open()
 4 /var/www/html/bmc1/libraries/vendor/joomla/session/src/Storage/NativeStorage.php(481): session_start()
 5 /var/www/html/bmc1/libraries/src/Session/Storage/JoomlaStorage.php(306): Joomla\Session\Storage\NativeStorage->start()
 6 /var/www/html/bmc1/libraries/vendor/joomla/session/src/Session.php(406): Joomla\CMS\Session\Storage\JoomlaStorage->start()
 7 /var/www/html/bmc1/libraries/vendor/joomla/session/src/Session.php(333): Joomla\Session\Session->start()
 8 /var/www/html/bmc1/libraries/src/Session/Session.php(198): Joomla\Session\Session->has()
 9 APPPATH/Controllers/BaseController.php(60): Joomla\CMS\Session\Session->get()
10 SYSTEMPATH/CodeIgniter.php(859): App\Controllers\BaseController->initController()
11 SYSTEMPATH/CodeIgniter.php(457): CodeIgniter\CodeIgniter->createController()
12 SYSTEMPATH/CodeIgniter.php(349): CodeIgniter\CodeIgniter->handleRequest()
13 FCPATH/index.php(57): CodeIgniter\CodeIgniter->run()
CRITICAL - 2024-08-12 15:13:31 --> No route to host
in /var/www/html/bmc1/libraries/vendor/joomla/database/src/Mysqli/MysqliDriver.php on line 269.
 1 /var/www/html/bmc1/libraries/vendor/joomla/database/src/Mysqli/MysqliDriver.php(269): mysqli->real_connect()
 2 /var/www/html/bmc1/libraries/vendor/joomla/session/src/Handler/DatabaseHandler.php(233): Joomla\Database\Mysqli\MysqliDriver->connect()
 3 [internal function]: Joomla\Session\Handler\DatabaseHandler->open()
 4 /var/www/html/bmc1/libraries/vendor/joomla/session/src/Storage/NativeStorage.php(481): session_start()
 5 /var/www/html/bmc1/libraries/src/Session/Storage/JoomlaStorage.php(306): Joomla\Session\Storage\NativeStorage->start()
 6 /var/www/html/bmc1/libraries/vendor/joomla/session/src/Session.php(406): Joomla\CMS\Session\Storage\JoomlaStorage->start()
 7 /var/www/html/bmc1/libraries/vendor/joomla/session/src/Session.php(333): Joomla\Session\Session->start()
 8 /var/www/html/bmc1/libraries/src/Session/Session.php(198): Joomla\Session\Session->has()
 9 APPPATH/Controllers/BaseController.php(60): Joomla\CMS\Session\Session->get()
10 SYSTEMPATH/CodeIgniter.php(859): App\Controllers\BaseController->initController()
11 SYSTEMPATH/CodeIgniter.php(457): CodeIgniter\CodeIgniter->createController()
12 SYSTEMPATH/CodeIgniter.php(349): CodeIgniter\CodeIgniter->handleRequest()
13 FCPATH/index.php(57): CodeIgniter\CodeIgniter->run()
CRITICAL - 2024-08-12 15:13:31 --> No route to host
in /var/www/html/bmc1/libraries/vendor/joomla/database/src/Mysqli/MysqliDriver.php on line 269.
 1 /var/www/html/bmc1/libraries/vendor/joomla/database/src/Mysqli/MysqliDriver.php(269): mysqli->real_connect()
 2 /var/www/html/bmc1/libraries/vendor/joomla/session/src/Handler/DatabaseHandler.php(233): Joomla\Database\Mysqli\MysqliDriver->connect()
 3 [internal function]: Joomla\Session\Handler\DatabaseHandler->open()
 4 /var/www/html/bmc1/libraries/vendor/joomla/session/src/Storage/NativeStorage.php(481): session_start()
 5 /var/www/html/bmc1/libraries/src/Session/Storage/JoomlaStorage.php(306): Joomla\Session\Storage\NativeStorage->start()
 6 /var/www/html/bmc1/libraries/vendor/joomla/session/src/Session.php(406): Joomla\CMS\Session\Storage\JoomlaStorage->start()
 7 /var/www/html/bmc1/libraries/vendor/joomla/session/src/Session.php(333): Joomla\Session\Session->start()
 8 /var/www/html/bmc1/libraries/src/Session/Session.php(198): Joomla\Session\Session->has()
 9 APPPATH/Controllers/BaseController.php(60): Joomla\CMS\Session\Session->get()
10 SYSTEMPATH/CodeIgniter.php(859): App\Controllers\BaseController->initController()
11 SYSTEMPATH/CodeIgniter.php(457): CodeIgniter\CodeIgniter->createController()
12 SYSTEMPATH/CodeIgniter.php(349): CodeIgniter\CodeIgniter->handleRequest()
13 FCPATH/index.php(57): CodeIgniter\CodeIgniter->run()
ERROR - 2024-08-12 15:14:01 --> Got error 4009 'Cluster Failure' from NDBCLUSTER
CRITICAL - 2024-08-12 15:14:01 --> Got error 4009 'Cluster Failure' from NDBCLUSTER
in SYSTEMPATH/Database/MySQLi/Connection.php on line 292.
 1 SYSTEMPATH/Database/MySQLi/Connection.php(292): mysqli->query()
 2 SYSTEMPATH/Database/BaseConnection.php(695): CodeIgniter\Database\MySQLi\Connection->execute()
 3 SYSTEMPATH/Database/BaseConnection.php(609): CodeIgniter\Database\BaseConnection->simpleQuery()
 4 APPPATH/Models/Engine.php(554): CodeIgniter\Database\BaseConnection->query()
 5 APPPATH/Controllers/BaseController.php(77): App\Models\Engine->getLanguages()
 6 SYSTEMPATH/CodeIgniter.php(859): App\Controllers\BaseController->initController()
 7 SYSTEMPATH/CodeIgniter.php(457): CodeIgniter\CodeIgniter->createController()
 8 SYSTEMPATH/CodeIgniter.php(349): CodeIgniter\CodeIgniter->handleRequest()
 9 FCPATH/index.php(57): CodeIgniter\CodeIgniter->run()
ERROR - 2024-08-12 15:14:01 --> Got error 4009 'Cluster Failure' from NDBCLUSTER
CRITICAL - 2024-08-12 15:14:01 --> Got error 4009 'Cluster Failure' from NDBCLUSTER
in SYSTEMPATH/Database/MySQLi/Connection.php on line 292.
 1 SYSTEMPATH/Database/MySQLi/Connection.php(292): mysqli->query()
 2 SYSTEMPATH/Database/BaseConnection.php(695): CodeIgniter\Database\MySQLi\Connection->execute()
 3 SYSTEMPATH/Database/BaseConnection.php(609): CodeIgniter\Database\BaseConnection->simpleQuery()
 4 APPPATH/Models/Engine.php(554): CodeIgniter\Database\BaseConnection->query()
 5 APPPATH/Controllers/BaseController.php(77): App\Models\Engine->getLanguages()
 6 SYSTEMPATH/CodeIgniter.php(859): App\Controllers\BaseController->initController()
 7 SYSTEMPATH/CodeIgniter.php(457): CodeIgniter\CodeIgniter->createController()
 8 SYSTEMPATH/CodeIgniter.php(349): CodeIgniter\CodeIgniter->handleRequest()
 9 FCPATH/index.php(57): CodeIgniter\CodeIgniter->run()
ERROR - 2024-08-12 15:14:34 --> Got error 4009 'Cluster Failure' from NDBCLUSTER
CRITICAL - 2024-08-12 15:14:34 --> Got error 4009 'Cluster Failure' from NDBCLUSTER
in SYSTEMPATH/Database/MySQLi/Connection.php on line 292.
 1 SYSTEMPATH/Database/MySQLi/Connection.php(292): mysqli->query()
 2 SYSTEMPATH/Database/BaseConnection.php(695): CodeIgniter\Database\MySQLi\Connection->execute()
 3 SYSTEMPATH/Database/BaseConnection.php(609): CodeIgniter\Database\BaseConnection->simpleQuery()
 4 APPPATH/Models/Engine.php(554): CodeIgniter\Database\BaseConnection->query()
 5 APPPATH/Controllers/BaseController.php(77): App\Models\Engine->getLanguages()
 6 SYSTEMPATH/CodeIgniter.php(859): App\Controllers\BaseController->initController()
 7 SYSTEMPATH/CodeIgniter.php(457): CodeIgniter\CodeIgniter->createController()
 8 SYSTEMPATH/CodeIgniter.php(349): CodeIgniter\CodeIgniter->handleRequest()
 9 FCPATH/index.php(57): CodeIgniter\CodeIgniter->run()
ERROR - 2024-08-12 15:14:34 --> Got error 4009 'Cluster Failure' from NDBCLUSTER
CRITICAL - 2024-08-12 15:14:34 --> Got error 4009 'Cluster Failure' from NDBCLUSTER
in SYSTEMPATH/Database/MySQLi/Connection.php on line 292.
 1 SYSTEMPATH/Database/MySQLi/Connection.php(292): mysqli->query()
 2 SYSTEMPATH/Database/BaseConnection.php(695): CodeIgniter\Database\MySQLi\Connection->execute()
 3 SYSTEMPATH/Database/BaseConnection.php(609): CodeIgniter\Database\BaseConnection->simpleQuery()
 4 APPPATH/Models/Engine.php(554): CodeIgniter\Database\BaseConnection->query()
 5 APPPATH/Controllers/BaseController.php(77): App\Models\Engine->getLanguages()
 6 SYSTEMPATH/CodeIgniter.php(859): App\Controllers\BaseController->initController()
 7 SYSTEMPATH/CodeIgniter.php(457): CodeIgniter\CodeIgniter->createController()
 8 SYSTEMPATH/CodeIgniter.php(349): CodeIgniter\CodeIgniter->handleRequest()
 9 FCPATH/index.php(57): CodeIgniter\CodeIgniter->run()
ERROR - 2024-08-12 15:19:56 --> Got error 4009 'Cluster Failure' from NDBCLUSTER
CRITICAL - 2024-08-12 15:19:56 --> Got error 4009 'Cluster Failure' from NDBCLUSTER
in SYSTEMPATH/Database/MySQLi/Connection.php on line 292.
 1 SYSTEMPATH/Database/MySQLi/Connection.php(292): mysqli->query()
 2 SYSTEMPATH/Database/BaseConnection.php(695): CodeIgniter\Database\MySQLi\Connection->execute()
 3 SYSTEMPATH/Database/BaseConnection.php(609): CodeIgniter\Database\BaseConnection->simpleQuery()
 4 APPPATH/Models/Engine.php(554): CodeIgniter\Database\BaseConnection->query()
 5 APPPATH/Controllers/BaseController.php(77): App\Models\Engine->getLanguages()
 6 SYSTEMPATH/CodeIgniter.php(859): App\Controllers\BaseController->initController()
 7 SYSTEMPATH/CodeIgniter.php(457): CodeIgniter\CodeIgniter->createController()
 8 SYSTEMPATH/CodeIgniter.php(349): CodeIgniter\CodeIgniter->handleRequest()
 9 FCPATH/index.php(57): CodeIgniter\CodeIgniter->run()
ERROR - 2024-08-12 15:24:26 --> Got error 4009 'Cluster Failure' from NDBCLUSTER
CRITICAL - 2024-08-12 15:24:26 --> Got error 4009 'Cluster Failure' from NDBCLUSTER
in SYSTEMPATH/Database/MySQLi/Connection.php on line 292.
 1 SYSTEMPATH/Database/MySQLi/Connection.php(292): mysqli->query()
 2 SYSTEMPATH/Database/BaseConnection.php(695): CodeIgniter\Database\MySQLi\Connection->execute()
 3 SYSTEMPATH/Database/BaseConnection.php(609): CodeIgniter\Database\BaseConnection->simpleQuery()
 4 APPPATH/Models/Engine.php(554): CodeIgniter\Database\BaseConnection->query()
 5 APPPATH/Controllers/BaseController.php(77): App\Models\Engine->getLanguages()
 6 SYSTEMPATH/CodeIgniter.php(859): App\Controllers\BaseController->initController()
 7 SYSTEMPATH/CodeIgniter.php(457): CodeIgniter\CodeIgniter->createController()
 8 SYSTEMPATH/CodeIgniter.php(349): CodeIgniter\CodeIgniter->handleRequest()
 9 FCPATH/index.php(57): CodeIgniter\CodeIgniter->run()
ERROR - 2024-08-12 15:24:26 --> Got error 4009 'Cluster Failure' from NDBCLUSTER
CRITICAL - 2024-08-12 15:24:26 --> Got error 4009 'Cluster Failure' from NDBCLUSTER
in SYSTEMPATH/Database/MySQLi/Connection.php on line 292.
 1 SYSTEMPATH/Database/MySQLi/Connection.php(292): mysqli->query()
 2 SYSTEMPATH/Database/BaseConnection.php(695): CodeIgniter\Database\MySQLi\Connection->execute()
 3 SYSTEMPATH/Database/BaseConnection.php(609): CodeIgniter\Database\BaseConnection->simpleQuery()
 4 APPPATH/Models/Engine.php(554): CodeIgniter\Database\BaseConnection->query()
 5 APPPATH/Controllers/BaseController.php(77): App\Models\Engine->getLanguages()
 6 SYSTEMPATH/CodeIgniter.php(859): App\Controllers\BaseController->initController()
 7 SYSTEMPATH/CodeIgniter.php(457): CodeIgniter\CodeIgniter->createController()
 8 SYSTEMPATH/CodeIgniter.php(349): CodeIgniter\CodeIgniter->handleRequest()
 9 FCPATH/index.php(57): CodeIgniter\CodeIgniter->run()
ERROR - 2024-08-12 15:26:06 --> Got error 4009 'Cluster Failure' from NDBCLUSTER
CRITICAL - 2024-08-12 15:26:06 --> Got error 4009 'Cluster Failure' from NDBCLUSTER
in SYSTEMPATH/Database/MySQLi/Connection.php on line 292.
 1 SYSTEMPATH/Database/MySQLi/Connection.php(292): mysqli->query()
 2 SYSTEMPATH/Database/BaseConnection.php(695): CodeIgniter\Database\MySQLi\Connection->execute()
 3 SYSTEMPATH/Database/BaseConnection.php(609): CodeIgniter\Database\BaseConnection->simpleQuery()
 4 APPPATH/Models/Engine.php(554): CodeIgniter\Database\BaseConnection->query()
 5 APPPATH/Controllers/BaseController.php(77): App\Models\Engine->getLanguages()
 6 SYSTEMPATH/CodeIgniter.php(859): App\Controllers\BaseController->initController()
 7 SYSTEMPATH/CodeIgniter.php(457): CodeIgniter\CodeIgniter->createController()
 8 SYSTEMPATH/CodeIgniter.php(349): CodeIgniter\CodeIgniter->handleRequest()
 9 FCPATH/index.php(57): CodeIgniter\CodeIgniter->run()
ERROR - 2024-08-12 15:26:07 --> Got error 4009 'Cluster Failure' from NDBCLUSTER
CRITICAL - 2024-08-12 15:26:07 --> Got error 4009 'Cluster Failure' from NDBCLUSTER
in SYSTEMPATH/Database/MySQLi/Connection.php on line 292.
 1 SYSTEMPATH/Database/MySQLi/Connection.php(292): mysqli->query()
 2 SYSTEMPATH/Database/BaseConnection.php(695): CodeIgniter\Database\MySQLi\Connection->execute()
 3 SYSTEMPATH/Database/BaseConnection.php(609): CodeIgniter\Database\BaseConnection->simpleQuery()
 4 APPPATH/Models/Engine.php(554): CodeIgniter\Database\BaseConnection->query()
 5 APPPATH/Controllers/BaseController.php(77): App\Models\Engine->getLanguages()
 6 SYSTEMPATH/CodeIgniter.php(859): App\Controllers\BaseController->initController()
 7 SYSTEMPATH/CodeIgniter.php(457): CodeIgniter\CodeIgniter->createController()
 8 SYSTEMPATH/CodeIgniter.php(349): CodeIgniter\CodeIgniter->handleRequest()
 9 FCPATH/index.php(57): CodeIgniter\CodeIgniter->run()
ERROR - 2024-08-12 15:26:08 --> Got error 4009 'Cluster Failure' from NDBCLUSTER
CRITICAL - 2024-08-12 15:26:08 --> Got error 4009 'Cluster Failure' from NDBCLUSTER
in SYSTEMPATH/Database/MySQLi/Connection.php on line 292.
 1 SYSTEMPATH/Database/MySQLi/Connection.php(292): mysqli->query()
 2 SYSTEMPATH/Database/BaseConnection.php(695): CodeIgniter\Database\MySQLi\Connection->execute()
 3 SYSTEMPATH/Database/BaseConnection.php(609): CodeIgniter\Database\BaseConnection->simpleQuery()
 4 APPPATH/Models/Engine.php(554): CodeIgniter\Database\BaseConnection->query()
 5 APPPATH/Controllers/BaseController.php(77): App\Models\Engine->getLanguages()
 6 SYSTEMPATH/CodeIgniter.php(859): App\Controllers\BaseController->initController()
 7 SYSTEMPATH/CodeIgniter.php(457): CodeIgniter\CodeIgniter->createController()
 8 SYSTEMPATH/CodeIgniter.php(349): CodeIgniter\CodeIgniter->handleRequest()
 9 FCPATH/index.php(57): CodeIgniter\CodeIgniter->run()
ERROR - 2024-08-12 15:33:44 --> Got error 4009 'Cluster Failure' from NDBCLUSTER
CRITICAL - 2024-08-12 15:33:44 --> Got error 4009 'Cluster Failure' from NDBCLUSTER
in SYSTEMPATH/Database/MySQLi/Connection.php on line 292.
 1 SYSTEMPATH/Database/MySQLi/Connection.php(292): mysqli->query()
 2 SYSTEMPATH/Database/BaseConnection.php(695): CodeIgniter\Database\MySQLi\Connection->execute()
 3 SYSTEMPATH/Database/BaseConnection.php(609): CodeIgniter\Database\BaseConnection->simpleQuery()
 4 APPPATH/Models/Engine.php(554): CodeIgniter\Database\BaseConnection->query()
 5 APPPATH/Controllers/BaseController.php(77): App\Models\Engine->getLanguages()
 6 SYSTEMPATH/CodeIgniter.php(859): App\Controllers\BaseController->initController()
 7 SYSTEMPATH/CodeIgniter.php(457): CodeIgniter\CodeIgniter->createController()
 8 SYSTEMPATH/CodeIgniter.php(349): CodeIgniter\CodeIgniter->handleRequest()
 9 FCPATH/index.php(57): CodeIgniter\CodeIgniter->run()
ERROR - 2024-08-12 15:48:12 --> Got error 4009 'Cluster Failure' from NDBCLUSTER
CRITICAL - 2024-08-12 15:48:12 --> Got error 4009 'Cluster Failure' from NDBCLUSTER
in SYSTEMPATH/Database/MySQLi/Connection.php on line 292.
 1 SYSTEMPATH/Database/MySQLi/Connection.php(292): mysqli->query()
 2 SYSTEMPATH/Database/BaseConnection.php(695): CodeIgniter\Database\MySQLi\Connection->execute()
 3 SYSTEMPATH/Database/BaseConnection.php(609): CodeIgniter\Database\BaseConnection->simpleQuery()
 4 APPPATH/Models/Engine.php(554): CodeIgniter\Database\BaseConnection->query()
 5 APPPATH/Controllers/BaseController.php(77): App\Models\Engine->getLanguages()
 6 SYSTEMPATH/CodeIgniter.php(859): App\Controllers\BaseController->initController()
 7 SYSTEMPATH/CodeIgniter.php(457): CodeIgniter\CodeIgniter->createController()
 8 SYSTEMPATH/CodeIgniter.php(349): CodeIgniter\CodeIgniter->handleRequest()
 9 FCPATH/index.php(57): CodeIgniter\CodeIgniter->run()
ERROR - 2024-08-12 16:18:31 --> Got error 4009 'Cluster Failure' from NDBCLUSTER
ERROR - 2024-08-12 16:18:31 --> Got error 4009 'Cluster Failure' from NDBCLUSTER
CRITICAL - 2024-08-12 16:18:31 --> Got error 4009 'Cluster Failure' from NDBCLUSTER
in SYSTEMPATH/Database/MySQLi/Connection.php on line 292.
 1 SYSTEMPATH/Database/MySQLi/Connection.php(292): mysqli->query()
 2 SYSTEMPATH/Database/BaseConnection.php(695): CodeIgniter\Database\MySQLi\Connection->execute()
 3 SYSTEMPATH/Database/BaseConnection.php(609): CodeIgniter\Database\BaseConnection->simpleQuery()
 4 APPPATH/Models/Engine.php(554): CodeIgniter\Database\BaseConnection->query()
 5 APPPATH/Controllers/BaseController.php(77): App\Models\Engine->getLanguages()
 6 SYSTEMPATH/CodeIgniter.php(859): App\Controllers\BaseController->initController()
 7 SYSTEMPATH/CodeIgniter.php(457): CodeIgniter\CodeIgniter->createController()
 8 SYSTEMPATH/CodeIgniter.php(349): CodeIgniter\CodeIgniter->handleRequest()
 9 FCPATH/index.php(57): CodeIgniter\CodeIgniter->run()
CRITICAL - 2024-08-12 16:18:31 --> Got error 4009 'Cluster Failure' from NDBCLUSTER
in SYSTEMPATH/Database/MySQLi/Connection.php on line 292.
 1 SYSTEMPATH/Database/MySQLi/Connection.php(292): mysqli->query()
 2 SYSTEMPATH/Database/BaseConnection.php(695): CodeIgniter\Database\MySQLi\Connection->execute()
 3 SYSTEMPATH/Database/BaseConnection.php(609): CodeIgniter\Database\BaseConnection->simpleQuery()
 4 APPPATH/Models/Engine.php(554): CodeIgniter\Database\BaseConnection->query()
 5 APPPATH/Controllers/BaseController.php(77): App\Models\Engine->getLanguages()
 6 SYSTEMPATH/CodeIgniter.php(859): App\Controllers\BaseController->initController()
 7 SYSTEMPATH/CodeIgniter.php(457): CodeIgniter\CodeIgniter->createController()
 8 SYSTEMPATH/CodeIgniter.php(349): CodeIgniter\CodeIgniter->handleRequest()
 9 FCPATH/index.php(57): CodeIgniter\CodeIgniter->run()
ERROR - 2024-08-12 16:18:32 --> Got error 4009 'Cluster Failure' from NDBCLUSTER
CRITICAL - 2024-08-12 16:18:32 --> Got error 4009 'Cluster Failure' from NDBCLUSTER
in SYSTEMPATH/Database/MySQLi/Connection.php on line 292.
 1 SYSTEMPATH/Database/MySQLi/Connection.php(292): mysqli->query()
 2 SYSTEMPATH/Database/BaseConnection.php(695): CodeIgniter\Database\MySQLi\Connection->execute()
 3 SYSTEMPATH/Database/BaseConnection.php(609): CodeIgniter\Database\BaseConnection->simpleQuery()
 4 APPPATH/Models/Engine.php(554): CodeIgniter\Database\BaseConnection->query()
 5 APPPATH/Controllers/BaseController.php(77): App\Models\Engine->getLanguages()
 6 SYSTEMPATH/CodeIgniter.php(859): App\Controllers\BaseController->initController()
 7 SYSTEMPATH/CodeIgniter.php(457): CodeIgniter\CodeIgniter->createController()
 8 SYSTEMPATH/CodeIgniter.php(349): CodeIgniter\CodeIgniter->handleRequest()
 9 FCPATH/index.php(57): CodeIgniter\CodeIgniter->run()
ERROR - 2024-08-12 16:54:01 --> Got error 4009 'Cluster Failure' from NDBCLUSTER
CRITICAL - 2024-08-12 16:54:01 --> Got error 4009 'Cluster Failure' from NDBCLUSTER
in SYSTEMPATH/Database/MySQLi/Connection.php on line 292.
 1 SYSTEMPATH/Database/MySQLi/Connection.php(292): mysqli->query()
 2 SYSTEMPATH/Database/BaseConnection.php(695): CodeIgniter\Database\MySQLi\Connection->execute()
 3 SYSTEMPATH/Database/BaseConnection.php(609): CodeIgniter\Database\BaseConnection->simpleQuery()
 4 APPPATH/Models/Engine.php(554): CodeIgniter\Database\BaseConnection->query()
 5 APPPATH/Controllers/BaseController.php(77): App\Models\Engine->getLanguages()
 6 SYSTEMPATH/CodeIgniter.php(859): App\Controllers\BaseController->initController()
 7 SYSTEMPATH/CodeIgniter.php(457): CodeIgniter\CodeIgniter->createController()
 8 SYSTEMPATH/CodeIgniter.php(349): CodeIgniter\CodeIgniter->handleRequest()
 9 FCPATH/index.php(57): CodeIgniter\CodeIgniter->run()
ERROR - 2024-08-12 16:54:02 --> Got error 4009 'Cluster Failure' from NDBCLUSTER
CRITICAL - 2024-08-12 16:54:02 --> Got error 4009 'Cluster Failure' from NDBCLUSTER
in SYSTEMPATH/Database/MySQLi/Connection.php on line 292.
 1 SYSTEMPATH/Database/MySQLi/Connection.php(292): mysqli->query()
 2 SYSTEMPATH/Database/BaseConnection.php(695): CodeIgniter\Database\MySQLi\Connection->execute()
 3 SYSTEMPATH/Database/BaseConnection.php(609): CodeIgniter\Database\BaseConnection->simpleQuery()
 4 APPPATH/Models/Engine.php(554): CodeIgniter\Database\BaseConnection->query()
 5 APPPATH/Controllers/BaseController.php(77): App\Models\Engine->getLanguages()
 6 SYSTEMPATH/CodeIgniter.php(859): App\Controllers\BaseController->initController()
 7 SYSTEMPATH/CodeIgniter.php(457): CodeIgniter\CodeIgniter->createController()
 8 SYSTEMPATH/CodeIgniter.php(349): CodeIgniter\CodeIgniter->handleRequest()
 9 FCPATH/index.php(57): CodeIgniter\CodeIgniter->run()
ERROR - 2024-08-12 19:15:52 --> Got error 4009 'Cluster Failure' from NDBCLUSTER
CRITICAL - 2024-08-12 19:15:52 --> Got error 4009 'Cluster Failure' from NDBCLUSTER
in SYSTEMPATH/Database/MySQLi/Connection.php on line 292.
 1 SYSTEMPATH/Database/MySQLi/Connection.php(292): mysqli->query()
 2 SYSTEMPATH/Database/BaseConnection.php(695): CodeIgniter\Database\MySQLi\Connection->execute()
 3 SYSTEMPATH/Database/BaseConnection.php(609): CodeIgniter\Database\BaseConnection->simpleQuery()
 4 APPPATH/Models/Engine.php(554): CodeIgniter\Database\BaseConnection->query()
 5 APPPATH/Controllers/BaseController.php(77): App\Models\Engine->getLanguages()
 6 SYSTEMPATH/CodeIgniter.php(859): App\Controllers\BaseController->initController()
 7 SYSTEMPATH/CodeIgniter.php(457): CodeIgniter\CodeIgniter->createController()
 8 SYSTEMPATH/CodeIgniter.php(349): CodeIgniter\CodeIgniter->handleRequest()
 9 FCPATH/index.php(57): CodeIgniter\CodeIgniter->run()
ERROR - 2024-08-12 22:25:34 --> Got error 4009 'Cluster Failure' from NDBCLUSTER
ERROR - 2024-08-12 22:25:34 --> Got error 4009 'Cluster Failure' from NDBCLUSTER
CRITICAL - 2024-08-12 22:25:34 --> Got error 4009 'Cluster Failure' from NDBCLUSTER
in SYSTEMPATH/Database/MySQLi/Connection.php on line 292.
 1 SYSTEMPATH/Database/MySQLi/Connection.php(292): mysqli->query()
 2 SYSTEMPATH/Database/BaseConnection.php(695): CodeIgniter\Database\MySQLi\Connection->execute()
 3 SYSTEMPATH/Database/BaseConnection.php(609): CodeIgniter\Database\BaseConnection->simpleQuery()
 4 APPPATH/Models/Engine.php(554): CodeIgniter\Database\BaseConnection->query()
 5 APPPATH/Controllers/BaseController.php(77): App\Models\Engine->getLanguages()
 6 SYSTEMPATH/CodeIgniter.php(859): App\Controllers\BaseController->initController()
 7 SYSTEMPATH/CodeIgniter.php(457): CodeIgniter\CodeIgniter->createController()
 8 SYSTEMPATH/CodeIgniter.php(349): CodeIgniter\CodeIgniter->handleRequest()
 9 FCPATH/index.php(57): CodeIgniter\CodeIgniter->run()
CRITICAL - 2024-08-12 22:25:34 --> Got error 4009 'Cluster Failure' from NDBCLUSTER
in SYSTEMPATH/Database/MySQLi/Connection.php on line 292.
 1 SYSTEMPATH/Database/MySQLi/Connection.php(292): mysqli->query()
 2 SYSTEMPATH/Database/BaseConnection.php(695): CodeIgniter\Database\MySQLi\Connection->execute()
 3 SYSTEMPATH/Database/BaseConnection.php(609): CodeIgniter\Database\BaseConnection->simpleQuery()
 4 APPPATH/Models/Engine.php(554): CodeIgniter\Database\BaseConnection->query()
 5 APPPATH/Controllers/BaseController.php(77): App\Models\Engine->getLanguages()
 6 SYSTEMPATH/CodeIgniter.php(859): App\Controllers\BaseController->initController()
 7 SYSTEMPATH/CodeIgniter.php(457): CodeIgniter\CodeIgniter->createController()
 8 SYSTEMPATH/CodeIgniter.php(349): CodeIgniter\CodeIgniter->handleRequest()
 9 FCPATH/index.php(57): CodeIgniter\CodeIgniter->run()
ERROR - 2024-08-12 22:30:59 --> Got error 4009 'Cluster Failure' from NDBCLUSTER
CRITICAL - 2024-08-12 22:30:59 --> Got error 4009 'Cluster Failure' from NDBCLUSTER
in SYSTEMPATH/Database/MySQLi/Connection.php on line 292.
 1 SYSTEMPATH/Database/MySQLi/Connection.php(292): mysqli->query()
 2 SYSTEMPATH/Database/BaseConnection.php(695): CodeIgniter\Database\MySQLi\Connection->execute()
 3 SYSTEMPATH/Database/BaseConnection.php(609): CodeIgniter\Database\BaseConnection->simpleQuery()
 4 APPPATH/Models/Engine.php(554): CodeIgniter\Database\BaseConnection->query()
 5 APPPATH/Controllers/BaseController.php(77): App\Models\Engine->getLanguages()
 6 SYSTEMPATH/CodeIgniter.php(859): App\Controllers\BaseController->initController()
 7 SYSTEMPATH/CodeIgniter.php(457): CodeIgniter\CodeIgniter->createController()
 8 SYSTEMPATH/CodeIgniter.php(349): CodeIgniter\CodeIgniter->handleRequest()
 9 FCPATH/index.php(57): CodeIgniter\CodeIgniter->run()
ERROR - 2024-08-12 23:34:51 --> Got error 4009 'Cluster Failure' from NDBCLUSTER
CRITICAL - 2024-08-12 23:34:51 --> Got error 4009 'Cluster Failure' from NDBCLUSTER
in SYSTEMPATH/Database/MySQLi/Connection.php on line 292.
 1 SYSTEMPATH/Database/MySQLi/Connection.php(292): mysqli->query()
 2 SYSTEMPATH/Database/BaseConnection.php(695): CodeIgniter\Database\MySQLi\Connection->execute()
 3 SYSTEMPATH/Database/BaseConnection.php(609): CodeIgniter\Database\BaseConnection->simpleQuery()
 4 APPPATH/Models/Engine.php(554): CodeIgniter\Database\BaseConnection->query()
 5 APPPATH/Controllers/BaseController.php(77): App\Models\Engine->getLanguages()
 6 SYSTEMPATH/CodeIgniter.php(859): App\Controllers\BaseController->initController()
 7 SYSTEMPATH/CodeIgniter.php(457): CodeIgniter\CodeIgniter->createController()
 8 SYSTEMPATH/CodeIgniter.php(349): CodeIgniter\CodeIgniter->handleRequest()
 9 FCPATH/index.php(57): CodeIgniter\CodeIgniter->run()
ERROR - 2024-08-12 23:34:51 --> Got error 4009 'Cluster Failure' from NDBCLUSTER
CRITICAL - 2024-08-12 23:34:51 --> Got error 4009 'Cluster Failure' from NDBCLUSTER
in SYSTEMPATH/Database/MySQLi/Connection.php on line 292.
 1 SYSTEMPATH/Database/MySQLi/Connection.php(292): mysqli->query()
 2 SYSTEMPATH/Database/BaseConnection.php(695): CodeIgniter\Database\MySQLi\Connection->execute()
 3 SYSTEMPATH/Database/BaseConnection.php(609): CodeIgniter\Database\BaseConnection->simpleQuery()
 4 APPPATH/Models/Engine.php(554): CodeIgniter\Database\BaseConnection->query()
 5 APPPATH/Controllers/BaseController.php(77): App\Models\Engine->getLanguages()
 6 SYSTEMPATH/CodeIgniter.php(859): App\Controllers\BaseController->initController()
 7 SYSTEMPATH/CodeIgniter.php(457): CodeIgniter\CodeIgniter->createController()
 8 SYSTEMPATH/CodeIgniter.php(349): CodeIgniter\CodeIgniter->handleRequest()
 9 FCPATH/index.php(57): CodeIgniter\CodeIgniter->run()
