CRITICAL - 2022-09-22 08:28:43 --> Undefined variable: monthArr
in APPPATH\Views\dispChartData.php on line 2.
 1 APPPATH\Views\dispChartData.php(2): CodeIgniter\Debug\Exceptions->errorHandler(8, 'Undefined variable: monthArr', 'APPPATH\\Views\\dispChartData.php', 2, [])
 2 SYSTEMPATH\View\View.php(213): include('APPPATH\\Views\\dispChartData.php')
 3 SYSTEMPATH\View\View.php(216): CodeIgniter\View\View->CodeIgniter\View\{closure}()
 4 SYSTEMPATH\Common.php(1135): CodeIgniter\View\View->render('dispChartData', [], true)
 5 APPPATH\Controllers\Dashboard.php(110): view('dispChartData')
 6 SYSTEMPATH\CodeIgniter.php(896): App\Controllers\Dashboard->fetchartdata()
 7 SYSTEMPATH\CodeIgniter.php(466): CodeIgniter\CodeIgniter->runController(Object(App\Controllers\Dashboard))
 8 SYSTEMPATH\CodeIgniter.php(349): CodeIgniter\CodeIgniter->handleRequest(null, Object(Config\Cache), false)
 9 FCPATH\index.php(57): CodeIgniter\CodeIgniter->run()
CRITICAL - 2022-09-22 08:28:51 --> Undefined variable: monthArr
in APPPATH\Views\dispChartData.php on line 2.
 1 APPPATH\Views\dispChartData.php(2): CodeIgniter\Debug\Exceptions->errorHandler(8, 'Undefined variable: monthArr', 'APPPATH\\Views\\dispChartData.php', 2, [])
 2 SYSTEMPATH\View\View.php(213): include('APPPATH\\Views\\dispChartData.php')
 3 SYSTEMPATH\View\View.php(216): CodeIgniter\View\View->CodeIgniter\View\{closure}()
 4 SYSTEMPATH\Common.php(1135): CodeIgniter\View\View->render('dispChartData', [], true)
 5 APPPATH\Controllers\Dashboard.php(110): view('dispChartData')
 6 SYSTEMPATH\CodeIgniter.php(896): App\Controllers\Dashboard->fetchartdata()
 7 SYSTEMPATH\CodeIgniter.php(466): CodeIgniter\CodeIgniter->runController(Object(App\Controllers\Dashboard))
 8 SYSTEMPATH\CodeIgniter.php(349): CodeIgniter\CodeIgniter->handleRequest(null, Object(Config\Cache), false)
 9 FCPATH\index.php(57): CodeIgniter\CodeIgniter->run()
CRITICAL - 2022-09-22 08:29:36 --> Undefined variable: monthArr
in APPPATH\Views\dispChartData.php on line 2.
 1 APPPATH\Views\dispChartData.php(2): CodeIgniter\Debug\Exceptions->errorHandler(8, 'Undefined variable: monthArr', 'APPPATH\\Views\\dispChartData.php', 2, [])
 2 SYSTEMPATH\View\View.php(213): include('APPPATH\\Views\\dispChartData.php')
 3 SYSTEMPATH\View\View.php(216): CodeIgniter\View\View->CodeIgniter\View\{closure}()
 4 SYSTEMPATH\Common.php(1135): CodeIgniter\View\View->render('dispChartData', [], true)
 5 APPPATH\Controllers\Dashboard.php(110): view('dispChartData')
 6 SYSTEMPATH\CodeIgniter.php(896): App\Controllers\Dashboard->fetchartdata()
 7 SYSTEMPATH\CodeIgniter.php(466): CodeIgniter\CodeIgniter->runController(Object(App\Controllers\Dashboard))
 8 SYSTEMPATH\CodeIgniter.php(349): CodeIgniter\CodeIgniter->handleRequest(null, Object(Config\Cache), false)
 9 FCPATH\index.php(57): CodeIgniter\CodeIgniter->run()
