CRITICAL - 2025-01-18 13:09:17 --> Class "Joomla\CMS\Factory" not found
in APPPATH\Controllers\BaseController.php on line 60.
 1 SYSTEMPATH\CodeIgniter.php(859): App\Controllers\BaseController->initController(Object(CodeIgniter\HTTP\IncomingRequest), Object(CodeIgniter\HTTP\Response), Object(CodeIgniter\Log\Logger))
 2 SYSTEMPATH\CodeIgniter.php(457): CodeIgniter\CodeIgniter->createController()
 3 SYSTEMPATH\CodeIgniter.php(349): CodeIgniter\CodeIgniter->handleRequest(null, Object(Config\Cache), false)
 4 FCPATH\index.php(57): CodeIgniter\CodeIgniter->run()
CRITICAL - 2025-01-18 13:13:10 --> Class "Joomla\CMS\Factory" not found
in APPPATH\Controllers\BaseController.php on line 60.
 1 SYSTEMPATH\CodeIgniter.php(859): App\Controllers\BaseController->initController(Object(CodeIgniter\HTTP\IncomingRequest), Object(CodeIgniter\HTTP\Response), Object(CodeIgniter\Log\Logger))
 2 SYSTEMPATH\CodeIgniter.php(457): CodeIgniter\CodeIgniter->createController()
 3 SYSTEMPATH\CodeIgniter.php(349): CodeIgniter\CodeIgniter->handleRequest(null, Object(Config\Cache), false)
 4 FCPATH\index.php(57): CodeIgniter\CodeIgniter->run()
CRITICAL - 2025-01-18 13:14:10 --> Class "Joomla\CMS\Factory" not found
in APPPATH\Controllers\BaseController.php on line 60.
 1 SYSTEMPATH\CodeIgniter.php(859): App\Controllers\BaseController->initController(Object(CodeIgniter\HTTP\IncomingRequest), Object(CodeIgniter\HTTP\Response), Object(CodeIgniter\Log\Logger))
 2 SYSTEMPATH\CodeIgniter.php(457): CodeIgniter\CodeIgniter->createController()
 3 SYSTEMPATH\CodeIgniter.php(349): CodeIgniter\CodeIgniter->handleRequest(null, Object(Config\Cache), false)
 4 FCPATH\index.php(57): CodeIgniter\CodeIgniter->run()
CRITICAL - 2025-01-18 13:14:11 --> Class "Joomla\CMS\Factory" not found
in APPPATH\Controllers\BaseController.php on line 60.
 1 SYSTEMPATH\CodeIgniter.php(859): App\Controllers\BaseController->initController(Object(CodeIgniter\HTTP\IncomingRequest), Object(CodeIgniter\HTTP\Response), Object(CodeIgniter\Log\Logger))
 2 SYSTEMPATH\CodeIgniter.php(457): CodeIgniter\CodeIgniter->createController()
 3 SYSTEMPATH\CodeIgniter.php(349): CodeIgniter\CodeIgniter->handleRequest(null, Object(Config\Cache), false)
 4 FCPATH\index.php(57): CodeIgniter\CodeIgniter->run()
CRITICAL - 2025-01-18 13:15:02 --> Access denied for user 'ext1'@'102.209.76.19' (using password: YES)
in C:\xampp\htdocs\bmc1\libraries\vendor\joomla\database\src\Mysqli\MysqliDriver.php on line 269.
 1 C:\xampp\htdocs\bmc1\libraries\vendor\joomla\database\src\Mysqli\MysqliDriver.php(269): mysqli->real_connect('197.250.35.156', 'ext1', 'Bugando@Medical#@!2023', null, 3306, null, 0)
 2 C:\xampp\htdocs\bmc1\libraries\vendor\joomla\session\src\Handler\DatabaseHandler.php(233): Joomla\Database\Mysqli\MysqliDriver->connect()
 3 [internal function]: Joomla\Session\Handler\DatabaseHandler->open('C:\\server\\htdocs\\bmc\\public', '0b0bdaa5cae842ad4f8ea26d57018dd8')
 4 C:\xampp\htdocs\bmc1\libraries\vendor\joomla\session\src\Storage\NativeStorage.php(481): session_start()
 5 C:\xampp\htdocs\bmc1\libraries\src\Session\Storage\JoomlaStorage.php(306): Joomla\Session\Storage\NativeStorage->start()
 6 C:\xampp\htdocs\bmc1\libraries\vendor\joomla\session\src\Session.php(406): Joomla\CMS\Session\Storage\JoomlaStorage->start()
 7 C:\xampp\htdocs\bmc1\libraries\vendor\joomla\session\src\Session.php(333): Joomla\Session\Session->start()
 8 C:\xampp\htdocs\bmc1\libraries\src\Session\Session.php(198): Joomla\Session\Session->has('user')
 9 APPPATH\Controllers\BaseController.php(60): Joomla\CMS\Session\Session->get('user')
10 SYSTEMPATH\CodeIgniter.php(859): App\Controllers\BaseController->initController(Object(CodeIgniter\HTTP\IncomingRequest), Object(CodeIgniter\HTTP\Response), Object(CodeIgniter\Log\Logger))
11 SYSTEMPATH\CodeIgniter.php(457): CodeIgniter\CodeIgniter->createController()
12 SYSTEMPATH\CodeIgniter.php(349): CodeIgniter\CodeIgniter->handleRequest(null, Object(Config\Cache), false)
13 FCPATH\index.php(57): CodeIgniter\CodeIgniter->run()
CRITICAL - 2025-01-18 13:26:41 --> Access denied for user 'ext1'@'102.209.76.19' (using password: YES)
in C:\xampp\htdocs\bmc1\libraries\vendor\joomla\database\src\Mysqli\MysqliDriver.php on line 269.
 1 C:\xampp\htdocs\bmc1\libraries\vendor\joomla\database\src\Mysqli\MysqliDriver.php(269): mysqli->real_connect('197.250.35.156', 'ext1', 'Bugando@Medical#@!2023', null, 3306, null, 0)
 2 C:\xampp\htdocs\bmc1\libraries\vendor\joomla\session\src\Handler\DatabaseHandler.php(233): Joomla\Database\Mysqli\MysqliDriver->connect()
 3 [internal function]: Joomla\Session\Handler\DatabaseHandler->open('C:\\server\\htdocs\\bmc\\public', '0b0bdaa5cae842ad4f8ea26d57018dd8')
 4 C:\xampp\htdocs\bmc1\libraries\vendor\joomla\session\src\Storage\NativeStorage.php(481): session_start()
 5 C:\xampp\htdocs\bmc1\libraries\src\Session\Storage\JoomlaStorage.php(306): Joomla\Session\Storage\NativeStorage->start()
 6 C:\xampp\htdocs\bmc1\libraries\vendor\joomla\session\src\Session.php(406): Joomla\CMS\Session\Storage\JoomlaStorage->start()
 7 C:\xampp\htdocs\bmc1\libraries\vendor\joomla\session\src\Session.php(333): Joomla\Session\Session->start()
 8 C:\xampp\htdocs\bmc1\libraries\src\Session\Session.php(198): Joomla\Session\Session->has('user')
 9 APPPATH\Controllers\BaseController.php(60): Joomla\CMS\Session\Session->get('user')
10 SYSTEMPATH\CodeIgniter.php(859): App\Controllers\BaseController->initController(Object(CodeIgniter\HTTP\IncomingRequest), Object(CodeIgniter\HTTP\Response), Object(CodeIgniter\Log\Logger))
11 SYSTEMPATH\CodeIgniter.php(457): CodeIgniter\CodeIgniter->createController()
12 SYSTEMPATH\CodeIgniter.php(349): CodeIgniter\CodeIgniter->handleRequest(null, Object(Config\Cache), false)
13 FCPATH\index.php(57): CodeIgniter\CodeIgniter->run()
CRITICAL - 2025-01-18 13:32:12 --> Access denied for user 'ext1'@'102.209.76.19' (using password: YES)
in C:\xampp\htdocs\bmc1\libraries\vendor\joomla\database\src\Mysqli\MysqliDriver.php on line 269.
 1 C:\xampp\htdocs\bmc1\libraries\vendor\joomla\database\src\Mysqli\MysqliDriver.php(269): mysqli->real_connect('197.250.35.156', 'ext1', 'Bugando@Medical#@!2023', null, 3306, null, 0)
 2 C:\xampp\htdocs\bmc1\libraries\vendor\joomla\session\src\Handler\DatabaseHandler.php(233): Joomla\Database\Mysqli\MysqliDriver->connect()
 3 [internal function]: Joomla\Session\Handler\DatabaseHandler->open('C:\\server\\htdocs\\bmc\\public', '0b0bdaa5cae842ad4f8ea26d57018dd8')
 4 C:\xampp\htdocs\bmc1\libraries\vendor\joomla\session\src\Storage\NativeStorage.php(481): session_start()
 5 C:\xampp\htdocs\bmc1\libraries\src\Session\Storage\JoomlaStorage.php(306): Joomla\Session\Storage\NativeStorage->start()
 6 C:\xampp\htdocs\bmc1\libraries\vendor\joomla\session\src\Session.php(406): Joomla\CMS\Session\Storage\JoomlaStorage->start()
 7 C:\xampp\htdocs\bmc1\libraries\vendor\joomla\session\src\Session.php(333): Joomla\Session\Session->start()
 8 C:\xampp\htdocs\bmc1\libraries\src\Session\Session.php(198): Joomla\Session\Session->has('user')
 9 APPPATH\Controllers\BaseController.php(60): Joomla\CMS\Session\Session->get('user')
10 SYSTEMPATH\CodeIgniter.php(859): App\Controllers\BaseController->initController(Object(CodeIgniter\HTTP\IncomingRequest), Object(CodeIgniter\HTTP\Response), Object(CodeIgniter\Log\Logger))
11 SYSTEMPATH\CodeIgniter.php(457): CodeIgniter\CodeIgniter->createController()
12 SYSTEMPATH\CodeIgniter.php(349): CodeIgniter\CodeIgniter->handleRequest(null, Object(Config\Cache), false)
13 FCPATH\index.php(57): CodeIgniter\CodeIgniter->run()
