CRITICAL - 2023-11-01 15:27:17 --> Attempt to read property "newUserRecordLabelHeader" on array
in APPPATH/Views/popUserNew.php on line 6.
 1 APPPATH/Views/popUserNew.php(6): CodeIgniter\Debug\Exceptions->errorHandler()
 2 SYSTEMPATH/View/View.php(213): include('APPPATH/Views/popUserNew.php')
 3 SYSTEMPATH/View/View.php(216): CodeIgniter\View\View->CodeIgniter\View\{closure}()
 4 SYSTEMPATH/Common.php(1135): CodeIgniter\View\View->render()
 5 APPPATH/Controllers/Dashboard.php(118): view()
 6 SYSTEMPATH/CodeIgniter.php(896): App\Controllers\Dashboard->fetchnewuserform()
 7 SYSTEMPATH/CodeIgniter.php(466): CodeIgniter\CodeIgniter->runController()
 8 SYSTEMPATH/CodeIgniter.php(349): CodeIgniter\CodeIgniter->handleRequest()
 9 FCPATH/index.php(57): CodeIgniter\CodeIgniter->run()
CRITICAL - 2023-11-01 17:50:17 --> require_once(/var/www/html/bmc/ci/app/Views/report_display.php): Failed to open stream: Permission denied
in APPPATH/Views/report.php on line 64.
 1 APPPATH/Views/report.php(64): CodeIgniter\Debug\Exceptions->errorHandler()
 2 APPPATH/Views/report.php(64): require_once()
 3 SYSTEMPATH/View/View.php(213): include('APPPATH/Views/report.php')
 4 SYSTEMPATH/View/View.php(216): CodeIgniter\View\View->CodeIgniter\View\{closure}()
 5 SYSTEMPATH/Common.php(1135): CodeIgniter\View\View->render()
 6 APPPATH/Controllers/Dashboard.php(24): view()
 7 SYSTEMPATH/CodeIgniter.php(896): App\Controllers\Dashboard->reports()
 8 SYSTEMPATH/CodeIgniter.php(466): CodeIgniter\CodeIgniter->runController()
 9 SYSTEMPATH/CodeIgniter.php(349): CodeIgniter\CodeIgniter->handleRequest()
10 FCPATH/index.php(57): CodeIgniter\CodeIgniter->run()
